Copyright 1986-2022 Xilinx, Inc. All Rights Reserved. Copyright 2022-2025 Advanced Micro Devices, Inc. All Rights Reserved.
---------------------------------------------------------------------------------------------------------------------------------------------
| Tool Version : Vivado v.2025.2 (lin64) Build 6299465 Fri Nov 14 12:34:56 MST 2025
| Date         : Tue Jul 28 00:46:20 2026
| Host         : dilshanpathegamage-Aspire-E5-575G running 64-bit Ubuntu 24.04.3 LTS
| Command      : report_timing_summary -file timing.rpt
| Design       : aimt_scheduler
| Device       : 7a100t-csg324
| Speed File   : -1  PRODUCTION 1.23 2018-06-13
| Design State : Optimized
---------------------------------------------------------------------------------------------------------------------------------------------

Timing Summary Report

------------------------------------------------------------------------------------------------
| Timer Settings
| --------------
------------------------------------------------------------------------------------------------

  Enable Multi Corner Analysis               :  Yes
  Enable Pessimism Removal                   :  Yes
  Pessimism Removal Resolution               :  Nearest Common Node
  Enable Input Delay Default Clock           :  No
  Enable Preset / Clear Arcs                 :  No
  Disable Flight Delays                      :  No
  Ignore I/O Paths                           :  No
  Timing Early Launch at Borrowing Latches   :  No
  Borrow Time for Max Delay Exceptions       :  Yes
  Merge Timing Exceptions                    :  Yes
  Inter-SLR Compensation                     :  Conservative

  Corner  Analyze    Analyze    
  Name    Max Paths  Min Paths  
  ------  ---------  ---------  
  Slow    Yes        Yes        
  Fast    Yes        Yes        


------------------------------------------------------------------------------------------------
| Report Methodology
| ------------------
------------------------------------------------------------------------------------------------

No report available as report_methodology has not been run prior. Run report_methodology on the current design for the summary of methodology violations.



check_timing report

Table of Contents
-----------------
1. checking no_clock (0)
2. checking constant_clock (0)
3. checking pulse_width_clock (0)
4. checking unconstrained_internal_endpoints (0)
5. checking no_input_delay (184)
6. checking no_output_delay (91)
7. checking multiple_clock (0)
8. checking generated_clocks (0)
9. checking loops (0)
10. checking partial_input_delay (0)
11. checking partial_output_delay (0)
12. checking latch_loops (0)

1. checking no_clock (0)
------------------------
 There are 0 register/latch pins with no clock.


2. checking constant_clock (0)
------------------------------
 There are 0 register/latch pins with constant_clock.


3. checking pulse_width_clock (0)
---------------------------------
 There are 0 register/latch pins which need pulse_width check


4. checking unconstrained_internal_endpoints (0)
------------------------------------------------
 There are 0 pins that are not constrained for maximum delay.

 There are 0 pins that are not constrained for maximum delay due to constant clock.


5. checking no_input_delay (184)
--------------------------------
 There are 184 input ports with no input delay specified. (HIGH)

 There are 0 input ports with no input delay but user has a false path constraint.


6. checking no_output_delay (91)
--------------------------------
 There are 91 ports with no output delay specified. (HIGH)

 There are 0 ports with no output delay but user has a false path constraint

 There are 0 ports with no output delay but with a timing clock defined on it or propagating through it


7. checking multiple_clock (0)
------------------------------
 There are 0 register/latch pins with multiple clocks.


8. checking generated_clocks (0)
--------------------------------
 There are 0 generated clocks that are not connected to a clock source.


9. checking loops (0)
---------------------
 There are 0 combinational loops in the design.


10. checking partial_input_delay (0)
------------------------------------
 There are 0 input ports with partial input delay specified.


11. checking partial_output_delay (0)
-------------------------------------
 There are 0 ports with partial output delay specified.


12. checking latch_loops (0)
----------------------------
 There are 0 combinational latch loops in the design through latch input



------------------------------------------------------------------------------------------------
| Design Timing Summary
| ---------------------
------------------------------------------------------------------------------------------------

    WNS(ns)      TNS(ns)  TNS Failing Endpoints  TNS Total Endpoints      WHS(ns)      THS(ns)  THS Failing Endpoints  THS Total Endpoints     WPWS(ns)     TPWS(ns)  TPWS Failing Endpoints  TPWS Total Endpoints  
    -------      -------  ---------------------  -------------------      -------      -------  ---------------------  -------------------     --------     --------  ----------------------  --------------------  
     -1.540     -237.204                    158                 1776        0.191        0.000                      0                 1776        4.500        0.000                       0                  6565  


Timing constraints are not met.


------------------------------------------------------------------------------------------------
| Clock Summary
| -------------
------------------------------------------------------------------------------------------------

Clock  Waveform(ns)       Period(ns)      Frequency(MHz)
-----  ------------       ----------      --------------
clk    {0.000 5.000}      10.000          100.000         


------------------------------------------------------------------------------------------------
| Intra Clock Table
| -----------------
------------------------------------------------------------------------------------------------

Clock             WNS(ns)      TNS(ns)  TNS Failing Endpoints  TNS Total Endpoints      WHS(ns)      THS(ns)  THS Failing Endpoints  THS Total Endpoints     WPWS(ns)     TPWS(ns)  TPWS Failing Endpoints  TPWS Total Endpoints  
-----             -------      -------  ---------------------  -------------------      -------      -------  ---------------------  -------------------     --------     --------  ----------------------  --------------------  
clk                -1.540     -237.204                    158                 1776        0.191        0.000                      0                 1776        4.500        0.000                       0                  6565  


------------------------------------------------------------------------------------------------
| Inter Clock Table
| -----------------
------------------------------------------------------------------------------------------------

From Clock    To Clock          WNS(ns)      TNS(ns)  TNS Failing Endpoints  TNS Total Endpoints      WHS(ns)      THS(ns)  THS Failing Endpoints  THS Total Endpoints  
----------    --------          -------      -------  ---------------------  -------------------      -------      -------  ---------------------  -------------------  


------------------------------------------------------------------------------------------------
| Other Path Groups Table
| -----------------------
------------------------------------------------------------------------------------------------

Path Group    From Clock    To Clock          WNS(ns)      TNS(ns)  TNS Failing Endpoints  TNS Total Endpoints      WHS(ns)      THS(ns)  THS Failing Endpoints  THS Total Endpoints  
----------    ----------    --------          -------      -------  ---------------------  -------------------      -------      -------  ---------------------  -------------------  


------------------------------------------------------------------------------------------------
| Timing Details
| --------------
------------------------------------------------------------------------------------------------


---------------------------------------------------------------------------------------------------
From Clock:  clk
  To Clock:  clk

Setup :          158  Failing Endpoints,  Worst Slack       -1.540ns,  Total Violation     -237.204ns
Hold  :            0  Failing Endpoints,  Worst Slack        0.191ns,  Total Violation        0.000ns
PW    :            0  Failing Endpoints,  Worst Slack        4.500ns,  Total Violation        0.000ns
---------------------------------------------------------------------------------------------------


Max Delay Paths
--------------------------------------------------------------------------------------
Slack (VIOLATED) :        -1.540ns  (required time - arrival time)
  Source:                 mt_cq_reg[23][0]/C
                            (rising edge-triggered cell FDRE clocked by clk  {rise@0.000ns fall@5.000ns period=10.000ns})
  Destination:            mt_cq_cnt_reg[5]/D
                            (rising edge-triggered cell FDCE clocked by clk  {rise@0.000ns fall@5.000ns period=10.000ns})
  Path Group:             clk
  Path Type:              Setup (Max at Slow Process Corner)
  Requirement:            10.000ns  (clk rise@10.000ns - clk rise@0.000ns)
  Data Path Delay:        11.565ns  (logic 5.630ns (48.681%)  route 5.935ns (51.319%))
  Logic Levels:           22  (CARRY4=11 LUT3=1 LUT4=2 LUT6=6 MUXF7=2)
  Clock Path Skew:        -0.049ns (DCD - SCD + CPR)
    Destination Clock Delay (DCD):    0.924ns = ( 10.924 - 10.000 ) 
    Source Clock Delay      (SCD):    0.973ns
    Clock Pessimism Removal (CPR):    0.000ns
  Clock Uncertainty:      0.035ns  ((TSJ^2 + TIJ^2)^1/2 + DJ) / 2 + PE
    Total System Jitter     (TSJ):    0.071ns
    Total Input Jitter      (TIJ):    0.000ns
    Discrete Jitter          (DJ):    0.000ns
    Phase Error              (PE):    0.000ns

    Location             Delay type                Incr(ns)  Path(ns)    Netlist Resource(s)
  -------------------------------------------------------------------    -------------------
                         (clock clk rise edge)        0.000     0.000 r  
                                                      0.000     0.000 r  clk (IN)
                         net (fo=6564, unset)         0.973     0.973    clk
                         FDRE                                         r  mt_cq_reg[23][0]/C
  -------------------------------------------------------------------    -------------------
                         FDRE (Prop_fdre_C_Q)         0.478     1.451 r  mt_cq_reg[23][0]/Q
                         net (fo=1, unplaced)         0.965     2.416    mt_cq_reg[23][0]
                         LUT6 (Prop_lut6_I0_O)        0.295     2.711 r  mt_active_layer[0]_i_9/O
                         net (fo=1, unplaced)         0.000     2.711    mt_active_layer[0]_i_9_n_0
                         MUXF7 (Prop_muxf7_I1_O)      0.247     2.958 r  mt_active_layer_reg[0]_i_3/O
                         net (fo=9, unplaced)         0.776     3.734    mt_active_layer_reg[0]_i_3_n_0
                         LUT6 (Prop_lut6_I1_O)        0.298     4.032 r  avail_mem_reg[7]_i_281/O
                         net (fo=128, unplaced)       0.555     4.587    avail_mem_reg[7]_i_281_n_0
                         LUT6 (Prop_lut6_I4_O)        0.124     4.711 r  avail_mem_reg[3]_i_204/O
                         net (fo=1, unplaced)         0.000     4.711    avail_mem_reg[3]_i_204_n_0
                         MUXF7 (Prop_muxf7_I1_O)      0.247     4.958 r  avail_mem_reg_reg[3]_i_86/O
                         net (fo=1, unplaced)         0.735     5.693    avail_mem_reg_reg[3]_i_86_n_0
                         LUT6 (Prop_lut6_I1_O)        0.298     5.991 r  avail_mem_reg[3]_i_30/O
                         net (fo=2, unplaced)         0.743     6.734    avail_mem_reg[3]_i_30_n_0
                         LUT3 (Prop_lut3_I0_O)        0.124     6.858 r  avail_mem_reg[3]_i_11/O
                         net (fo=2, unplaced)         0.460     7.318    avail_mem_reg[3]_i_11_n_0
                         LUT4 (Prop_lut4_I3_O)        0.124     7.442 r  avail_mem_reg[3]_i_14/O
                         net (fo=1, unplaced)         0.000     7.442    avail_mem_reg[3]_i_14_n_0
                         CARRY4 (Prop_carry4_S[1]_CO[3])
                                                      0.533     7.975 r  avail_mem_reg_reg[3]_i_7/CO[3]
                         net (fo=1, unplaced)         0.000     7.975    avail_mem_reg_reg[3]_i_7_n_0
                         CARRY4 (Prop_carry4_CI_CO[3])
                                                      0.117     8.092 r  avail_mem_reg_reg[7]_i_6/CO[3]
                         net (fo=1, unplaced)         0.000     8.092    avail_mem_reg_reg[7]_i_6_n_0
                         CARRY4 (Prop_carry4_CI_CO[3])
                                                      0.117     8.209 r  avail_mem_reg_reg[11]_i_6/CO[3]
                         net (fo=1, unplaced)         0.000     8.209    avail_mem_reg_reg[11]_i_6_n_0
                         CARRY4 (Prop_carry4_CI_CO[3])
                                                      0.117     8.326 r  avail_mem_reg_reg[15]_i_6/CO[3]
                         net (fo=1, unplaced)         0.000     8.326    avail_mem_reg_reg[15]_i_6_n_0
                         CARRY4 (Prop_carry4_CI_CO[3])
                                                      0.117     8.443 r  avail_mem_reg_reg[19]_i_6/CO[3]
                         net (fo=1, unplaced)         0.000     8.443    avail_mem_reg_reg[19]_i_6_n_0
                         CARRY4 (Prop_carry4_CI_CO[3])
                                                      0.117     8.560 r  avail_mem_reg_reg[23]_i_6/CO[3]
                         net (fo=1, unplaced)         0.000     8.560    avail_mem_reg_reg[23]_i_6_n_0
                         CARRY4 (Prop_carry4_CI_CO[3])
                                                      0.117     8.677 r  avail_mem_reg_reg[27]_i_6/CO[3]
                         net (fo=1, unplaced)         0.000     8.677    avail_mem_reg_reg[27]_i_6_n_0
                         CARRY4 (Prop_carry4_CI_O[3])
                                                      0.331     9.008 f  avail_mem_reg_reg[31]_i_8/O[3]
                         net (fo=3, unplaced)         0.466     9.474    avail_mem_reg_reg[31]_i_8_n_4
                         LUT4 (Prop_lut4_I2_O)        0.302     9.776 r  mt_active_i_32/O
                         net (fo=1, unplaced)         0.000     9.776    mt_active_i_32_n_0
                         CARRY4 (Prop_carry4_DI[3]_CO[3])
                                                      0.429    10.205 r  mt_active_reg_i_9/CO[3]
                         net (fo=1, unplaced)         0.748    10.953    avail_mem_reg1
                         LUT6 (Prop_lut6_I5_O)        0.124    11.077 r  mt_active_i_3/O
                         net (fo=8, unplaced)         0.487    11.564    avail_mem_reg0
                         LUT6 (Prop_lut6_I2_O)        0.124    11.688 r  mt_cq_cnt[3]_i_7/O
                         net (fo=1, unplaced)         0.000    11.688    mt_cq_cnt[3]_i_7_n_0
                         CARRY4 (Prop_carry4_S[0]_CO[3])
                                                      0.513    12.201 r  mt_cq_cnt_reg[3]_i_1/CO[3]
                         net (fo=1, unplaced)         0.000    12.201    mt_cq_cnt_reg[3]_i_1_n_0
                         CARRY4 (Prop_carry4_CI_O[1])
                                                      0.337    12.538 r  mt_cq_cnt_reg[5]_i_1/O[1]
                         net (fo=1, unplaced)         0.000    12.538    mt_cq_cnt_reg[5]_i_1_n_6
                         FDCE                                         r  mt_cq_cnt_reg[5]/D
  -------------------------------------------------------------------    -------------------

                         (clock clk rise edge)       10.000    10.000 r  
                                                      0.000    10.000 r  clk (IN)
                         net (fo=6564, unset)         0.924    10.924    clk
                         FDCE                                         r  mt_cq_cnt_reg[5]/C
                         clock pessimism              0.000    10.924    
                         clock uncertainty           -0.035    10.889    
                         FDCE (Setup_fdce_C_D)        0.109    10.998    mt_cq_cnt_reg[5]
  -------------------------------------------------------------------
                         required time                         10.998    
                         arrival time                         -12.538    
  -------------------------------------------------------------------
                         slack                                 -1.540    





Min Delay Paths
--------------------------------------------------------------------------------------
Slack (MET) :             0.191ns  (arrival time - required time)
  Source:                 avail_mem_reg_reg[10]/C
                            (rising edge-triggered cell FDCE clocked by clk  {rise@0.000ns fall@5.000ns period=10.000ns})
  Destination:            avail_mem_reg_reg[11]/D
                            (rising edge-triggered cell FDCE clocked by clk  {rise@0.000ns fall@5.000ns period=10.000ns})
  Path Group:             clk
  Path Type:              Hold (Min at Fast Process Corner)
  Requirement:            0.000ns  (clk rise@0.000ns - clk rise@0.000ns)
  Data Path Delay:        0.347ns  (logic 0.256ns (73.765%)  route 0.091ns (26.235%))
  Logic Levels:           1  (CARRY4=1)
  Clock Path Skew:        0.022ns (DCD - SCD - CPR)
    Destination Clock Delay (DCD):    0.432ns
    Source Clock Delay      (SCD):    0.410ns
    Clock Pessimism Removal (CPR):    -0.000ns

    Location             Delay type                Incr(ns)  Path(ns)    Netlist Resource(s)
  -------------------------------------------------------------------    -------------------
                         (clock clk rise edge)        0.000     0.000 r  
                                                      0.000     0.000 r  clk (IN)
                         net (fo=6564, unset)         0.410     0.410    clk
                         FDCE                                         r  avail_mem_reg_reg[10]/C
  -------------------------------------------------------------------    -------------------
                         FDCE (Prop_fdce_C_Q)         0.164     0.574 r  avail_mem_reg_reg[10]/Q
                         net (fo=4, unplaced)         0.091     0.665    available_memory[10]
                         CARRY4 (Prop_carry4_DI[2]_O[3])
                                                      0.092     0.757 r  avail_mem_reg_reg[11]_i_1/O[3]
                         net (fo=1, unplaced)         0.000     0.757    avail_mem_reg[11]
                         FDCE                                         r  avail_mem_reg_reg[11]/D
  -------------------------------------------------------------------    -------------------

                         (clock clk rise edge)        0.000     0.000 r  
                                                      0.000     0.000 r  clk (IN)
                         net (fo=6564, unset)         0.432     0.432    clk
                         FDCE                                         r  avail_mem_reg_reg[11]/C
                         clock pessimism              0.000     0.432    
                         FDCE (Hold_fdce_C_D)         0.134     0.566    avail_mem_reg_reg[11]
  -------------------------------------------------------------------
                         required time                         -0.566    
                         arrival time                           0.757    
  -------------------------------------------------------------------
                         slack                                  0.191    





Pulse Width Checks
--------------------------------------------------------------------------------------
Clock Name:         clk
Waveform(ns):       { 0.000 5.000 }
Period(ns):         10.000
Sources:            { clk }

Check Type        Corner  Lib Pin  Reference Pin  Required(ns)  Actual(ns)  Slack(ns)  Location  Pin
Min Period        n/a     FDCE/C   n/a            1.000         10.000      9.000                avail_mem_reg_reg[0]/C
Low Pulse Width   Slow    FDCE/C   n/a            0.500         5.000       4.500                avail_mem_reg_reg[0]/C
High Pulse Width  Slow    FDCE/C   n/a            0.500         5.000       4.500                avail_mem_reg_reg[0]/C



