
****** Vivado v2025.2 (64-bit)
  **** SW Build 6299465 on Fri Nov 14 12:34:56 MST 2025
  **** IP Build 6300035 on Fri Nov 14 10:48:45 MST 2025
  **** SharedData Build 6298862 on Thu Nov 13 04:50:51 MST 2025
  **** Start of session at: Tue Jul 28 00:44:02 2026
    ** Copyright 1986-2022 Xilinx, Inc. All Rights Reserved.
    ** Copyright 2022-2025 Advanced Micro Devices, Inc. All Rights Reserved.

source run.tcl
# create_project -part xc7a100tcsg324-1 -in_memory sched_probe
create_project: Time (s): cpu = 00:00:19 ; elapsed = 00:00:06 . Memory (MB): peak = 1611.270 ; gain = 101.059 ; free physical = 7484 ; free virtual = 14437
# read_verilog -sv aimt_scheduler.sv
# read_xdc c.xdc
# synth_design -top aimt_scheduler -part xc7a100tcsg324-1 -mode out_of_context 
Command: synth_design -top aimt_scheduler -part xc7a100tcsg324-1 -mode out_of_context
Starting synth_design
Attempting to get a license for feature 'Synthesis' and/or device 'xc7a100t'
INFO: [Common 17-349] Got license for feature 'Synthesis' and/or device 'xc7a100t'
INFO: [Device 21-403] Loading part xc7a100tcsg324-1
INFO: [Synth 8-7079] Multithreading enabled for synth_design using a maximum of 7 processes.
INFO: [Synth 8-7078] Launching helper process for spawning children vivado processes
INFO: [Synth 8-7075] Helper process launched with PID 25021
---------------------------------------------------------------------------------
Starting RTL Elaboration : Time (s): cpu = 00:00:06 ; elapsed = 00:00:06 . Memory (MB): peak = 2242.574 ; gain = 483.188 ; free physical = 6467 ; free virtual = 13431
---------------------------------------------------------------------------------
INFO: [Synth 8-6157] synthesizing module 'aimt_scheduler' [/tmp/sched_synth_AIMT_7r4npxzp/aimt_scheduler.sv:19]
INFO: [Synth 8-6155] done synthesizing module 'aimt_scheduler' (0#1) [/tmp/sched_synth_AIMT_7r4npxzp/aimt_scheduler.sv:19]
WARNING: [Synth 8-6014] Unused sequential element total_layers_reg was removed.  [/tmp/sched_synth_AIMT_7r4npxzp/aimt_scheduler.sv:144]
WARNING: [Synth 8-7137] Register mt_active_reg in module aimt_scheduler has both Set and reset with same priority. This may cause simulation mismatches. Consider rewriting code  [/tmp/sched_synth_AIMT_7r4npxzp/aimt_scheduler.sv:195]
WARNING: [Synth 8-7137] Register mt_active_layer_reg in module aimt_scheduler has both Set and reset with same priority. This may cause simulation mismatches. Consider rewriting code  [/tmp/sched_synth_AIMT_7r4npxzp/aimt_scheduler.sv:238]
WARNING: [Synth 8-7137] Register mt_valid_reg in module aimt_scheduler has both Set and reset with same priority. This may cause simulation mismatches. Consider rewriting code  [/tmp/sched_synth_AIMT_7r4npxzp/aimt_scheduler.sv:239]
WARNING: [Synth 8-7137] Register mt_layer_id_reg in module aimt_scheduler has both Set and reset with same priority. This may cause simulation mismatches. Consider rewriting code  [/tmp/sched_synth_AIMT_7r4npxzp/aimt_scheduler.sv:240]
WARNING: [Synth 8-7137] Register mt_dnn_id_reg in module aimt_scheduler has both Set and reset with same priority. This may cause simulation mismatches. Consider rewriting code  [/tmp/sched_synth_AIMT_7r4npxzp/aimt_scheduler.sv:241]
WARNING: [Synth 8-7137] Register ct_active_reg in module aimt_scheduler has both Set and reset with same priority. This may cause simulation mismatches. Consider rewriting code  [/tmp/sched_synth_AIMT_7r4npxzp/aimt_scheduler.sv:269]
WARNING: [Synth 8-7137] Register ct_active_layer_reg in module aimt_scheduler has both Set and reset with same priority. This may cause simulation mismatches. Consider rewriting code  [/tmp/sched_synth_AIMT_7r4npxzp/aimt_scheduler.sv:305]
WARNING: [Synth 8-7137] Register ct_valid_reg in module aimt_scheduler has both Set and reset with same priority. This may cause simulation mismatches. Consider rewriting code  [/tmp/sched_synth_AIMT_7r4npxzp/aimt_scheduler.sv:306]
WARNING: [Synth 8-7137] Register ct_layer_id_reg in module aimt_scheduler has both Set and reset with same priority. This may cause simulation mismatches. Consider rewriting code  [/tmp/sched_synth_AIMT_7r4npxzp/aimt_scheduler.sv:307]
WARNING: [Synth 8-7137] Register ct_dnn_id_reg in module aimt_scheduler has both Set and reset with same priority. This may cause simulation mismatches. Consider rewriting code  [/tmp/sched_synth_AIMT_7r4npxzp/aimt_scheduler.sv:308]
WARNING: [Synth 8-7137] Register mt_cq_reg in module aimt_scheduler has both Set and reset with same priority. This may cause simulation mismatches. Consider rewriting code 
WARNING: [Synth 8-7137] Register ct_cq_reg in module aimt_scheduler has both Set and reset with same priority. This may cause simulation mismatches. Consider rewriting code 
WARNING: [Synth 8-7137] Register sct_q_reg in module aimt_scheduler has both Set and reset with same priority. This may cause simulation mismatches. Consider rewriting code 
WARNING: [Synth 8-4767] Trying to implement RAM 'ct_cq_reg' in registers. Block RAM or DRAM implementation is not possible; see log for reasons. [/tmp/sched_synth_AIMT_7r4npxzp/aimt_scheduler.sv:274]
Reason is one or more of the following :
	1: RAM is sensitive to asynchronous reset signal. this RTL style is not supported. 
WARNING: [Synth 8-4767] Trying to implement RAM 'mt_cq_reg' in registers. Block RAM or DRAM implementation is not possible; see log for reasons. [/tmp/sched_synth_AIMT_7r4npxzp/aimt_scheduler.sv:200]
Reason is one or more of the following :
	1: RAM is sensitive to asynchronous reset signal. this RTL style is not supported. 
WARNING: [Synth 8-4767] Trying to implement RAM 'sct_q_reg' in registers. Block RAM or DRAM implementation is not possible; see log for reasons. [/tmp/sched_synth_AIMT_7r4npxzp/aimt_scheduler.sv:305]
Reason is one or more of the following :
	1: RAM is sensitive to asynchronous reset signal. this RTL style is not supported. 
WARNING: [Synth 8-7129] Port st_total_layers[7] in module aimt_scheduler is either unconnected or has no load
WARNING: [Synth 8-7129] Port st_total_layers[6] in module aimt_scheduler is either unconnected or has no load
WARNING: [Synth 8-7129] Port st_total_layers[5] in module aimt_scheduler is either unconnected or has no load
WARNING: [Synth 8-7129] Port st_total_layers[4] in module aimt_scheduler is either unconnected or has no load
WARNING: [Synth 8-7129] Port st_total_layers[3] in module aimt_scheduler is either unconnected or has no load
WARNING: [Synth 8-7129] Port st_total_layers[2] in module aimt_scheduler is either unconnected or has no load
WARNING: [Synth 8-7129] Port st_total_layers[1] in module aimt_scheduler is either unconnected or has no load
WARNING: [Synth 8-7129] Port st_total_layers[0] in module aimt_scheduler is either unconnected or has no load
---------------------------------------------------------------------------------
Finished RTL Elaboration : Time (s): cpu = 00:00:09 ; elapsed = 00:00:10 . Memory (MB): peak = 2363.543 ; gain = 604.156 ; free physical = 6298 ; free virtual = 13265
---------------------------------------------------------------------------------
---------------------------------------------------------------------------------
Start Handling Custom Attributes
---------------------------------------------------------------------------------
---------------------------------------------------------------------------------
Finished Handling Custom Attributes : Time (s): cpu = 00:00:10 ; elapsed = 00:00:10 . Memory (MB): peak = 2366.512 ; gain = 607.125 ; free physical = 6287 ; free virtual = 13253
---------------------------------------------------------------------------------
---------------------------------------------------------------------------------
Finished RTL Optimization Phase 1 : Time (s): cpu = 00:00:10 ; elapsed = 00:00:10 . Memory (MB): peak = 2366.512 ; gain = 607.125 ; free physical = 6287 ; free virtual = 13253
---------------------------------------------------------------------------------
Netlist sorting complete. Time (s): cpu = 00:00:00.1 ; elapsed = 00:00:00.1 . Memory (MB): peak = 2366.512 ; gain = 0.000 ; free physical = 6297 ; free virtual = 13263
INFO: [Project 1-570] Preparing netlist for logic optimization

Processing XDC Constraints
Initializing timing engine
Parsing XDC File [/tmp/sched_synth_AIMT_7r4npxzp/c.xdc]
Finished Parsing XDC File [/tmp/sched_synth_AIMT_7r4npxzp/c.xdc]
Completed Processing XDC Constraints

Netlist sorting complete. Time (s): cpu = 00:00:00 ; elapsed = 00:00:00.01 . Memory (MB): peak = 2462.977 ; gain = 0.000 ; free physical = 6313 ; free virtual = 13274
INFO: [Project 1-111] Unisim Transformation Summary:
No Unisim elements were transformed.

Constraint Validation Runtime : Time (s): cpu = 00:00:00.13 ; elapsed = 00:00:00.11 . Memory (MB): peak = 2463.012 ; gain = 0.000 ; free physical = 6313 ; free virtual = 13293
---------------------------------------------------------------------------------
Finished Constraint Validation : Time (s): cpu = 00:00:20 ; elapsed = 00:00:21 . Memory (MB): peak = 2463.012 ; gain = 703.625 ; free physical = 6348 ; free virtual = 13334
---------------------------------------------------------------------------------
---------------------------------------------------------------------------------
Start Loading Part and Timing Information
---------------------------------------------------------------------------------
Loading part: xc7a100tcsg324-1
---------------------------------------------------------------------------------
Finished Loading Part and Timing Information : Time (s): cpu = 00:00:20 ; elapsed = 00:00:21 . Memory (MB): peak = 2470.980 ; gain = 711.594 ; free physical = 6348 ; free virtual = 13334
---------------------------------------------------------------------------------
---------------------------------------------------------------------------------
Start Applying 'set_property' XDC Constraints
---------------------------------------------------------------------------------
---------------------------------------------------------------------------------
Finished applying 'set_property' XDC Constraints : Time (s): cpu = 00:00:20 ; elapsed = 00:00:21 . Memory (MB): peak = 2470.980 ; gain = 711.594 ; free physical = 6348 ; free virtual = 13334
---------------------------------------------------------------------------------
---------------------------------------------------------------------------------
Finished RTL Optimization Phase 2 : Time (s): cpu = 00:00:22 ; elapsed = 00:00:23 . Memory (MB): peak = 2470.980 ; gain = 711.594 ; free physical = 6348 ; free virtual = 13351
---------------------------------------------------------------------------------
---------------------------------------------------------------------------------
Start RTL Component Statistics 
---------------------------------------------------------------------------------
Detailed RTL Component Info : 
+---Adders : 
	   3 Input   33 Bit       Adders := 2     
	   3 Input   32 Bit       Adders := 3     
	   2 Input   32 Bit       Adders := 1     
	   2 Input    6 Bit       Adders := 6     
	   4 Input    6 Bit       Adders := 3     
+---Registers : 
	               33 Bit    Registers := 2     
	               32 Bit    Registers := 162   
	                8 Bit    Registers := 130   
	                6 Bit    Registers := 9     
	                4 Bit    Registers := 34    
	                1 Bit    Registers := 35    
+---Muxes : 
	   2 Input   33 Bit        Muxes := 2     
	   2 Input   32 Bit        Muxes := 2     
	   2 Input    8 Bit        Muxes := 1     
	   2 Input    1 Bit        Muxes := 103   
---------------------------------------------------------------------------------
Finished RTL Component Statistics 
---------------------------------------------------------------------------------
---------------------------------------------------------------------------------
Start Part Resource Summary
---------------------------------------------------------------------------------
Part Resources:
DSPs: 240 (col length:80)
BRAMs: 270 (col length: RAMB18 80 RAMB36 40)
---------------------------------------------------------------------------------
Finished Part Resource Summary
---------------------------------------------------------------------------------
---------------------------------------------------------------------------------
Start Cross Boundary and Area Optimization
---------------------------------------------------------------------------------
WARNING: [Synth 8-7129] Port st_total_layers[7] in module aimt_scheduler is either unconnected or has no load
WARNING: [Synth 8-7129] Port st_total_layers[6] in module aimt_scheduler is either unconnected or has no load
WARNING: [Synth 8-7129] Port st_total_layers[5] in module aimt_scheduler is either unconnected or has no load
WARNING: [Synth 8-7129] Port st_total_layers[4] in module aimt_scheduler is either unconnected or has no load
WARNING: [Synth 8-7129] Port st_total_layers[3] in module aimt_scheduler is either unconnected or has no load
WARNING: [Synth 8-7129] Port st_total_layers[2] in module aimt_scheduler is either unconnected or has no load
WARNING: [Synth 8-7129] Port st_total_layers[1] in module aimt_scheduler is either unconnected or has no load
WARNING: [Synth 8-7129] Port st_total_layers[0] in module aimt_scheduler is either unconnected or has no load
CRITICAL WARNING: [Synth 8-6859] multi-driven net on pin Q with 1st driver pin 'sched_table_reg[31][mem_access_done_flag]__0/Q' [/tmp/sched_synth_AIMT_7r4npxzp/aimt_scheduler.sv:143]
CRITICAL WARNING: [Synth 8-6859] multi-driven net on pin Q with 2nd driver pin 'GND' [/tmp/sched_synth_AIMT_7r4npxzp/aimt_scheduler.sv:143]
CRITICAL WARNING: [Synth 8-6858] multi-driven net Q is connected to at least one constant driver which has been preserved, other driver is ignored [/tmp/sched_synth_AIMT_7r4npxzp/aimt_scheduler.sv:143]
CRITICAL WARNING: [Synth 8-6859] multi-driven net on pin Q with 1st driver pin 'sched_table_reg[30][mem_access_done_flag]__0/Q' [/tmp/sched_synth_AIMT_7r4npxzp/aimt_scheduler.sv:143]
CRITICAL WARNING: [Synth 8-6859] multi-driven net on pin Q with 2nd driver pin 'GND' [/tmp/sched_synth_AIMT_7r4npxzp/aimt_scheduler.sv:143]
CRITICAL WARNING: [Synth 8-6858] multi-driven net Q is connected to at least one constant driver which has been preserved, other driver is ignored [/tmp/sched_synth_AIMT_7r4npxzp/aimt_scheduler.sv:143]
CRITICAL WARNING: [Synth 8-6859] multi-driven net on pin Q with 1st driver pin 'sched_table_reg[29][mem_access_done_flag]__0/Q' [/tmp/sched_synth_AIMT_7r4npxzp/aimt_scheduler.sv:143]
CRITICAL WARNING: [Synth 8-6859] multi-driven net on pin Q with 2nd driver pin 'GND' [/tmp/sched_synth_AIMT_7r4npxzp/aimt_scheduler.sv:143]
CRITICAL WARNING: [Synth 8-6858] multi-driven net Q is connected to at least one constant driver which has been preserved, other driver is ignored [/tmp/sched_synth_AIMT_7r4npxzp/aimt_scheduler.sv:143]
CRITICAL WARNING: [Synth 8-6859] multi-driven net on pin Q with 1st driver pin 'sched_table_reg[28][mem_access_done_flag]__0/Q' [/tmp/sched_synth_AIMT_7r4npxzp/aimt_scheduler.sv:143]
CRITICAL WARNING: [Synth 8-6859] multi-driven net on pin Q with 2nd driver pin 'GND' [/tmp/sched_synth_AIMT_7r4npxzp/aimt_scheduler.sv:143]
CRITICAL WARNING: [Synth 8-6858] multi-driven net Q is connected to at least one constant driver which has been preserved, other driver is ignored [/tmp/sched_synth_AIMT_7r4npxzp/aimt_scheduler.sv:143]
CRITICAL WARNING: [Synth 8-6859] multi-driven net on pin Q with 1st driver pin 'sched_table_reg[27][mem_access_done_flag]__0/Q' [/tmp/sched_synth_AIMT_7r4npxzp/aimt_scheduler.sv:143]
CRITICAL WARNING: [Synth 8-6859] multi-driven net on pin Q with 2nd driver pin 'GND' [/tmp/sched_synth_AIMT_7r4npxzp/aimt_scheduler.sv:143]
CRITICAL WARNING: [Synth 8-6858] multi-driven net Q is connected to at least one constant driver which has been preserved, other driver is ignored [/tmp/sched_synth_AIMT_7r4npxzp/aimt_scheduler.sv:143]
CRITICAL WARNING: [Synth 8-6859] multi-driven net on pin Q with 1st driver pin 'sched_table_reg[26][mem_access_done_flag]__0/Q' [/tmp/sched_synth_AIMT_7r4npxzp/aimt_scheduler.sv:143]
CRITICAL WARNING: [Synth 8-6859] multi-driven net on pin Q with 2nd driver pin 'GND' [/tmp/sched_synth_AIMT_7r4npxzp/aimt_scheduler.sv:143]
CRITICAL WARNING: [Synth 8-6858] multi-driven net Q is connected to at least one constant driver which has been preserved, other driver is ignored [/tmp/sched_synth_AIMT_7r4npxzp/aimt_scheduler.sv:143]
CRITICAL WARNING: [Synth 8-6859] multi-driven net on pin Q with 1st driver pin 'sched_table_reg[25][mem_access_done_flag]__0/Q' [/tmp/sched_synth_AIMT_7r4npxzp/aimt_scheduler.sv:143]
CRITICAL WARNING: [Synth 8-6859] multi-driven net on pin Q with 2nd driver pin 'GND' [/tmp/sched_synth_AIMT_7r4npxzp/aimt_scheduler.sv:143]
CRITICAL WARNING: [Synth 8-6858] multi-driven net Q is connected to at least one constant driver which has been preserved, other driver is ignored [/tmp/sched_synth_AIMT_7r4npxzp/aimt_scheduler.sv:143]
CRITICAL WARNING: [Synth 8-6859] multi-driven net on pin Q with 1st driver pin 'sched_table_reg[24][mem_access_done_flag]__0/Q' [/tmp/sched_synth_AIMT_7r4npxzp/aimt_scheduler.sv:143]
CRITICAL WARNING: [Synth 8-6859] multi-driven net on pin Q with 2nd driver pin 'GND' [/tmp/sched_synth_AIMT_7r4npxzp/aimt_scheduler.sv:143]
CRITICAL WARNING: [Synth 8-6858] multi-driven net Q is connected to at least one constant driver which has been preserved, other driver is ignored [/tmp/sched_synth_AIMT_7r4npxzp/aimt_scheduler.sv:143]
CRITICAL WARNING: [Synth 8-6859] multi-driven net on pin Q with 1st driver pin 'sched_table_reg[23][mem_access_done_flag]__0/Q' [/tmp/sched_synth_AIMT_7r4npxzp/aimt_scheduler.sv:143]
CRITICAL WARNING: [Synth 8-6859] multi-driven net on pin Q with 2nd driver pin 'GND' [/tmp/sched_synth_AIMT_7r4npxzp/aimt_scheduler.sv:143]
CRITICAL WARNING: [Synth 8-6858] multi-driven net Q is connected to at least one constant driver which has been preserved, other driver is ignored [/tmp/sched_synth_AIMT_7r4npxzp/aimt_scheduler.sv:143]
CRITICAL WARNING: [Synth 8-6859] multi-driven net on pin Q with 1st driver pin 'sched_table_reg[22][mem_access_done_flag]__0/Q' [/tmp/sched_synth_AIMT_7r4npxzp/aimt_scheduler.sv:143]
CRITICAL WARNING: [Synth 8-6859] multi-driven net on pin Q with 2nd driver pin 'GND' [/tmp/sched_synth_AIMT_7r4npxzp/aimt_scheduler.sv:143]
CRITICAL WARNING: [Synth 8-6858] multi-driven net Q is connected to at least one constant driver which has been preserved, other driver is ignored [/tmp/sched_synth_AIMT_7r4npxzp/aimt_scheduler.sv:143]
CRITICAL WARNING: [Synth 8-6859] multi-driven net on pin Q with 1st driver pin 'sched_table_reg[21][mem_access_done_flag]__0/Q' [/tmp/sched_synth_AIMT_7r4npxzp/aimt_scheduler.sv:143]
CRITICAL WARNING: [Synth 8-6859] multi-driven net on pin Q with 2nd driver pin 'GND' [/tmp/sched_synth_AIMT_7r4npxzp/aimt_scheduler.sv:143]
CRITICAL WARNING: [Synth 8-6858] multi-driven net Q is connected to at least one constant driver which has been preserved, other driver is ignored [/tmp/sched_synth_AIMT_7r4npxzp/aimt_scheduler.sv:143]
CRITICAL WARNING: [Synth 8-6859] multi-driven net on pin Q with 1st driver pin 'sched_table_reg[20][mem_access_done_flag]__0/Q' [/tmp/sched_synth_AIMT_7r4npxzp/aimt_scheduler.sv:143]
CRITICAL WARNING: [Synth 8-6859] multi-driven net on pin Q with 2nd driver pin 'GND' [/tmp/sched_synth_AIMT_7r4npxzp/aimt_scheduler.sv:143]
CRITICAL WARNING: [Synth 8-6858] multi-driven net Q is connected to at least one constant driver which has been preserved, other driver is ignored [/tmp/sched_synth_AIMT_7r4npxzp/aimt_scheduler.sv:143]
CRITICAL WARNING: [Synth 8-6859] multi-driven net on pin Q with 1st driver pin 'sched_table_reg[19][mem_access_done_flag]__0/Q' [/tmp/sched_synth_AIMT_7r4npxzp/aimt_scheduler.sv:143]
CRITICAL WARNING: [Synth 8-6859] multi-driven net on pin Q with 2nd driver pin 'GND' [/tmp/sched_synth_AIMT_7r4npxzp/aimt_scheduler.sv:143]
CRITICAL WARNING: [Synth 8-6858] multi-driven net Q is connected to at least one constant driver which has been preserved, other driver is ignored [/tmp/sched_synth_AIMT_7r4npxzp/aimt_scheduler.sv:143]
CRITICAL WARNING: [Synth 8-6859] multi-driven net on pin Q with 1st driver pin 'sched_table_reg[18][mem_access_done_flag]__0/Q' [/tmp/sched_synth_AIMT_7r4npxzp/aimt_scheduler.sv:143]
CRITICAL WARNING: [Synth 8-6859] multi-driven net on pin Q with 2nd driver pin 'GND' [/tmp/sched_synth_AIMT_7r4npxzp/aimt_scheduler.sv:143]
CRITICAL WARNING: [Synth 8-6858] multi-driven net Q is connected to at least one constant driver which has been preserved, other driver is ignored [/tmp/sched_synth_AIMT_7r4npxzp/aimt_scheduler.sv:143]
CRITICAL WARNING: [Synth 8-6859] multi-driven net on pin Q with 1st driver pin 'sched_table_reg[17][mem_access_done_flag]__0/Q' [/tmp/sched_synth_AIMT_7r4npxzp/aimt_scheduler.sv:143]
CRITICAL WARNING: [Synth 8-6859] multi-driven net on pin Q with 2nd driver pin 'GND' [/tmp/sched_synth_AIMT_7r4npxzp/aimt_scheduler.sv:143]
CRITICAL WARNING: [Synth 8-6858] multi-driven net Q is connected to at least one constant driver which has been preserved, other driver is ignored [/tmp/sched_synth_AIMT_7r4npxzp/aimt_scheduler.sv:143]
CRITICAL WARNING: [Synth 8-6859] multi-driven net on pin Q with 1st driver pin 'sched_table_reg[16][mem_access_done_flag]__0/Q' [/tmp/sched_synth_AIMT_7r4npxzp/aimt_scheduler.sv:143]
CRITICAL WARNING: [Synth 8-6859] multi-driven net on pin Q with 2nd driver pin 'GND' [/tmp/sched_synth_AIMT_7r4npxzp/aimt_scheduler.sv:143]
CRITICAL WARNING: [Synth 8-6858] multi-driven net Q is connected to at least one constant driver which has been preserved, other driver is ignored [/tmp/sched_synth_AIMT_7r4npxzp/aimt_scheduler.sv:143]
CRITICAL WARNING: [Synth 8-6859] multi-driven net on pin Q with 1st driver pin 'sched_table_reg[15][mem_access_done_flag]__0/Q' [/tmp/sched_synth_AIMT_7r4npxzp/aimt_scheduler.sv:143]
CRITICAL WARNING: [Synth 8-6859] multi-driven net on pin Q with 2nd driver pin 'GND' [/tmp/sched_synth_AIMT_7r4npxzp/aimt_scheduler.sv:143]
CRITICAL WARNING: [Synth 8-6858] multi-driven net Q is connected to at least one constant driver which has been preserved, other driver is ignored [/tmp/sched_synth_AIMT_7r4npxzp/aimt_scheduler.sv:143]
CRITICAL WARNING: [Synth 8-6859] multi-driven net on pin Q with 1st driver pin 'sched_table_reg[14][mem_access_done_flag]__0/Q' [/tmp/sched_synth_AIMT_7r4npxzp/aimt_scheduler.sv:143]
CRITICAL WARNING: [Synth 8-6859] multi-driven net on pin Q with 2nd driver pin 'GND' [/tmp/sched_synth_AIMT_7r4npxzp/aimt_scheduler.sv:143]
CRITICAL WARNING: [Synth 8-6858] multi-driven net Q is connected to at least one constant driver which has been preserved, other driver is ignored [/tmp/sched_synth_AIMT_7r4npxzp/aimt_scheduler.sv:143]
CRITICAL WARNING: [Synth 8-6859] multi-driven net on pin Q with 1st driver pin 'sched_table_reg[13][mem_access_done_flag]__0/Q' [/tmp/sched_synth_AIMT_7r4npxzp/aimt_scheduler.sv:143]
CRITICAL WARNING: [Synth 8-6859] multi-driven net on pin Q with 2nd driver pin 'GND' [/tmp/sched_synth_AIMT_7r4npxzp/aimt_scheduler.sv:143]
CRITICAL WARNING: [Synth 8-6858] multi-driven net Q is connected to at least one constant driver which has been preserved, other driver is ignored [/tmp/sched_synth_AIMT_7r4npxzp/aimt_scheduler.sv:143]
CRITICAL WARNING: [Synth 8-6859] multi-driven net on pin Q with 1st driver pin 'sched_table_reg[12][mem_access_done_flag]__0/Q' [/tmp/sched_synth_AIMT_7r4npxzp/aimt_scheduler.sv:143]
CRITICAL WARNING: [Synth 8-6859] multi-driven net on pin Q with 2nd driver pin 'GND' [/tmp/sched_synth_AIMT_7r4npxzp/aimt_scheduler.sv:143]
CRITICAL WARNING: [Synth 8-6858] multi-driven net Q is connected to at least one constant driver which has been preserved, other driver is ignored [/tmp/sched_synth_AIMT_7r4npxzp/aimt_scheduler.sv:143]
CRITICAL WARNING: [Synth 8-6859] multi-driven net on pin Q with 1st driver pin 'sched_table_reg[11][mem_access_done_flag]__0/Q' [/tmp/sched_synth_AIMT_7r4npxzp/aimt_scheduler.sv:143]
CRITICAL WARNING: [Synth 8-6859] multi-driven net on pin Q with 2nd driver pin 'GND' [/tmp/sched_synth_AIMT_7r4npxzp/aimt_scheduler.sv:143]
CRITICAL WARNING: [Synth 8-6858] multi-driven net Q is connected to at least one constant driver which has been preserved, other driver is ignored [/tmp/sched_synth_AIMT_7r4npxzp/aimt_scheduler.sv:143]
CRITICAL WARNING: [Synth 8-6859] multi-driven net on pin Q with 1st driver pin 'sched_table_reg[10][mem_access_done_flag]__0/Q' [/tmp/sched_synth_AIMT_7r4npxzp/aimt_scheduler.sv:143]
CRITICAL WARNING: [Synth 8-6859] multi-driven net on pin Q with 2nd driver pin 'GND' [/tmp/sched_synth_AIMT_7r4npxzp/aimt_scheduler.sv:143]
CRITICAL WARNING: [Synth 8-6858] multi-driven net Q is connected to at least one constant driver which has been preserved, other driver is ignored [/tmp/sched_synth_AIMT_7r4npxzp/aimt_scheduler.sv:143]
CRITICAL WARNING: [Synth 8-6859] multi-driven net on pin Q with 1st driver pin 'sched_table_reg[9][mem_access_done_flag]__0/Q' [/tmp/sched_synth_AIMT_7r4npxzp/aimt_scheduler.sv:143]
CRITICAL WARNING: [Synth 8-6859] multi-driven net on pin Q with 2nd driver pin 'GND' [/tmp/sched_synth_AIMT_7r4npxzp/aimt_scheduler.sv:143]
CRITICAL WARNING: [Synth 8-6858] multi-driven net Q is connected to at least one constant driver which has been preserved, other driver is ignored [/tmp/sched_synth_AIMT_7r4npxzp/aimt_scheduler.sv:143]
CRITICAL WARNING: [Synth 8-6859] multi-driven net on pin Q with 1st driver pin 'sched_table_reg[8][mem_access_done_flag]__0/Q' [/tmp/sched_synth_AIMT_7r4npxzp/aimt_scheduler.sv:143]
CRITICAL WARNING: [Synth 8-6859] multi-driven net on pin Q with 2nd driver pin 'GND' [/tmp/sched_synth_AIMT_7r4npxzp/aimt_scheduler.sv:143]
CRITICAL WARNING: [Synth 8-6858] multi-driven net Q is connected to at least one constant driver which has been preserved, other driver is ignored [/tmp/sched_synth_AIMT_7r4npxzp/aimt_scheduler.sv:143]
CRITICAL WARNING: [Synth 8-6859] multi-driven net on pin Q with 1st driver pin 'sched_table_reg[7][mem_access_done_flag]__0/Q' [/tmp/sched_synth_AIMT_7r4npxzp/aimt_scheduler.sv:143]
CRITICAL WARNING: [Synth 8-6859] multi-driven net on pin Q with 2nd driver pin 'GND' [/tmp/sched_synth_AIMT_7r4npxzp/aimt_scheduler.sv:143]
CRITICAL WARNING: [Synth 8-6858] multi-driven net Q is connected to at least one constant driver which has been preserved, other driver is ignored [/tmp/sched_synth_AIMT_7r4npxzp/aimt_scheduler.sv:143]
CRITICAL WARNING: [Synth 8-6859] multi-driven net on pin Q with 1st driver pin 'sched_table_reg[6][mem_access_done_flag]__0/Q' [/tmp/sched_synth_AIMT_7r4npxzp/aimt_scheduler.sv:143]
CRITICAL WARNING: [Synth 8-6859] multi-driven net on pin Q with 2nd driver pin 'GND' [/tmp/sched_synth_AIMT_7r4npxzp/aimt_scheduler.sv:143]
CRITICAL WARNING: [Synth 8-6858] multi-driven net Q is connected to at least one constant driver which has been preserved, other driver is ignored [/tmp/sched_synth_AIMT_7r4npxzp/aimt_scheduler.sv:143]
CRITICAL WARNING: [Synth 8-6859] multi-driven net on pin Q with 1st driver pin 'sched_table_reg[5][mem_access_done_flag]__0/Q' [/tmp/sched_synth_AIMT_7r4npxzp/aimt_scheduler.sv:143]
CRITICAL WARNING: [Synth 8-6859] multi-driven net on pin Q with 2nd driver pin 'GND' [/tmp/sched_synth_AIMT_7r4npxzp/aimt_scheduler.sv:143]
CRITICAL WARNING: [Synth 8-6858] multi-driven net Q is connected to at least one constant driver which has been preserved, other driver is ignored [/tmp/sched_synth_AIMT_7r4npxzp/aimt_scheduler.sv:143]
CRITICAL WARNING: [Synth 8-6859] multi-driven net on pin Q with 1st driver pin 'sched_table_reg[4][mem_access_done_flag]__0/Q' [/tmp/sched_synth_AIMT_7r4npxzp/aimt_scheduler.sv:143]
CRITICAL WARNING: [Synth 8-6859] multi-driven net on pin Q with 2nd driver pin 'GND' [/tmp/sched_synth_AIMT_7r4npxzp/aimt_scheduler.sv:143]
CRITICAL WARNING: [Synth 8-6858] multi-driven net Q is connected to at least one constant driver which has been preserved, other driver is ignored [/tmp/sched_synth_AIMT_7r4npxzp/aimt_scheduler.sv:143]
CRITICAL WARNING: [Synth 8-6859] multi-driven net on pin Q with 1st driver pin 'sched_table_reg[3][mem_access_done_flag]__0/Q' [/tmp/sched_synth_AIMT_7r4npxzp/aimt_scheduler.sv:143]
CRITICAL WARNING: [Synth 8-6859] multi-driven net on pin Q with 2nd driver pin 'GND' [/tmp/sched_synth_AIMT_7r4npxzp/aimt_scheduler.sv:143]
CRITICAL WARNING: [Synth 8-6858] multi-driven net Q is connected to at least one constant driver which has been preserved, other driver is ignored [/tmp/sched_synth_AIMT_7r4npxzp/aimt_scheduler.sv:143]
CRITICAL WARNING: [Synth 8-6859] multi-driven net on pin Q with 1st driver pin 'sched_table_reg[2][mem_access_done_flag]__0/Q' [/tmp/sched_synth_AIMT_7r4npxzp/aimt_scheduler.sv:143]
CRITICAL WARNING: [Synth 8-6859] multi-driven net on pin Q with 2nd driver pin 'GND' [/tmp/sched_synth_AIMT_7r4npxzp/aimt_scheduler.sv:143]
CRITICAL WARNING: [Synth 8-6858] multi-driven net Q is connected to at least one constant driver which has been preserved, other driver is ignored [/tmp/sched_synth_AIMT_7r4npxzp/aimt_scheduler.sv:143]
CRITICAL WARNING: [Synth 8-6859] multi-driven net on pin Q with 1st driver pin 'sched_table_reg[1][mem_access_done_flag]__0/Q' [/tmp/sched_synth_AIMT_7r4npxzp/aimt_scheduler.sv:143]
CRITICAL WARNING: [Synth 8-6859] multi-driven net on pin Q with 2nd driver pin 'GND' [/tmp/sched_synth_AIMT_7r4npxzp/aimt_scheduler.sv:143]
CRITICAL WARNING: [Synth 8-6858] multi-driven net Q is connected to at least one constant driver which has been preserved, other driver is ignored [/tmp/sched_synth_AIMT_7r4npxzp/aimt_scheduler.sv:143]
CRITICAL WARNING: [Synth 8-6859] multi-driven net on pin Q with 1st driver pin 'sched_table_reg[0][mem_access_done_flag]__0/Q' [/tmp/sched_synth_AIMT_7r4npxzp/aimt_scheduler.sv:143]
CRITICAL WARNING: [Synth 8-6859] multi-driven net on pin Q with 2nd driver pin 'GND' [/tmp/sched_synth_AIMT_7r4npxzp/aimt_scheduler.sv:143]
CRITICAL WARNING: [Synth 8-6858] multi-driven net Q is connected to at least one constant driver which has been preserved, other driver is ignored [/tmp/sched_synth_AIMT_7r4npxzp/aimt_scheduler.sv:143]
CRITICAL WARNING: [Synth 8-6859] multi-driven net on pin Q with 1st driver pin 'sched_table_reg[31][compute_done_flag]__0/Q' [/tmp/sched_synth_AIMT_7r4npxzp/aimt_scheduler.sv:143]
CRITICAL WARNING: [Synth 8-6859] multi-driven net on pin Q with 2nd driver pin 'GND' [/tmp/sched_synth_AIMT_7r4npxzp/aimt_scheduler.sv:143]
CRITICAL WARNING: [Synth 8-6858] multi-driven net Q is connected to at least one constant driver which has been preserved, other driver is ignored [/tmp/sched_synth_AIMT_7r4npxzp/aimt_scheduler.sv:143]
CRITICAL WARNING: [Synth 8-6859] multi-driven net on pin Q with 1st driver pin 'sched_table_reg[30][compute_done_flag]__0/Q' [/tmp/sched_synth_AIMT_7r4npxzp/aimt_scheduler.sv:143]
CRITICAL WARNING: [Synth 8-6859] multi-driven net on pin Q with 2nd driver pin 'GND' [/tmp/sched_synth_AIMT_7r4npxzp/aimt_scheduler.sv:143]
CRITICAL WARNING: [Synth 8-6858] multi-driven net Q is connected to at least one constant driver which has been preserved, other driver is ignored [/tmp/sched_synth_AIMT_7r4npxzp/aimt_scheduler.sv:143]
CRITICAL WARNING: [Synth 8-6859] multi-driven net on pin Q with 1st driver pin 'sched_table_reg[29][compute_done_flag]__0/Q' [/tmp/sched_synth_AIMT_7r4npxzp/aimt_scheduler.sv:143]
CRITICAL WARNING: [Synth 8-6859] multi-driven net on pin Q with 2nd driver pin 'GND' [/tmp/sched_synth_AIMT_7r4npxzp/aimt_scheduler.sv:143]
CRITICAL WARNING: [Synth 8-6858] multi-driven net Q is connected to at least one constant driver which has been preserved, other driver is ignored [/tmp/sched_synth_AIMT_7r4npxzp/aimt_scheduler.sv:143]
CRITICAL WARNING: [Synth 8-6859] multi-driven net on pin Q with 1st driver pin 'sched_table_reg[28][compute_done_flag]__0/Q' [/tmp/sched_synth_AIMT_7r4npxzp/aimt_scheduler.sv:143]
CRITICAL WARNING: [Synth 8-6859] multi-driven net on pin Q with 2nd driver pin 'GND' [/tmp/sched_synth_AIMT_7r4npxzp/aimt_scheduler.sv:143]
CRITICAL WARNING: [Synth 8-6858] multi-driven net Q is connected to at least one constant driver which has been preserved, other driver is ignored [/tmp/sched_synth_AIMT_7r4npxzp/aimt_scheduler.sv:143]
CRITICAL WARNING: [Synth 8-6859] multi-driven net on pin Q with 1st driver pin 'sched_table_reg[27][compute_done_flag]__0/Q' [/tmp/sched_synth_AIMT_7r4npxzp/aimt_scheduler.sv:143]
CRITICAL WARNING: [Synth 8-6859] multi-driven net on pin Q with 2nd driver pin 'GND' [/tmp/sched_synth_AIMT_7r4npxzp/aimt_scheduler.sv:143]
CRITICAL WARNING: [Synth 8-6858] multi-driven net Q is connected to at least one constant driver which has been preserved, other driver is ignored [/tmp/sched_synth_AIMT_7r4npxzp/aimt_scheduler.sv:143]
CRITICAL WARNING: [Synth 8-6859] multi-driven net on pin Q with 1st driver pin 'sched_table_reg[26][compute_done_flag]__0/Q' [/tmp/sched_synth_AIMT_7r4npxzp/aimt_scheduler.sv:143]
CRITICAL WARNING: [Synth 8-6859] multi-driven net on pin Q with 2nd driver pin 'GND' [/tmp/sched_synth_AIMT_7r4npxzp/aimt_scheduler.sv:143]
CRITICAL WARNING: [Synth 8-6858] multi-driven net Q is connected to at least one constant driver which has been preserved, other driver is ignored [/tmp/sched_synth_AIMT_7r4npxzp/aimt_scheduler.sv:143]
CRITICAL WARNING: [Synth 8-6859] multi-driven net on pin Q with 1st driver pin 'sched_table_reg[25][compute_done_flag]__0/Q' [/tmp/sched_synth_AIMT_7r4npxzp/aimt_scheduler.sv:143]
CRITICAL WARNING: [Synth 8-6859] multi-driven net on pin Q with 2nd driver pin 'GND' [/tmp/sched_synth_AIMT_7r4npxzp/aimt_scheduler.sv:143]
CRITICAL WARNING: [Synth 8-6858] multi-driven net Q is connected to at least one constant driver which has been preserved, other driver is ignored [/tmp/sched_synth_AIMT_7r4npxzp/aimt_scheduler.sv:143]
CRITICAL WARNING: [Synth 8-6859] multi-driven net on pin Q with 1st driver pin 'sched_table_reg[24][compute_done_flag]__0/Q' [/tmp/sched_synth_AIMT_7r4npxzp/aimt_scheduler.sv:143]
CRITICAL WARNING: [Synth 8-6859] multi-driven net on pin Q with 2nd driver pin 'GND' [/tmp/sched_synth_AIMT_7r4npxzp/aimt_scheduler.sv:143]
CRITICAL WARNING: [Synth 8-6858] multi-driven net Q is connected to at least one constant driver which has been preserved, other driver is ignored [/tmp/sched_synth_AIMT_7r4npxzp/aimt_scheduler.sv:143]
CRITICAL WARNING: [Synth 8-6859] multi-driven net on pin Q with 1st driver pin 'sched_table_reg[23][compute_done_flag]__0/Q' [/tmp/sched_synth_AIMT_7r4npxzp/aimt_scheduler.sv:143]
CRITICAL WARNING: [Synth 8-6859] multi-driven net on pin Q with 2nd driver pin 'GND' [/tmp/sched_synth_AIMT_7r4npxzp/aimt_scheduler.sv:143]
CRITICAL WARNING: [Synth 8-6858] multi-driven net Q is connected to at least one constant driver which has been preserved, other driver is ignored [/tmp/sched_synth_AIMT_7r4npxzp/aimt_scheduler.sv:143]
CRITICAL WARNING: [Synth 8-6859] multi-driven net on pin Q with 1st driver pin 'sched_table_reg[22][compute_done_flag]__0/Q' [/tmp/sched_synth_AIMT_7r4npxzp/aimt_scheduler.sv:143]
CRITICAL WARNING: [Synth 8-6859] multi-driven net on pin Q with 2nd driver pin 'GND' [/tmp/sched_synth_AIMT_7r4npxzp/aimt_scheduler.sv:143]
CRITICAL WARNING: [Synth 8-6858] multi-driven net Q is connected to at least one constant driver which has been preserved, other driver is ignored [/tmp/sched_synth_AIMT_7r4npxzp/aimt_scheduler.sv:143]
CRITICAL WARNING: [Synth 8-6859] multi-driven net on pin Q with 1st driver pin 'sched_table_reg[21][compute_done_flag]__0/Q' [/tmp/sched_synth_AIMT_7r4npxzp/aimt_scheduler.sv:143]
CRITICAL WARNING: [Synth 8-6859] multi-driven net on pin Q with 2nd driver pin 'GND' [/tmp/sched_synth_AIMT_7r4npxzp/aimt_scheduler.sv:143]
CRITICAL WARNING: [Synth 8-6858] multi-driven net Q is connected to at least one constant driver which has been preserved, other driver is ignored [/tmp/sched_synth_AIMT_7r4npxzp/aimt_scheduler.sv:143]
CRITICAL WARNING: [Synth 8-6859] multi-driven net on pin Q with 1st driver pin 'sched_table_reg[20][compute_done_flag]__0/Q' [/tmp/sched_synth_AIMT_7r4npxzp/aimt_scheduler.sv:143]
CRITICAL WARNING: [Synth 8-6859] multi-driven net on pin Q with 2nd driver pin 'GND' [/tmp/sched_synth_AIMT_7r4npxzp/aimt_scheduler.sv:143]
CRITICAL WARNING: [Synth 8-6858] multi-driven net Q is connected to at least one constant driver which has been preserved, other driver is ignored [/tmp/sched_synth_AIMT_7r4npxzp/aimt_scheduler.sv:143]
CRITICAL WARNING: [Synth 8-6859] multi-driven net on pin Q with 1st driver pin 'sched_table_reg[19][compute_done_flag]__0/Q' [/tmp/sched_synth_AIMT_7r4npxzp/aimt_scheduler.sv:143]
CRITICAL WARNING: [Synth 8-6859] multi-driven net on pin Q with 2nd driver pin 'GND' [/tmp/sched_synth_AIMT_7r4npxzp/aimt_scheduler.sv:143]
CRITICAL WARNING: [Synth 8-6858] multi-driven net Q is connected to at least one constant driver which has been preserved, other driver is ignored [/tmp/sched_synth_AIMT_7r4npxzp/aimt_scheduler.sv:143]
CRITICAL WARNING: [Synth 8-6859] multi-driven net on pin Q with 1st driver pin 'sched_table_reg[18][compute_done_flag]__0/Q' [/tmp/sched_synth_AIMT_7r4npxzp/aimt_scheduler.sv:143]
CRITICAL WARNING: [Synth 8-6859] multi-driven net on pin Q with 2nd driver pin 'GND' [/tmp/sched_synth_AIMT_7r4npxzp/aimt_scheduler.sv:143]
CRITICAL WARNING: [Synth 8-6858] multi-driven net Q is connected to at least one constant driver which has been preserved, other driver is ignored [/tmp/sched_synth_AIMT_7r4npxzp/aimt_scheduler.sv:143]
CRITICAL WARNING: [Synth 8-6859] multi-driven net on pin Q with 1st driver pin 'sched_table_reg[17][compute_done_flag]__0/Q' [/tmp/sched_synth_AIMT_7r4npxzp/aimt_scheduler.sv:143]
CRITICAL WARNING: [Synth 8-6859] multi-driven net on pin Q with 2nd driver pin 'GND' [/tmp/sched_synth_AIMT_7r4npxzp/aimt_scheduler.sv:143]
CRITICAL WARNING: [Synth 8-6858] multi-driven net Q is connected to at least one constant driver which has been preserved, other driver is ignored [/tmp/sched_synth_AIMT_7r4npxzp/aimt_scheduler.sv:143]
CRITICAL WARNING: [Synth 8-6859] multi-driven net on pin Q with 1st driver pin 'sched_table_reg[16][compute_done_flag]__0/Q' [/tmp/sched_synth_AIMT_7r4npxzp/aimt_scheduler.sv:143]
CRITICAL WARNING: [Synth 8-6859] multi-driven net on pin Q with 2nd driver pin 'GND' [/tmp/sched_synth_AIMT_7r4npxzp/aimt_scheduler.sv:143]
CRITICAL WARNING: [Synth 8-6858] multi-driven net Q is connected to at least one constant driver which has been preserved, other driver is ignored [/tmp/sched_synth_AIMT_7r4npxzp/aimt_scheduler.sv:143]
CRITICAL WARNING: [Synth 8-6859] multi-driven net on pin Q with 1st driver pin 'sched_table_reg[15][compute_done_flag]__0/Q' [/tmp/sched_synth_AIMT_7r4npxzp/aimt_scheduler.sv:143]
CRITICAL WARNING: [Synth 8-6859] multi-driven net on pin Q with 2nd driver pin 'GND' [/tmp/sched_synth_AIMT_7r4npxzp/aimt_scheduler.sv:143]
CRITICAL WARNING: [Synth 8-6858] multi-driven net Q is connected to at least one constant driver which has been preserved, other driver is ignored [/tmp/sched_synth_AIMT_7r4npxzp/aimt_scheduler.sv:143]
CRITICAL WARNING: [Synth 8-6859] multi-driven net on pin Q with 1st driver pin 'sched_table_reg[14][compute_done_flag]__0/Q' [/tmp/sched_synth_AIMT_7r4npxzp/aimt_scheduler.sv:143]
CRITICAL WARNING: [Synth 8-6859] multi-driven net on pin Q with 2nd driver pin 'GND' [/tmp/sched_synth_AIMT_7r4npxzp/aimt_scheduler.sv:143]
INFO: [Common 17-14] Message 'Synth 8-6859' appears 100 times and further instances of the messages will be disabled. Use the Tcl command set_msg_config to change the current settings.
CRITICAL WARNING: [Synth 8-6858] multi-driven net Q is connected to at least one constant driver which has been preserved, other driver is ignored [/tmp/sched_synth_AIMT_7r4npxzp/aimt_scheduler.sv:143]
CRITICAL WARNING: [Synth 8-6858] multi-driven net Q is connected to at least one constant driver which has been preserved, other driver is ignored [/tmp/sched_synth_AIMT_7r4npxzp/aimt_scheduler.sv:143]
CRITICAL WARNING: [Synth 8-6858] multi-driven net Q is connected to at least one constant driver which has been preserved, other driver is ignored [/tmp/sched_synth_AIMT_7r4npxzp/aimt_scheduler.sv:143]
CRITICAL WARNING: [Synth 8-6858] multi-driven net Q is connected to at least one constant driver which has been preserved, other driver is ignored [/tmp/sched_synth_AIMT_7r4npxzp/aimt_scheduler.sv:143]
CRITICAL WARNING: [Synth 8-6858] multi-driven net Q is connected to at least one constant driver which has been preserved, other driver is ignored [/tmp/sched_synth_AIMT_7r4npxzp/aimt_scheduler.sv:143]
CRITICAL WARNING: [Synth 8-6858] multi-driven net Q is connected to at least one constant driver which has been preserved, other driver is ignored [/tmp/sched_synth_AIMT_7r4npxzp/aimt_scheduler.sv:143]
CRITICAL WARNING: [Synth 8-6858] multi-driven net Q is connected to at least one constant driver which has been preserved, other driver is ignored [/tmp/sched_synth_AIMT_7r4npxzp/aimt_scheduler.sv:143]
CRITICAL WARNING: [Synth 8-6858] multi-driven net Q is connected to at least one constant driver which has been preserved, other driver is ignored [/tmp/sched_synth_AIMT_7r4npxzp/aimt_scheduler.sv:143]
CRITICAL WARNING: [Synth 8-6858] multi-driven net Q is connected to at least one constant driver which has been preserved, other driver is ignored [/tmp/sched_synth_AIMT_7r4npxzp/aimt_scheduler.sv:143]
CRITICAL WARNING: [Synth 8-6858] multi-driven net Q is connected to at least one constant driver which has been preserved, other driver is ignored [/tmp/sched_synth_AIMT_7r4npxzp/aimt_scheduler.sv:143]
CRITICAL WARNING: [Synth 8-6858] multi-driven net Q is connected to at least one constant driver which has been preserved, other driver is ignored [/tmp/sched_synth_AIMT_7r4npxzp/aimt_scheduler.sv:143]
CRITICAL WARNING: [Synth 8-6858] multi-driven net Q is connected to at least one constant driver which has been preserved, other driver is ignored [/tmp/sched_synth_AIMT_7r4npxzp/aimt_scheduler.sv:143]
CRITICAL WARNING: [Synth 8-6858] multi-driven net Q is connected to at least one constant driver which has been preserved, other driver is ignored [/tmp/sched_synth_AIMT_7r4npxzp/aimt_scheduler.sv:143]
CRITICAL WARNING: [Synth 8-6858] multi-driven net Q is connected to at least one constant driver which has been preserved, other driver is ignored [/tmp/sched_synth_AIMT_7r4npxzp/aimt_scheduler.sv:143]
CRITICAL WARNING: [Synth 8-6858] multi-driven net Q is connected to at least one constant driver which has been preserved, other driver is ignored [/tmp/sched_synth_AIMT_7r4npxzp/aimt_scheduler.sv:143]
---------------------------------------------------------------------------------
Finished Cross Boundary and Area Optimization : Time (s): cpu = 00:01:04 ; elapsed = 00:01:05 . Memory (MB): peak = 2803.402 ; gain = 1044.016 ; free physical = 6023 ; free virtual = 13026
---------------------------------------------------------------------------------
---------------------------------------------------------------------------------
Start Applying XDC Timing Constraints
---------------------------------------------------------------------------------
---------------------------------------------------------------------------------
Finished Applying XDC Timing Constraints : Time (s): cpu = 00:01:11 ; elapsed = 00:01:12 . Memory (MB): peak = 2803.402 ; gain = 1044.016 ; free physical = 6039 ; free virtual = 13014
---------------------------------------------------------------------------------
---------------------------------------------------------------------------------
Start Timing Optimization
---------------------------------------------------------------------------------
---------------------------------------------------------------------------------
Finished Timing Optimization : Time (s): cpu = 00:01:27 ; elapsed = 00:01:29 . Memory (MB): peak = 2982.402 ; gain = 1223.016 ; free physical = 5888 ; free virtual = 12862
---------------------------------------------------------------------------------
---------------------------------------------------------------------------------
Start Technology Mapping
---------------------------------------------------------------------------------
---------------------------------------------------------------------------------
Finished Technology Mapping : Time (s): cpu = 00:01:32 ; elapsed = 00:01:33 . Memory (MB): peak = 2982.402 ; gain = 1223.016 ; free physical = 5886 ; free virtual = 12860
---------------------------------------------------------------------------------
---------------------------------------------------------------------------------
Start IO Insertion
---------------------------------------------------------------------------------
---------------------------------------------------------------------------------
Start Flattening Before IO Insertion
---------------------------------------------------------------------------------
---------------------------------------------------------------------------------
Finished Flattening Before IO Insertion
---------------------------------------------------------------------------------
---------------------------------------------------------------------------------
Start Final Netlist Cleanup
---------------------------------------------------------------------------------
---------------------------------------------------------------------------------
Finished Final Netlist Cleanup
---------------------------------------------------------------------------------
---------------------------------------------------------------------------------
Finished IO Insertion : Time (s): cpu = 00:01:38 ; elapsed = 00:01:40 . Memory (MB): peak = 2982.402 ; gain = 1223.016 ; free physical = 5884 ; free virtual = 12858
---------------------------------------------------------------------------------
---------------------------------------------------------------------------------
Start Renaming Generated Instances
---------------------------------------------------------------------------------
---------------------------------------------------------------------------------
Finished Renaming Generated Instances : Time (s): cpu = 00:01:38 ; elapsed = 00:01:40 . Memory (MB): peak = 2982.402 ; gain = 1223.016 ; free physical = 5884 ; free virtual = 12858
---------------------------------------------------------------------------------
---------------------------------------------------------------------------------
Start Rebuilding User Hierarchy
---------------------------------------------------------------------------------
---------------------------------------------------------------------------------
Finished Rebuilding User Hierarchy : Time (s): cpu = 00:01:39 ; elapsed = 00:01:40 . Memory (MB): peak = 2982.402 ; gain = 1223.016 ; free physical = 5893 ; free virtual = 12867
---------------------------------------------------------------------------------
---------------------------------------------------------------------------------
Start Renaming Generated Ports
---------------------------------------------------------------------------------
---------------------------------------------------------------------------------
Finished Renaming Generated Ports : Time (s): cpu = 00:01:39 ; elapsed = 00:01:41 . Memory (MB): peak = 2982.402 ; gain = 1223.016 ; free physical = 5893 ; free virtual = 12867
---------------------------------------------------------------------------------
---------------------------------------------------------------------------------
Start Handling Custom Attributes
---------------------------------------------------------------------------------
---------------------------------------------------------------------------------
Finished Handling Custom Attributes : Time (s): cpu = 00:01:39 ; elapsed = 00:01:41 . Memory (MB): peak = 2982.402 ; gain = 1223.016 ; free physical = 5893 ; free virtual = 12867
---------------------------------------------------------------------------------
---------------------------------------------------------------------------------
Start Renaming Generated Nets
---------------------------------------------------------------------------------
---------------------------------------------------------------------------------
Finished Renaming Generated Nets : Time (s): cpu = 00:01:39 ; elapsed = 00:01:41 . Memory (MB): peak = 2982.402 ; gain = 1223.016 ; free physical = 5893 ; free virtual = 12867
---------------------------------------------------------------------------------
---------------------------------------------------------------------------------
Start Writing Synthesis Report
---------------------------------------------------------------------------------

Report BlackBoxes: 
+-+--------------+----------+
| |BlackBox name |Instances |
+-+--------------+----------+
+-+--------------+----------+

Report Cell Usage: 
+------+-------+------+
|      |Cell   |Count |
+------+-------+------+
|1     |CARRY4 |    87|
|2     |LUT1   |    11|
|3     |LUT2   |    73|
|4     |LUT3   |    51|
|5     |LUT4   |   254|
|6     |LUT5   |    33|
|7     |LUT6   |  3109|
|8     |MUXF7  |  1304|
|9     |MUXF8  |   186|
|10    |FDCE   |  5741|
|11    |FDPE   |     6|
|12    |FDRE   |   818|
+------+-------+------+
---------------------------------------------------------------------------------
Finished Writing Synthesis Report : Time (s): cpu = 00:01:39 ; elapsed = 00:01:41 . Memory (MB): peak = 2982.402 ; gain = 1223.016 ; free physical = 5893 ; free virtual = 12867
---------------------------------------------------------------------------------
Synthesis finished with 0 errors, 192 critical warnings and 8 warnings.
Synthesis Optimization Runtime : Time (s): cpu = 00:01:35 ; elapsed = 00:01:37 . Memory (MB): peak = 2982.402 ; gain = 1126.516 ; free physical = 5893 ; free virtual = 12867
Synthesis Optimization Complete : Time (s): cpu = 00:01:39 ; elapsed = 00:01:41 . Memory (MB): peak = 2982.410 ; gain = 1223.016 ; free physical = 5893 ; free virtual = 12867
INFO: [Project 1-571] Translating synthesized netlist
Netlist sorting complete. Time (s): cpu = 00:00:00.09 ; elapsed = 00:00:00.09 . Memory (MB): peak = 2982.410 ; gain = 0.000 ; free physical = 6063 ; free virtual = 13037
INFO: [Netlist 29-17] Analyzing 1577 Unisim elements for replacement
INFO: [Netlist 29-28] Unisim Transformation completed in 0 CPU seconds
WARNING: [Netlist 29-101] Netlist 'aimt_scheduler' is not ideal for floorplanning, since the cellview 'aimt_scheduler' contains a large number of primitives.  Please consider enabling hierarchy in synthesis if you want to do floorplanning.
INFO: [Project 1-570] Preparing netlist for logic optimization
Parsing XDC File [/tmp/sched_synth_AIMT_7r4npxzp/c.xdc]
Finished Parsing XDC File [/tmp/sched_synth_AIMT_7r4npxzp/c.xdc]
INFO: [Opt 31-138] Pushed 0 inverter(s) to 0 load pin(s).
Netlist sorting complete. Time (s): cpu = 00:00:00.01 ; elapsed = 00:00:00 . Memory (MB): peak = 3006.414 ; gain = 0.000 ; free physical = 6063 ; free virtual = 13036
INFO: [Project 1-111] Unisim Transformation Summary:
No Unisim elements were transformed.

Synth Design complete | Checksum: 3fd6e45
INFO: [Common 17-83] Releasing license: Synthesis
17 Infos, 34 Warnings, 164 Critical Warnings and 0 Errors encountered.
synth_design completed successfully
synth_design: Time (s): cpu = 00:01:52 ; elapsed = 00:01:50 . Memory (MB): peak = 3006.449 ; gain = 1395.180 ; free physical = 6062 ; free virtual = 13036
INFO: [Common 17-2834] synth_design peak Physical Memory [PSS] (MB): overall = 2585.947; main = 2416.670; forked = 345.638
INFO: [Common 17-2834] synth_design peak Virtual Memory [VSS] (MB): overall = 3976.621; main = 3006.418; forked = 994.215
# opt_design
Command: opt_design
Attempting to get a license for feature 'Implementation' and/or device 'xc7a100t'
INFO: [Common 17-349] Got license for feature 'Implementation' and/or device 'xc7a100t'
Running DRC as a precondition to command opt_design

Starting DRC Task
INFO: [DRC 23-27] Running DRC with 8 threads
WARNING: [DRC 23-814] Not all possible (connectivity based) DRCs may have been run because this design is seen as Out of Context.
INFO: [Project 1-461] DRC finished with 0 Errors
INFO: [Project 1-462] Please refer to the DRC report (report_drc) for more information.

Time (s): cpu = 00:00:00.77 ; elapsed = 00:00:00.5 . Memory (MB): peak = 3006.449 ; gain = 0.000 ; free physical = 6063 ; free virtual = 13037

Starting Cache Timing Information Task
INFO: [Timing 38-35] Done setting XDC timing constraints.
Ending Cache Timing Information Task | Checksum: 20fb7b05a

Time (s): cpu = 00:00:07 ; elapsed = 00:00:07 . Memory (MB): peak = 3006.449 ; gain = 0.000 ; free physical = 6069 ; free virtual = 13055

Starting Logic Optimization Task

Phase 1 Initialization

Phase 1.1 Core Generation And Design Setup
Phase 1.1 Core Generation And Design Setup | Checksum: 20fb7b05a

Time (s): cpu = 00:00:00.01 ; elapsed = 00:00:00.01 . Memory (MB): peak = 3006.449 ; gain = 0.000 ; free physical = 6089 ; free virtual = 13075

Phase 1.2 Setup Constraints And Sort Netlist
Phase 1.2 Setup Constraints And Sort Netlist | Checksum: 20fb7b05a

Time (s): cpu = 00:00:00.01 ; elapsed = 00:00:00.02 . Memory (MB): peak = 3006.449 ; gain = 0.000 ; free physical = 6089 ; free virtual = 13075
Phase 1 Initialization | Checksum: 20fb7b05a

Time (s): cpu = 00:00:00.02 ; elapsed = 00:00:00.02 . Memory (MB): peak = 3006.449 ; gain = 0.000 ; free physical = 6089 ; free virtual = 13075

Phase 2 Timer Update And Timing Data Collection

Phase 2.1 Detect if minReqCache needed
Phase 2.1 Detect if minReqCache needed | Checksum: 20fb7b05a

Time (s): cpu = 00:00:00.04 ; elapsed = 00:00:00.04 . Memory (MB): peak = 3006.449 ; gain = 0.000 ; free physical = 6089 ; free virtual = 13075

Phase 2.2 Timer Update
Phase 2.2 Timer Update | Checksum: 20fb7b05a

Time (s): cpu = 00:00:00.05 ; elapsed = 00:00:00.06 . Memory (MB): peak = 3006.449 ; gain = 0.000 ; free physical = 6089 ; free virtual = 13075
Phase 2 Timer Update And Timing Data Collection | Checksum: 20fb7b05a

Time (s): cpu = 00:00:00.06 ; elapsed = 00:00:00.06 . Memory (MB): peak = 3006.449 ; gain = 0.000 ; free physical = 6089 ; free virtual = 13075

Phase 3 Retarget
INFO: [Opt 31-1851] Number of loadless carry chains removed were: 0
INFO: [Opt 31-1834] Total Chains To Be Transformed Were: 0 AND Number of Transformed insts Created are: 0
INFO: [Opt 31-138] Pushed 0 inverter(s) to 0 load pin(s).
INFO: [Opt 31-49] Retargeted 0 cell(s).
Phase 3 Retarget | Checksum: 20fb7b05a

Time (s): cpu = 00:00:00.26 ; elapsed = 00:00:00.27 . Memory (MB): peak = 3006.449 ; gain = 0.000 ; free physical = 6089 ; free virtual = 13075
Retarget | Checksum: 20fb7b05a
INFO: [Opt 31-389] Phase Retarget created 0 cells and removed 0 cells

Phase 4 Constant propagation
INFO: [Opt 31-138] Pushed 0 inverter(s) to 0 load pin(s).
Phase 4 Constant propagation | Checksum: 2a26a8fab

Time (s): cpu = 00:00:00.38 ; elapsed = 00:00:00.39 . Memory (MB): peak = 3006.449 ; gain = 0.000 ; free physical = 6089 ; free virtual = 13075
Constant propagation | Checksum: 2a26a8fab
INFO: [Opt 31-389] Phase Constant propagation created 0 cells and removed 0 cells

Phase 5 Sweep
INFO: [Constraints 18-11670] Building netlist checker database with flags, 0x8
Done building netlist checker database: Time (s): cpu = 00:00:00.01 ; elapsed = 00:00:00 . Memory (MB): peak = 3006.449 ; gain = 0.000 ; free physical = 6089 ; free virtual = 13075
Phase 5 Sweep | Checksum: 20fdbbbf9

Time (s): cpu = 00:00:00.5 ; elapsed = 00:00:00.52 . Memory (MB): peak = 3006.449 ; gain = 0.000 ; free physical = 6089 ; free virtual = 13074
Sweep | Checksum: 20fdbbbf9
INFO: [Opt 31-389] Phase Sweep created 0 cells and removed 0 cells

Phase 6 BUFG optimization
Phase 6 BUFG optimization | Checksum: 20fdbbbf9

Time (s): cpu = 00:00:00.56 ; elapsed = 00:00:00.57 . Memory (MB): peak = 3038.430 ; gain = 31.980 ; free physical = 6089 ; free virtual = 13074
BUFG optimization | Checksum: 20fdbbbf9
INFO: [Opt 31-662] Phase BUFG optimization created 0 cells of which 0 are BUFGs and removed 0 cells.

Phase 7 Shift Register Optimization
INFO: [Opt 31-1064] SRL Remap converted 0 SRLs to 0 registers and converted 0 registers of register chains to 0 SRLs
Phase 7 Shift Register Optimization | Checksum: 20fdbbbf9

Time (s): cpu = 00:00:00.58 ; elapsed = 00:00:00.59 . Memory (MB): peak = 3038.430 ; gain = 31.980 ; free physical = 6089 ; free virtual = 13074
Shift Register Optimization | Checksum: 20fdbbbf9
INFO: [Opt 31-389] Phase Shift Register Optimization created 0 cells and removed 0 cells

Phase 8 Post Processing Netlist
Phase 8 Post Processing Netlist | Checksum: 20fdbbbf9

Time (s): cpu = 00:00:00.63 ; elapsed = 00:00:00.64 . Memory (MB): peak = 3038.430 ; gain = 31.980 ; free physical = 6089 ; free virtual = 13074
Post Processing Netlist | Checksum: 20fdbbbf9
INFO: [Opt 31-389] Phase Post Processing Netlist created 0 cells and removed 0 cells

Phase 9 Finalization

Phase 9.1 Finalizing Design Cores and Updating Shapes
Phase 9.1 Finalizing Design Cores and Updating Shapes | Checksum: 21c838176

Time (s): cpu = 00:00:00.8 ; elapsed = 00:00:00.77 . Memory (MB): peak = 3038.430 ; gain = 31.980 ; free physical = 6089 ; free virtual = 13074

Phase 9.2 Verifying Netlist Connectivity

Starting Connectivity Check Task

Time (s): cpu = 00:00:00.02 ; elapsed = 00:00:00.02 . Memory (MB): peak = 3038.430 ; gain = 0.000 ; free physical = 6089 ; free virtual = 13074
Phase 9.2 Verifying Netlist Connectivity | Checksum: 21c838176

Time (s): cpu = 00:00:00.82 ; elapsed = 00:00:00.79 . Memory (MB): peak = 3038.430 ; gain = 31.980 ; free physical = 6089 ; free virtual = 13074
Phase 9 Finalization | Checksum: 21c838176

Time (s): cpu = 00:00:00.82 ; elapsed = 00:00:00.79 . Memory (MB): peak = 3038.430 ; gain = 31.980 ; free physical = 6089 ; free virtual = 13074
Opt_design Change Summary
=========================


-------------------------------------------------------------------------------------------------------------------------
|  Phase                        |  #Cells created  |  #Cells Removed  |  #Constrained objects preventing optimizations  |
-------------------------------------------------------------------------------------------------------------------------
|  Retarget                     |               0  |               0  |                                              0  |
|  Constant propagation         |               0  |               0  |                                              0  |
|  Sweep                        |               0  |               0  |                                              0  |
|  BUFG optimization            |               0  |               0  |                                              0  |
|  Shift Register Optimization  |               0  |               0  |                                              0  |
|  Post Processing Netlist      |               0  |               0  |                                              0  |
-------------------------------------------------------------------------------------------------------------------------


Ending Logic Optimization Task | Checksum: 21c838176

Time (s): cpu = 00:00:00.82 ; elapsed = 00:00:00.8 . Memory (MB): peak = 3038.430 ; gain = 31.980 ; free physical = 6089 ; free virtual = 13074

Starting Power Optimization Task
INFO: [Pwropt 34-132] Skipping clock gating for clocks with a period < 2.00 ns.
Ending Power Optimization Task | Checksum: 21c838176

Time (s): cpu = 00:00:00.01 ; elapsed = 00:00:00.02 . Memory (MB): peak = 3038.430 ; gain = 0.000 ; free physical = 6089 ; free virtual = 13074

Starting Final Cleanup Task
Ending Final Cleanup Task | Checksum: 21c838176

Time (s): cpu = 00:00:00 ; elapsed = 00:00:00 . Memory (MB): peak = 3038.430 ; gain = 0.000 ; free physical = 6089 ; free virtual = 13074
Netlist sorting complete. Time (s): cpu = 00:00:00.01 ; elapsed = 00:00:00 . Memory (MB): peak = 3038.430 ; gain = 0.000 ; free physical = 6089 ; free virtual = 13074
INFO: [Common 17-83] Releasing license: Implementation
20 Infos, 1 Warnings, 0 Critical Warnings and 0 Errors encountered.
opt_design completed successfully
opt_design: Time (s): cpu = 00:00:12 ; elapsed = 00:00:12 . Memory (MB): peak = 3038.430 ; gain = 31.980 ; free physical = 6089 ; free virtual = 13074
# report_utilization    -file util.rpt
# report_power          -file power.rpt
Command: report_power -file power.rpt
INFO: [Timing 38-35] Done setting XDC timing constraints.
Running Vector-less Activity Propagation...
WARNING: [Timing 38-242] The property HD.CLK_SRC of clock port "clk" is not set. In out-of-context mode, this prevents timing estimation for clock delay/skew
Resolution: Set the HD.CLK_SRC property of the out-of-context port to the location of the clock buffer instance in the top-level design

Finished Running Vector-less Activity Propagation
1 Infos, 1 Warnings, 0 Critical Warnings and 0 Errors encountered.
report_power completed successfully
report_power: Time (s): cpu = 00:00:12 ; elapsed = 00:00:05 . Memory (MB): peak = 3046.434 ; gain = 8.004 ; free physical = 6109 ; free virtual = 13075
# report_timing_summary -file timing.rpt
INFO: [Timing 38-91] UpdateTimingParams: Speed grade: -1, Delay Type: min_max.
INFO: [Timing 38-191] Multithreading enabled for timing update using a maximum of 4 CPUs
# puts "SCHED_PROBE_OK"
SCHED_PROBE_OK
# exit 0
INFO: [Common 17-206] Exiting Vivado at Tue Jul 28 00:46:20 2026...
