Copyright 1986-2022 Xilinx, Inc. All Rights Reserved. Copyright 2022-2025 Advanced Micro Devices, Inc. All Rights Reserved.
---------------------------------------------------------------------------------------------------------------------------------------------
| Tool Version : Vivado v.2025.2 (lin64) Build 6299465 Fri Nov 14 12:34:56 MST 2025
| Date         : Tue Jul 28 16:24:46 2026
| Host         : malinga-Modern-15-B13M running 64-bit Ubuntu 24.04.3 LTS
| Command      : report_timing_summary -file timing.rpt
| Design       : advanced_task_scheduler
| Device       : 7a100t-csg324
| Speed File   : -1  PRODUCTION 1.23 2018-06-13
| Design State : Optimized
---------------------------------------------------------------------------------------------------------------------------------------------

Timing Summary Report

------------------------------------------------------------------------------------------------
| Timer Settings
| --------------
------------------------------------------------------------------------------------------------

  Enable Multi Corner Analysis               :  Yes
  Enable Pessimism Removal                   :  Yes
  Pessimism Removal Resolution               :  Nearest Common Node
  Enable Input Delay Default Clock           :  No
  Enable Preset / Clear Arcs                 :  No
  Disable Flight Delays                      :  No
  Ignore I/O Paths                           :  No
  Timing Early Launch at Borrowing Latches   :  No
  Borrow Time for Max Delay Exceptions       :  Yes
  Merge Timing Exceptions                    :  Yes
  Inter-SLR Compensation                     :  Conservative

  Corner  Analyze    Analyze    
  Name    Max Paths  Min Paths  
  ------  ---------  ---------  
  Slow    Yes        Yes        
  Fast    Yes        Yes        


------------------------------------------------------------------------------------------------
| Report Methodology
| ------------------
------------------------------------------------------------------------------------------------

No report available as report_methodology has not been run prior. Run report_methodology on the current design for the summary of methodology violations.



check_timing report

Table of Contents
-----------------
1. checking no_clock (0)
2. checking constant_clock (0)
3. checking pulse_width_clock (0)
4. checking unconstrained_internal_endpoints (0)
5. checking no_input_delay (31)
6. checking no_output_delay (37)
7. checking multiple_clock (0)
8. checking generated_clocks (0)
9. checking loops (0)
10. checking partial_input_delay (0)
11. checking partial_output_delay (0)
12. checking latch_loops (0)

1. checking no_clock (0)
------------------------
 There are 0 register/latch pins with no clock.


2. checking constant_clock (0)
------------------------------
 There are 0 register/latch pins with constant_clock.


3. checking pulse_width_clock (0)
---------------------------------
 There are 0 register/latch pins which need pulse_width check


4. checking unconstrained_internal_endpoints (0)
------------------------------------------------
 There are 0 pins that are not constrained for maximum delay.

 There are 0 pins that are not constrained for maximum delay due to constant clock.


5. checking no_input_delay (31)
-------------------------------
 There are 31 input ports with no input delay specified. (HIGH)

 There are 0 input ports with no input delay but user has a false path constraint.


6. checking no_output_delay (37)
--------------------------------
 There are 37 ports with no output delay specified. (HIGH)

 There are 0 ports with no output delay but user has a false path constraint

 There are 0 ports with no output delay but with a timing clock defined on it or propagating through it


7. checking multiple_clock (0)
------------------------------
 There are 0 register/latch pins with multiple clocks.


8. checking generated_clocks (0)
--------------------------------
 There are 0 generated clocks that are not connected to a clock source.


9. checking loops (0)
---------------------
 There are 0 combinational loops in the design.


10. checking partial_input_delay (0)
------------------------------------
 There are 0 input ports with partial input delay specified.


11. checking partial_output_delay (0)
-------------------------------------
 There are 0 ports with partial output delay specified.


12. checking latch_loops (0)
----------------------------
 There are 0 combinational latch loops in the design through latch input



------------------------------------------------------------------------------------------------
| Design Timing Summary
| ---------------------
------------------------------------------------------------------------------------------------

    WNS(ns)      TNS(ns)  TNS Failing Endpoints  TNS Total Endpoints      WHS(ns)      THS(ns)  THS Failing Endpoints  THS Total Endpoints     WPWS(ns)     TPWS(ns)  TPWS Failing Endpoints  TPWS Total Endpoints  
    -------      -------  ---------------------  -------------------      -------      -------  ---------------------  -------------------     --------     --------  ----------------------  --------------------  
   -144.083    -4034.316                     28                 1995        0.293        0.000                      0                 1995        4.500        0.000                       0                  1002  


Timing constraints are not met.


------------------------------------------------------------------------------------------------
| Clock Summary
| -------------
------------------------------------------------------------------------------------------------

Clock  Waveform(ns)       Period(ns)      Frequency(MHz)
-----  ------------       ----------      --------------
clk    {0.000 5.000}      10.000          100.000         


------------------------------------------------------------------------------------------------
| Intra Clock Table
| -----------------
------------------------------------------------------------------------------------------------

Clock             WNS(ns)      TNS(ns)  TNS Failing Endpoints  TNS Total Endpoints      WHS(ns)      THS(ns)  THS Failing Endpoints  THS Total Endpoints     WPWS(ns)     TPWS(ns)  TPWS Failing Endpoints  TPWS Total Endpoints  
-----             -------      -------  ---------------------  -------------------      -------      -------  ---------------------  -------------------     --------     --------  ----------------------  --------------------  
clk              -144.083    -4034.316                     28                 1995        0.293        0.000                      0                 1995        4.500        0.000                       0                  1002  


------------------------------------------------------------------------------------------------
| Inter Clock Table
| -----------------
------------------------------------------------------------------------------------------------

From Clock    To Clock          WNS(ns)      TNS(ns)  TNS Failing Endpoints  TNS Total Endpoints      WHS(ns)      THS(ns)  THS Failing Endpoints  THS Total Endpoints  
----------    --------          -------      -------  ---------------------  -------------------      -------      -------  ---------------------  -------------------  


------------------------------------------------------------------------------------------------
| Other Path Groups Table
| -----------------------
------------------------------------------------------------------------------------------------

Path Group    From Clock    To Clock          WNS(ns)      TNS(ns)  TNS Failing Endpoints  TNS Total Endpoints      WHS(ns)      THS(ns)  THS Failing Endpoints  THS Total Endpoints  
----------    ----------    --------          -------      -------  ---------------------  -------------------      -------      -------  ---------------------  -------------------  


------------------------------------------------------------------------------------------------
| Timing Details
| --------------
------------------------------------------------------------------------------------------------


---------------------------------------------------------------------------------------------------
From Clock:  clk
  To Clock:  clk

Setup :           28  Failing Endpoints,  Worst Slack     -144.083ns,  Total Violation    -4034.316ns
Hold  :            0  Failing Endpoints,  Worst Slack        0.293ns,  Total Violation        0.000ns
PW    :            0  Failing Endpoints,  Worst Slack        4.500ns,  Total Violation        0.000ns
---------------------------------------------------------------------------------------------------


Max Delay Paths
--------------------------------------------------------------------------------------
Slack (VIOLATED) :        -144.083ns  (required time - arrival time)
  Source:                 task_queue_reg[0][wait_time][1]/C
                            (rising edge-triggered cell FDCE clocked by clk  {rise@0.000ns fall@5.000ns period=10.000ns})
  Destination:            scheduled_burst_time_reg[0]/D
                            (rising edge-triggered cell FDCE clocked by clk  {rise@0.000ns fall@5.000ns period=10.000ns})
  Path Group:             clk
  Path Type:              Setup (Max at Slow Process Corner)
  Requirement:            10.000ns  (clk rise@10.000ns - clk rise@0.000ns)
  Data Path Delay:        154.043ns  (logic 113.039ns (73.382%)  route 41.004ns (26.618%))
  Logic Levels:           155  (CARRY4=79 DSP48E1=30 LUT2=1 LUT3=4 LUT4=17 LUT5=16 LUT6=8)
  Clock Path Skew:        -0.049ns (DCD - SCD + CPR)
    Destination Clock Delay (DCD):    0.924ns = ( 10.924 - 10.000 ) 
    Source Clock Delay      (SCD):    0.973ns
    Clock Pessimism Removal (CPR):    0.000ns
  Clock Uncertainty:      0.035ns  ((TSJ^2 + TIJ^2)^1/2 + DJ) / 2 + PE
    Total System Jitter     (TSJ):    0.071ns
    Total Input Jitter      (TIJ):    0.000ns
    Discrete Jitter          (DJ):    0.000ns
    Phase Error              (PE):    0.000ns

    Location             Delay type                Incr(ns)  Path(ns)    Netlist Resource(s)
  -------------------------------------------------------------------    -------------------
                         (clock clk rise edge)        0.000     0.000 r  
                                                      0.000     0.000 r  clk (IN)
                         net (fo=1001, unset)         0.973     0.973    clk
                         FDCE                                         r  task_queue_reg[0][wait_time][1]/C
  -------------------------------------------------------------------    -------------------
                         FDCE (Prop_fdce_C_Q)         0.478     1.451 r  task_queue_reg[0][wait_time][1]/Q
                         net (fo=3, unplaced)         0.488     1.939    task_queue_reg[0][wait_time_n_0_][1]
                         LUT2 (Prop_lut2_I0_O)        0.295     2.234 r  found3_i_41/O
                         net (fo=1, unplaced)         0.000     2.234    found3_i_41_n_0
                         CARRY4 (Prop_carry4_S[1]_CO[3])
                                                      0.533     2.767 r  found3_i_26/CO[3]
                         net (fo=1, unplaced)         0.000     2.767    found3_i_26_n_0
                         CARRY4 (Prop_carry4_CI_CO[3])
                                                      0.117     2.884 r  found3_i_25/CO[3]
                         net (fo=1, unplaced)         0.000     2.884    found3_i_25_n_0
                         CARRY4 (Prop_carry4_CI_CO[3])
                                                      0.117     3.001 r  found3_i_24/CO[3]
                         net (fo=1, unplaced)         0.000     3.001    found3_i_24_n_0
                         CARRY4 (Prop_carry4_CI_O[3])
                                                      0.331     3.332 r  found3_i_23/O[3]
                         net (fo=3, unplaced)         0.466     3.798    found3_i_23_n_4
                         LUT6 (Prop_lut6_I5_O)        0.307     4.105 r  found3_i_2/O
                         net (fo=1, unplaced)         0.803     4.908    best_num[15]
                         DSP48E1 (Prop_dsp48e1_A[15]_PCOUT[47])
                                                      4.036     8.944 r  found3/PCOUT[47]
                         net (fo=1, unplaced)         0.000     8.944    found3_n_106
                         DSP48E1 (Prop_dsp48e1_PCIN[47]_P[0])
                                                      1.518    10.462 f  found3__0/P[0]
                         net (fo=2, unplaced)         0.803    11.265    found3__0_n_105
                         LUT4 (Prop_lut4_I0_O)        0.146    11.411 r  found3__3_i_58/O
                         net (fo=1, unplaced)         0.000    11.411    found3__3_i_58_n_0
                         CARRY4 (Prop_carry4_DI[0]_CO[3])
                                                      0.576    11.987 r  found3__3_i_45/CO[3]
                         net (fo=1, unplaced)         0.000    11.987    found3__3_i_45_n_0
                         CARRY4 (Prop_carry4_CI_CO[3])
                                                      0.117    12.104 r  found3__3_i_36/CO[3]
                         net (fo=1, unplaced)         0.000    12.104    found3__3_i_36_n_0
                         CARRY4 (Prop_carry4_CI_CO[3])
                                                      0.117    12.221 r  found3__3_i_27/CO[3]
                         net (fo=1, unplaced)         0.000    12.221    found3__3_i_27_n_0
                         CARRY4 (Prop_carry4_CI_CO[3])
                                                      0.117    12.338 r  found3__3_i_24/CO[3]
                         net (fo=1, unplaced)         0.000    12.338    found3__3_i_24_n_0
                         CARRY4 (Prop_carry4_CI_CO[0])
                                                      0.281    12.619 r  found3__3_i_19/CO[0]
                         net (fo=50, unplaced)        0.393    13.012    found2
                         LUT5 (Prop_lut5_I3_O)        0.367    13.379 r  found3__3_i_1/O
                         net (fo=2, unplaced)         0.803    14.182    found3__3_i_1_n_0
                         DSP48E1 (Prop_dsp48e1_A[16]_PCOUT[47])
                                                      4.036    18.218 r  found3__3/PCOUT[47]
                         net (fo=1, unplaced)         0.000    18.218    found3__3_n_106
                         DSP48E1 (Prop_dsp48e1_PCIN[47]_P[0])
                                                      1.518    19.736 f  found3__4/P[0]
                         net (fo=2, unplaced)         0.803    20.538    found3__4_n_105
                         LUT4 (Prop_lut4_I0_O)        0.146    20.684 r  found3__7_i_60/O
                         net (fo=1, unplaced)         0.000    20.684    found3__7_i_60_n_0
                         CARRY4 (Prop_carry4_DI[0]_CO[3])
                                                      0.576    21.260 r  found3__7_i_47/CO[3]
                         net (fo=1, unplaced)         0.000    21.260    found3__7_i_47_n_0
                         CARRY4 (Prop_carry4_CI_CO[3])
                                                      0.117    21.377 r  found3__7_i_38/CO[3]
                         net (fo=1, unplaced)         0.000    21.377    found3__7_i_38_n_0
                         CARRY4 (Prop_carry4_CI_CO[3])
                                                      0.117    21.494 r  found3__7_i_29/CO[3]
                         net (fo=1, unplaced)         0.000    21.494    found3__7_i_29_n_0
                         CARRY4 (Prop_carry4_CI_CO[3])
                                                      0.117    21.611 r  found3__7_i_26/CO[3]
                         net (fo=1, unplaced)         0.000    21.611    found3__7_i_26_n_0
                         CARRY4 (Prop_carry4_CI_CO[0])
                                                      0.281    21.892 r  found3__7_i_21/CO[0]
                         net (fo=1, unplaced)         0.311    22.203    found21_in
                         LUT4 (Prop_lut4_I3_O)        0.367    22.570 r  found3__7_i_18/O
                         net (fo=100, unplaced)       0.519    23.089    found3__7_i_18_n_0
                         LUT6 (Prop_lut6_I1_O)        0.124    23.213 r  found3__7_i_1/O
                         net (fo=2, unplaced)         0.803    24.016    found3__7_i_1_n_0
                         DSP48E1 (Prop_dsp48e1_A[16]_PCOUT[47])
                                                      4.036    28.052 r  found3__7/PCOUT[47]
                         net (fo=1, unplaced)         0.000    28.052    found3__7_n_106
                         DSP48E1 (Prop_dsp48e1_PCIN[47]_P[0])
                                                      1.518    29.570 f  found3__8/P[0]
                         net (fo=2, unplaced)         0.803    30.373    found3__8_n_105
                         LUT4 (Prop_lut4_I0_O)        0.146    30.519 r  found3__11_i_59/O
                         net (fo=1, unplaced)         0.000    30.519    found3__11_i_59_n_0
                         CARRY4 (Prop_carry4_DI[0]_CO[3])
                                                      0.576    31.095 r  found3__11_i_46/CO[3]
                         net (fo=1, unplaced)         0.000    31.095    found3__11_i_46_n_0
                         CARRY4 (Prop_carry4_CI_CO[3])
                                                      0.117    31.212 r  found3__11_i_37/CO[3]
                         net (fo=1, unplaced)         0.000    31.212    found3__11_i_37_n_0
                         CARRY4 (Prop_carry4_CI_CO[3])
                                                      0.117    31.329 r  found3__11_i_28/CO[3]
                         net (fo=1, unplaced)         0.000    31.329    found3__11_i_28_n_0
                         CARRY4 (Prop_carry4_CI_CO[3])
                                                      0.117    31.446 r  found3__11_i_25/CO[3]
                         net (fo=1, unplaced)         0.000    31.446    found3__11_i_25_n_0
                         CARRY4 (Prop_carry4_CI_CO[0])
                                                      0.281    31.727 r  found3__11_i_20/CO[0]
                         net (fo=1, unplaced)         0.311    32.038    found24_in
                         LUT5 (Prop_lut5_I4_O)        0.367    32.405 r  found3__11_i_18/O
                         net (fo=100, unplaced)       0.832    33.237    found3__11_i_18_n_0
                         LUT5 (Prop_lut5_I1_O)        0.124    33.361 r  found3__11_i_1/O
                         net (fo=2, unplaced)         0.803    34.164    found3__11_i_1_n_0
                         DSP48E1 (Prop_dsp48e1_A[16]_PCOUT[47])
                                                      4.036    38.200 r  found3__11/PCOUT[47]
                         net (fo=1, unplaced)         0.000    38.200    found3__11_n_106
                         DSP48E1 (Prop_dsp48e1_PCIN[47]_P[0])
                                                      1.518    39.718 f  found3__12/P[0]
                         net (fo=2, unplaced)         0.803    40.521    found3__12_n_105
                         LUT4 (Prop_lut4_I0_O)        0.146    40.667 r  found3__15_i_59/O
                         net (fo=1, unplaced)         0.000    40.667    found3__15_i_59_n_0
                         CARRY4 (Prop_carry4_DI[0]_CO[3])
                                                      0.576    41.243 r  found3__15_i_46/CO[3]
                         net (fo=1, unplaced)         0.000    41.243    found3__15_i_46_n_0
                         CARRY4 (Prop_carry4_CI_CO[3])
                                                      0.117    41.360 r  found3__15_i_37/CO[3]
                         net (fo=1, unplaced)         0.000    41.360    found3__15_i_37_n_0
                         CARRY4 (Prop_carry4_CI_CO[3])
                                                      0.117    41.477 r  found3__15_i_28/CO[3]
                         net (fo=1, unplaced)         0.000    41.477    found3__15_i_28_n_0
                         CARRY4 (Prop_carry4_CI_CO[3])
                                                      0.117    41.594 r  found3__15_i_25/CO[3]
                         net (fo=1, unplaced)         0.000    41.594    found3__15_i_25_n_0
                         CARRY4 (Prop_carry4_CI_CO[0])
                                                      0.281    41.875 r  found3__15_i_20/CO[0]
                         net (fo=1, unplaced)         0.311    42.186    found27_in
                         LUT6 (Prop_lut6_I5_O)        0.367    42.553 r  found3__15_i_18/O
                         net (fo=101, unplaced)       0.832    43.385    found3__15_i_18_n_0
                         LUT5 (Prop_lut5_I1_O)        0.124    43.509 r  found3__15_i_1/O
                         net (fo=2, unplaced)         0.803    44.312    found3__15_i_1_n_0
                         DSP48E1 (Prop_dsp48e1_A[16]_PCOUT[47])
                                                      4.036    48.348 r  found3__15/PCOUT[47]
                         net (fo=1, unplaced)         0.000    48.348    found3__15_n_106
                         DSP48E1 (Prop_dsp48e1_PCIN[47]_P[0])
                                                      1.518    49.866 f  found3__16/P[0]
                         net (fo=2, unplaced)         0.803    50.669    found3__16_n_105
                         LUT4 (Prop_lut4_I0_O)        0.146    50.815 r  found3__19_i_60/O
                         net (fo=1, unplaced)         0.000    50.815    found3__19_i_60_n_0
                         CARRY4 (Prop_carry4_DI[0]_CO[3])
                                                      0.576    51.391 r  found3__19_i_47/CO[3]
                         net (fo=1, unplaced)         0.000    51.391    found3__19_i_47_n_0
                         CARRY4 (Prop_carry4_CI_CO[3])
                                                      0.117    51.508 r  found3__19_i_38/CO[3]
                         net (fo=1, unplaced)         0.000    51.508    found3__19_i_38_n_0
                         CARRY4 (Prop_carry4_CI_CO[3])
                                                      0.117    51.625 r  found3__19_i_29/CO[3]
                         net (fo=1, unplaced)         0.000    51.625    found3__19_i_29_n_0
                         CARRY4 (Prop_carry4_CI_CO[3])
                                                      0.117    51.742 r  found3__19_i_24/CO[3]
                         net (fo=1, unplaced)         0.000    51.742    found3__19_i_24_n_0
                         CARRY4 (Prop_carry4_CI_CO[0])
                                                      0.281    52.023 r  found3__19_i_21/CO[0]
                         net (fo=1, unplaced)         0.311    52.334    found210_in
                         LUT3 (Prop_lut3_I2_O)        0.367    52.701 r  found3__19_i_18/O
                         net (fo=85, unplaced)        0.827    53.528    found3__19_i_18_n_0
                         LUT5 (Prop_lut5_I1_O)        0.124    53.652 r  found3__19_i_1/O
                         net (fo=2, unplaced)         0.803    54.454    found3__19_i_1_n_0
                         DSP48E1 (Prop_dsp48e1_A[16]_PCOUT[47])
                                                      4.036    58.490 r  found3__19/PCOUT[47]
                         net (fo=1, unplaced)         0.000    58.490    found3__19_n_106
                         DSP48E1 (Prop_dsp48e1_PCIN[47]_P[0])
                                                      1.518    60.008 f  found3__20/P[0]
                         net (fo=2, unplaced)         0.803    60.811    found3__20_n_105
                         LUT4 (Prop_lut4_I0_O)        0.146    60.957 r  found3__25_i_79/O
                         net (fo=1, unplaced)         0.000    60.957    found3__25_i_79_n_0
                         CARRY4 (Prop_carry4_DI[0]_CO[3])
                                                      0.576    61.533 r  found3__25_i_66/CO[3]
                         net (fo=1, unplaced)         0.000    61.533    found3__25_i_66_n_0
                         CARRY4 (Prop_carry4_CI_CO[3])
                                                      0.117    61.650 r  found3__25_i_57/CO[3]
                         net (fo=1, unplaced)         0.000    61.650    found3__25_i_57_n_0
                         CARRY4 (Prop_carry4_CI_CO[3])
                                                      0.117    61.767 r  found3__25_i_47/CO[3]
                         net (fo=1, unplaced)         0.000    61.767    found3__25_i_47_n_0
                         CARRY4 (Prop_carry4_CI_CO[3])
                                                      0.117    61.884 r  found3__25_i_42/CO[3]
                         net (fo=1, unplaced)         0.000    61.884    found3__25_i_42_n_0
                         CARRY4 (Prop_carry4_CI_CO[0])
                                                      0.281    62.165 r  found3__25_i_24/CO[0]
                         net (fo=17, unplaced)        0.367    62.532    found213_in
                         LUT3 (Prop_lut3_I2_O)        0.367    62.899 r  found3__23_i_18/O
                         net (fo=85, unplaced)        0.827    63.726    found3__23_i_18_n_0
                         LUT5 (Prop_lut5_I1_O)        0.124    63.850 r  found3__23_i_1/O
                         net (fo=2, unplaced)         0.803    64.653    found3__23_i_1_n_0
                         DSP48E1 (Prop_dsp48e1_A[16]_PCOUT[47])
                                                      4.036    68.689 r  found3__23/PCOUT[47]
                         net (fo=1, unplaced)         0.000    68.689    found3__23_n_106
                         DSP48E1 (Prop_dsp48e1_PCIN[47]_P[0])
                                                      1.518    70.207 f  found3__24/P[0]
                         net (fo=2, unplaced)         0.803    71.010    found3__24_n_105
                         LUT4 (Prop_lut4_I0_O)        0.146    71.156 r  found3__27_i_59/O
                         net (fo=1, unplaced)         0.000    71.156    found3__27_i_59_n_0
                         CARRY4 (Prop_carry4_DI[0]_CO[3])
                                                      0.576    71.732 r  found3__27_i_46/CO[3]
                         net (fo=1, unplaced)         0.000    71.732    found3__27_i_46_n_0
                         CARRY4 (Prop_carry4_CI_CO[3])
                                                      0.117    71.849 r  found3__27_i_37/CO[3]
                         net (fo=1, unplaced)         0.000    71.849    found3__27_i_37_n_0
                         CARRY4 (Prop_carry4_CI_CO[3])
                                                      0.117    71.966 r  found3__27_i_28/CO[3]
                         net (fo=1, unplaced)         0.000    71.966    found3__27_i_28_n_0
                         CARRY4 (Prop_carry4_CI_CO[3])
                                                      0.117    72.083 r  found3__27_i_25/CO[3]
                         net (fo=1, unplaced)         0.000    72.083    found3__27_i_25_n_0
                         CARRY4 (Prop_carry4_CI_CO[0])
                                                      0.281    72.364 r  found3__27_i_20/CO[0]
                         net (fo=1, unplaced)         0.311    72.675    found216_in
                         LUT4 (Prop_lut4_I3_O)        0.367    73.042 r  found3__27_i_18/O
                         net (fo=85, unplaced)        0.827    73.869    found3__27_i_18_n_0
                         LUT5 (Prop_lut5_I1_O)        0.124    73.993 r  found3__27_i_1/O
                         net (fo=2, unplaced)         0.803    74.796    found3__27_i_1_n_0
                         DSP48E1 (Prop_dsp48e1_A[16]_PCOUT[47])
                                                      4.036    78.832 r  found3__27/PCOUT[47]
                         net (fo=1, unplaced)         0.000    78.832    found3__27_n_106
                         DSP48E1 (Prop_dsp48e1_PCIN[47]_P[0])
                                                      1.518    80.350 f  found3__28/P[0]
                         net (fo=2, unplaced)         0.803    81.153    found3__28_n_105
                         LUT4 (Prop_lut4_I0_O)        0.146    81.299 r  found3__31_i_59/O
                         net (fo=1, unplaced)         0.000    81.299    found3__31_i_59_n_0
                         CARRY4 (Prop_carry4_DI[0]_CO[3])
                                                      0.576    81.875 r  found3__31_i_46/CO[3]
                         net (fo=1, unplaced)         0.000    81.875    found3__31_i_46_n_0
                         CARRY4 (Prop_carry4_CI_CO[3])
                                                      0.117    81.992 r  found3__31_i_37/CO[3]
                         net (fo=1, unplaced)         0.000    81.992    found3__31_i_37_n_0
                         CARRY4 (Prop_carry4_CI_CO[3])
                                                      0.117    82.109 r  found3__31_i_27/CO[3]
                         net (fo=1, unplaced)         0.000    82.109    found3__31_i_27_n_0
                         CARRY4 (Prop_carry4_CI_CO[3])
                                                      0.117    82.226 r  found3__31_i_22/CO[3]
                         net (fo=1, unplaced)         0.000    82.226    found3__31_i_22_n_0
                         CARRY4 (Prop_carry4_CI_CO[0])
                                                      0.281    82.507 r  found3__31_i_20/CO[0]
                         net (fo=1, unplaced)         0.311    82.818    found219_in
                         LUT5 (Prop_lut5_I4_O)        0.367    83.185 r  found3__31_i_18/O
                         net (fo=101, unplaced)       0.832    84.017    found3__31_i_18_n_0
                         LUT5 (Prop_lut5_I1_O)        0.124    84.141 r  found3__31_i_1/O
                         net (fo=1, unplaced)         0.803    84.944    found3__31_i_1_n_0
                         DSP48E1 (Prop_dsp48e1_A[16]_PCOUT[47])
                                                      4.036    88.980 r  found3__31/PCOUT[47]
                         net (fo=1, unplaced)         0.000    88.980    found3__31_n_106
                         DSP48E1 (Prop_dsp48e1_PCIN[47]_P[0])
                                                      1.518    90.498 f  found3__32/P[0]
                         net (fo=2, unplaced)         0.803    91.300    found3__32_n_105
                         LUT4 (Prop_lut4_I0_O)        0.146    91.446 r  found3__35_i_59/O
                         net (fo=1, unplaced)         0.000    91.446    found3__35_i_59_n_0
                         CARRY4 (Prop_carry4_DI[0]_CO[3])
                                                      0.576    92.022 r  found3__35_i_46/CO[3]
                         net (fo=1, unplaced)         0.000    92.022    found3__35_i_46_n_0
                         CARRY4 (Prop_carry4_CI_CO[3])
                                                      0.117    92.139 r  found3__35_i_37/CO[3]
                         net (fo=1, unplaced)         0.000    92.139    found3__35_i_37_n_0
                         CARRY4 (Prop_carry4_CI_CO[3])
                                                      0.117    92.256 r  found3__35_i_28/CO[3]
                         net (fo=1, unplaced)         0.000    92.256    found3__35_i_28_n_0
                         CARRY4 (Prop_carry4_CI_CO[3])
                                                      0.117    92.373 r  found3__35_i_23/CO[3]
                         net (fo=1, unplaced)         0.000    92.373    found3__35_i_23_n_0
                         CARRY4 (Prop_carry4_CI_CO[0])
                                                      0.281    92.654 r  found3__35_i_20/CO[0]
                         net (fo=1, unplaced)         0.311    92.965    found222_in
                         LUT6 (Prop_lut6_I5_O)        0.367    93.332 r  found3__35_i_18/O
                         net (fo=52, unplaced)        0.815    94.147    found3__35_i_18_n_0
                         LUT5 (Prop_lut5_I1_O)        0.124    94.271 r  found3__35_i_1/O
                         net (fo=3, unplaced)         0.803    95.074    found3__35_i_1_n_0
                         DSP48E1 (Prop_dsp48e1_A[16]_PCOUT[47])
                                                      4.036    99.110 r  found3__35/PCOUT[47]
                         net (fo=1, unplaced)         0.000    99.110    found3__35_n_106
                         DSP48E1 (Prop_dsp48e1_PCIN[47]_P[0])
                                                      1.518   100.628 f  found3__36/P[0]
                         net (fo=2, unplaced)         0.803   101.431    found3__36_n_105
                         LUT4 (Prop_lut4_I0_O)        0.146   101.577 r  found3__39_i_59/O
                         net (fo=1, unplaced)         0.000   101.577    found3__39_i_59_n_0
                         CARRY4 (Prop_carry4_DI[0]_CO[3])
                                                      0.576   102.153 r  found3__39_i_46/CO[3]
                         net (fo=1, unplaced)         0.000   102.153    found3__39_i_46_n_0
                         CARRY4 (Prop_carry4_CI_CO[3])
                                                      0.117   102.270 r  found3__39_i_37/CO[3]
                         net (fo=1, unplaced)         0.000   102.270    found3__39_i_37_n_0
                         CARRY4 (Prop_carry4_CI_CO[3])
                                                      0.117   102.387 r  found3__39_i_27/CO[3]
                         net (fo=1, unplaced)         0.000   102.387    found3__39_i_27_n_0
                         CARRY4 (Prop_carry4_CI_CO[3])
                                                      0.117   102.504 r  found3__39_i_22/CO[3]
                         net (fo=1, unplaced)         0.000   102.504    found3__39_i_22_n_0
                         CARRY4 (Prop_carry4_CI_CO[0])
                                                      0.281   102.785 r  found3__39_i_20/CO[0]
                         net (fo=34, unplaced)        0.543   103.328    found225_in
                         LUT5 (Prop_lut5_I2_O)        0.367   103.695 r  found3__39_i_1/O
                         net (fo=1, unplaced)         0.803   104.498    found3__39_i_1_n_0
                         DSP48E1 (Prop_dsp48e1_A[16]_PCOUT[47])
                                                      4.036   108.534 r  found3__39/PCOUT[47]
                         net (fo=1, unplaced)         0.000   108.534    found3__39_n_106
                         DSP48E1 (Prop_dsp48e1_PCIN[47]_P[0])
                                                      1.518   110.052 f  found3__40/P[0]
                         net (fo=2, unplaced)         0.803   110.855    found3__40_n_105
                         LUT4 (Prop_lut4_I0_O)        0.146   111.001 r  found3__43_i_54/O
                         net (fo=1, unplaced)         0.000   111.001    found3__43_i_54_n_0
                         CARRY4 (Prop_carry4_DI[0]_CO[3])
                                                      0.576   111.577 r  found3__43_i_41/CO[3]
                         net (fo=1, unplaced)         0.000   111.577    found3__43_i_41_n_0
                         CARRY4 (Prop_carry4_CI_CO[3])
                                                      0.117   111.694 r  found3__43_i_32/CO[3]
                         net (fo=1, unplaced)         0.000   111.694    found3__43_i_32_n_0
                         CARRY4 (Prop_carry4_CI_CO[3])
                                                      0.117   111.811 r  found3__43_i_23/CO[3]
                         net (fo=1, unplaced)         0.000   111.811    found3__43_i_23_n_0
                         CARRY4 (Prop_carry4_CI_CO[3])
                                                      0.117   111.928 r  found3__43_i_20/CO[3]
                         net (fo=1, unplaced)         0.000   111.928    found3__43_i_20_n_0
                         CARRY4 (Prop_carry4_CI_CO[0])
                                                      0.281   112.209 r  found3__43_i_19/CO[0]
                         net (fo=1, unplaced)         0.311   112.520    found228_in
                         LUT3 (Prop_lut3_I2_O)        0.367   112.887 r  found3__43_i_18/O
                         net (fo=52, unplaced)        0.815   113.702    found3__43_i_18_n_0
                         LUT5 (Prop_lut5_I1_O)        0.124   113.826 r  found3__43_i_1/O
                         net (fo=3, unplaced)         0.803   114.629    found3__43_i_1_n_0
                         DSP48E1 (Prop_dsp48e1_A[16]_PCOUT[47])
                                                      4.036   118.665 r  found3__43/PCOUT[47]
                         net (fo=1, unplaced)         0.000   118.665    found3__43_n_106
                         DSP48E1 (Prop_dsp48e1_PCIN[47]_P[0])
                                                      1.518   120.183 f  found3__44/P[0]
                         net (fo=2, unplaced)         0.803   120.986    found3__44_n_105
                         LUT4 (Prop_lut4_I0_O)        0.146   121.132 r  found3__47_i_64/O
                         net (fo=1, unplaced)         0.000   121.132    found3__47_i_64_n_0
                         CARRY4 (Prop_carry4_DI[0]_CO[3])
                                                      0.576   121.708 r  found3__47_i_51/CO[3]
                         net (fo=1, unplaced)         0.000   121.708    found3__47_i_51_n_0
                         CARRY4 (Prop_carry4_CI_CO[3])
                                                      0.117   121.825 r  found3__47_i_42/CO[3]
                         net (fo=1, unplaced)         0.000   121.825    found3__47_i_42_n_0
                         CARRY4 (Prop_carry4_CI_CO[3])
                                                      0.117   121.941 r  found3__47_i_32/CO[3]
                         net (fo=1, unplaced)         0.000   121.941    found3__47_i_32_n_0
                         CARRY4 (Prop_carry4_CI_CO[3])
                                                      0.117   122.058 r  found3__47_i_25/CO[3]
                         net (fo=1, unplaced)         0.000   122.058    found3__47_i_25_n_0
                         CARRY4 (Prop_carry4_CI_CO[0])
                                                      0.281   122.339 r  found3__47_i_21/CO[0]
                         net (fo=34, unplaced)        0.543   122.882    found231_in
                         LUT6 (Prop_lut6_I3_O)        0.367   123.249 r  found3__47_i_1/O
                         net (fo=1, unplaced)         0.803   124.052    found3__47_i_1_n_0
                         DSP48E1 (Prop_dsp48e1_A[16]_PCOUT[47])
                                                      4.036   128.088 r  found3__47/PCOUT[47]
                         net (fo=1, unplaced)         0.000   128.088    found3__47_n_106
                         DSP48E1 (Prop_dsp48e1_PCIN[47]_P[0])
                                                      1.518   129.606 f  found3__48/P[0]
                         net (fo=2, unplaced)         0.803   130.409    found3__48_n_105
                         LUT4 (Prop_lut4_I0_O)        0.146   130.555 r  found3__51_i_59/O
                         net (fo=1, unplaced)         0.000   130.555    found3__51_i_59_n_0
                         CARRY4 (Prop_carry4_DI[0]_CO[3])
                                                      0.576   131.131 r  found3__51_i_46/CO[3]
                         net (fo=1, unplaced)         0.000   131.131    found3__51_i_46_n_0
                         CARRY4 (Prop_carry4_CI_CO[3])
                                                      0.117   131.248 r  found3__51_i_37/CO[3]
                         net (fo=1, unplaced)         0.000   131.248    found3__51_i_37_n_0
                         CARRY4 (Prop_carry4_CI_CO[3])
                                                      0.117   131.365 r  found3__51_i_28/CO[3]
                         net (fo=1, unplaced)         0.000   131.365    found3__51_i_28_n_0
                         CARRY4 (Prop_carry4_CI_CO[3])
                                                      0.117   131.482 r  found3__51_i_23/CO[3]
                         net (fo=1, unplaced)         0.000   131.482    found3__51_i_23_n_0
                         CARRY4 (Prop_carry4_CI_CO[0])
                                                      0.281   131.763 r  found3__51_i_20/CO[0]
                         net (fo=1, unplaced)         0.311   132.074    found234_in
                         LUT5 (Prop_lut5_I1_O)        0.367   132.441 r  found3__51_i_18/O
                         net (fo=52, unplaced)        0.815   133.256    found3__51_i_18_n_0
                         LUT5 (Prop_lut5_I1_O)        0.124   133.380 r  found3__51_i_1/O
                         net (fo=2, unplaced)         0.803   134.183    found3__51_i_1_n_0
                         DSP48E1 (Prop_dsp48e1_A[16]_PCOUT[47])
                                                      4.036   138.219 r  found3__51/PCOUT[47]
                         net (fo=1, unplaced)         0.000   138.219    found3__51_n_106
                         DSP48E1 (Prop_dsp48e1_PCIN[47]_P[0])
                                                      1.518   139.737 f  found3__52/P[0]
                         net (fo=2, unplaced)         0.803   140.540    found3__52_n_105
                         LUT4 (Prop_lut4_I0_O)        0.146   140.686 r  highest_idx3_i_59/O
                         net (fo=1, unplaced)         0.000   140.686    highest_idx3_i_59_n_0
                         CARRY4 (Prop_carry4_DI[0]_CO[3])
                                                      0.576   141.262 r  highest_idx3_i_46/CO[3]
                         net (fo=1, unplaced)         0.000   141.262    highest_idx3_i_46_n_0
                         CARRY4 (Prop_carry4_CI_CO[3])
                                                      0.117   141.379 r  highest_idx3_i_37/CO[3]
                         net (fo=1, unplaced)         0.000   141.379    highest_idx3_i_37_n_0
                         CARRY4 (Prop_carry4_CI_CO[3])
                                                      0.117   141.496 r  highest_idx3_i_27/CO[3]
                         net (fo=1, unplaced)         0.000   141.496    highest_idx3_i_27_n_0
                         CARRY4 (Prop_carry4_CI_CO[3])
                                                      0.117   141.613 r  highest_idx3_i_22/CO[3]
                         net (fo=1, unplaced)         0.000   141.613    highest_idx3_i_22_n_0
                         CARRY4 (Prop_carry4_CI_CO[0])
                                                      0.281   141.894 r  highest_idx3_i_20/CO[0]
                         net (fo=1, unplaced)         0.311   142.205    found237_in
                         LUT6 (Prop_lut6_I5_O)        0.367   142.572 r  highest_idx3_i_18/O
                         net (fo=53, unplaced)        0.503   143.075    highest_idx3_i_18_n_0
                         LUT3 (Prop_lut3_I1_O)        0.124   143.199 r  highest_idx3_i_1/O
                         net (fo=1, unplaced)         0.803   144.002    highest_idx3_i_1_n_0
                         DSP48E1 (Prop_dsp48e1_A[16]_PCOUT[47])
                                                      4.036   148.038 r  highest_idx3/PCOUT[47]
                         net (fo=1, unplaced)         0.000   148.038    highest_idx3_n_106
                         DSP48E1 (Prop_dsp48e1_PCIN[47]_P[0])
                                                      1.518   149.556 f  highest_idx3__0/P[0]
                         net (fo=2, unplaced)         0.803   150.359    highest_idx3__0_n_105
                         LUT4 (Prop_lut4_I0_O)        0.146   150.505 r  scheduled_task_id[7]_i_60/O
                         net (fo=1, unplaced)         0.000   150.505    scheduled_task_id[7]_i_60_n_0
                         CARRY4 (Prop_carry4_DI[0]_CO[3])
                                                      0.576   151.081 r  scheduled_task_id_reg[7]_i_47/CO[3]
                         net (fo=1, unplaced)         0.000   151.081    scheduled_task_id_reg[7]_i_47_n_0
                         CARRY4 (Prop_carry4_CI_CO[3])
                                                      0.117   151.198 r  scheduled_task_id_reg[7]_i_38/CO[3]
                         net (fo=1, unplaced)         0.000   151.198    scheduled_task_id_reg[7]_i_38_n_0
                         CARRY4 (Prop_carry4_CI_CO[3])
                                                      0.117   151.315 r  scheduled_task_id_reg[7]_i_29/CO[3]
                         net (fo=1, unplaced)         0.000   151.315    scheduled_task_id_reg[7]_i_29_n_0
                         CARRY4 (Prop_carry4_CI_CO[3])
                                                      0.117   151.432 r  scheduled_task_id_reg[7]_i_25/CO[3]
                         net (fo=1, unplaced)         0.000   151.432    scheduled_task_id_reg[7]_i_25_n_0
                         CARRY4 (Prop_carry4_CI_CO[0])
                                                      0.281   151.713 f  scheduled_task_id_reg[7]_i_21/CO[0]
                         net (fo=2, unplaced)         0.322   152.035    highest_idx2
                         LUT5 (Prop_lut5_I4_O)        0.367   152.402 r  scheduled_task_id[7]_i_10/O
                         net (fo=3, unplaced)         0.959   153.361    scheduled_task_id[7]_i_10_n_0
                         LUT5 (Prop_lut5_I0_O)        0.124   153.485 r  scheduled_task_id[7]_i_9/O
                         net (fo=112, unplaced)       0.551   154.036    scheduled_task_id[7]_i_9_n_0
                         LUT6 (Prop_lut6_I4_O)        0.124   154.160 r  scheduled_burst_time[0]_i_3/O
                         net (fo=1, unplaced)         0.732   154.892    scheduled_burst_time[0]_i_3_n_0
                         LUT6 (Prop_lut6_I1_O)        0.124   155.016 r  scheduled_burst_time[0]_i_1/O
                         net (fo=1, unplaced)         0.000   155.016    scheduled_burst_time[0]_i_1_n_0
                         FDCE                                         r  scheduled_burst_time_reg[0]/D
  -------------------------------------------------------------------    -------------------

                         (clock clk rise edge)       10.000    10.000 r  
                                                      0.000    10.000 r  clk (IN)
                         net (fo=1001, unset)         0.924    10.924    clk
                         FDCE                                         r  scheduled_burst_time_reg[0]/C
                         clock pessimism              0.000    10.924    
                         clock uncertainty           -0.035    10.889    
                         FDCE (Setup_fdce_C_D)        0.044    10.933    scheduled_burst_time_reg[0]
  -------------------------------------------------------------------
                         required time                         10.933    
                         arrival time                        -155.016    
  -------------------------------------------------------------------
                         slack                               -144.083    





Min Delay Paths
--------------------------------------------------------------------------------------
Slack (MET) :             0.293ns  (arrival time - required time)
  Source:                 num_tasks_reg[0]/C
                            (rising edge-triggered cell FDCE clocked by clk  {rise@0.000ns fall@5.000ns period=10.000ns})
  Destination:            num_tasks_reg[0]/D
                            (rising edge-triggered cell FDCE clocked by clk  {rise@0.000ns fall@5.000ns period=10.000ns})
  Path Group:             clk
  Path Type:              Hold (Min at Fast Process Corner)
  Requirement:            0.000ns  (clk rise@0.000ns - clk rise@0.000ns)
  Data Path Delay:        0.413ns  (logic 0.245ns (59.295%)  route 0.168ns (40.705%))
  Logic Levels:           1  (LUT1=1)
  Clock Path Skew:        0.022ns (DCD - SCD - CPR)
    Destination Clock Delay (DCD):    0.432ns
    Source Clock Delay      (SCD):    0.410ns
    Clock Pessimism Removal (CPR):    -0.000ns

    Location             Delay type                Incr(ns)  Path(ns)    Netlist Resource(s)
  -------------------------------------------------------------------    -------------------
                         (clock clk rise edge)        0.000     0.000 r  
                                                      0.000     0.000 r  clk (IN)
                         net (fo=1001, unset)         0.410     0.410    clk
                         FDCE                                         r  num_tasks_reg[0]/C
  -------------------------------------------------------------------    -------------------
                         FDCE (Prop_fdce_C_Q)         0.147     0.557 f  num_tasks_reg[0]/Q
                         net (fo=62, unplaced)        0.168     0.725    queue_count[0]
                         LUT1 (Prop_lut1_I0_O)        0.098     0.823 r  num_tasks[0]_i_1/O
                         net (fo=1, unplaced)         0.000     0.823    num_tasks[0]_i_1_n_0
                         FDCE                                         r  num_tasks_reg[0]/D
  -------------------------------------------------------------------    -------------------

                         (clock clk rise edge)        0.000     0.000 r  
                                                      0.000     0.000 r  clk (IN)
                         net (fo=1001, unset)         0.432     0.432    clk
                         FDCE                                         r  num_tasks_reg[0]/C
                         clock pessimism              0.000     0.432    
                         FDCE (Hold_fdce_C_D)         0.099     0.531    num_tasks_reg[0]
  -------------------------------------------------------------------
                         required time                         -0.531    
                         arrival time                           0.823    
  -------------------------------------------------------------------
                         slack                                  0.293    





Pulse Width Checks
--------------------------------------------------------------------------------------
Clock Name:         clk
Waveform(ns):       { 0.000 5.000 }
Period(ns):         10.000
Sources:            { clk }

Check Type        Corner  Lib Pin  Reference Pin  Required(ns)  Actual(ns)  Slack(ns)  Location  Pin
Min Period        n/a     FDCE/C   n/a            1.000         10.000      9.000                num_tasks_reg[0]/C
Low Pulse Width   Slow    FDCE/C   n/a            0.500         5.000       4.500                num_tasks_reg[0]/C
High Pulse Width  Slow    FDCE/C   n/a            0.500         5.000       4.500                num_tasks_reg[0]/C



