
****** Vivado v2025.2 (64-bit)
  **** SW Build 6299465 on Fri Nov 14 12:34:56 MST 2025
  **** IP Build 6300035 on Fri Nov 14 10:48:45 MST 2025
  **** SharedData Build 6298862 on Thu Nov 13 04:50:51 MST 2025
  **** Start of session at: Tue Jul 28 16:23:49 2026
    ** Copyright 1986-2022 Xilinx, Inc. All Rights Reserved.
    ** Copyright 2022-2025 Advanced Micro Devices, Inc. All Rights Reserved.

source run.tcl
# create_project -part xc7a100tcsg324-1 -in_memory sched_probe
# read_verilog -sv advanced_task_scheduler.sv
# read_xdc c.xdc
# synth_design -top advanced_task_scheduler -part xc7a100tcsg324-1 -mode out_of_context -generic {SCHEDULER_TYPE=1}
Command: synth_design -top advanced_task_scheduler -part xc7a100tcsg324-1 -mode out_of_context -generic SCHEDULER_TYPE=1
Starting synth_design
Attempting to get a license for feature 'Synthesis' and/or device 'xc7a100t'
INFO: [Common 17-349] Got license for feature 'Synthesis' and/or device 'xc7a100t'
INFO: [Device 21-403] Loading part xc7a100tcsg324-1
INFO: [Synth 8-7079] Multithreading enabled for synth_design using a maximum of 7 processes.
INFO: [Synth 8-7078] Launching helper process for spawning children vivado processes
INFO: [Synth 8-7075] Helper process launched with PID 34602
---------------------------------------------------------------------------------
Starting RTL Elaboration : Time (s): cpu = 00:00:03 ; elapsed = 00:00:03 . Memory (MB): peak = 2270.219 ; gain = 479.906 ; free physical = 1024 ; free virtual = 12162
---------------------------------------------------------------------------------
INFO: [Synth 8-6157] synthesizing module 'advanced_task_scheduler' [/tmp/sched_synth_HRRN_soq_w3dx/advanced_task_scheduler.sv:8]
	Parameter SCHEDULER_TYPE bound to: 1 - type: integer 
INFO: [Synth 8-6155] done synthesizing module 'advanced_task_scheduler' (0#1) [/tmp/sched_synth_HRRN_soq_w3dx/advanced_task_scheduler.sv:8]
WARNING: [Synth 8-6014] Unused sequential element current_time_reg was removed.  [/tmp/sched_synth_HRRN_soq_w3dx/advanced_task_scheduler.sv:65]
WARNING: [Synth 8-6014] Unused sequential element task_queue_reg[15][valid] was removed.  [/tmp/sched_synth_HRRN_soq_w3dx/advanced_task_scheduler.sv:81]
WARNING: [Synth 8-6014] Unused sequential element task_queue_reg[15][remaining_time] was removed.  [/tmp/sched_synth_HRRN_soq_w3dx/advanced_task_scheduler.sv:81]
WARNING: [Synth 8-6014] Unused sequential element task_queue_reg[15][deadline] was removed.  [/tmp/sched_synth_HRRN_soq_w3dx/advanced_task_scheduler.sv:81]
WARNING: [Synth 8-6014] Unused sequential element task_queue_reg[15][arrival_time] was removed.  [/tmp/sched_synth_HRRN_soq_w3dx/advanced_task_scheduler.sv:81]
WARNING: [Synth 8-6014] Unused sequential element task_queue_reg[15][queue_level] was removed.  [/tmp/sched_synth_HRRN_soq_w3dx/advanced_task_scheduler.sv:81]
WARNING: [Synth 8-6014] Unused sequential element task_queue_reg[14][valid] was removed.  [/tmp/sched_synth_HRRN_soq_w3dx/advanced_task_scheduler.sv:81]
WARNING: [Synth 8-6014] Unused sequential element task_queue_reg[14][remaining_time] was removed.  [/tmp/sched_synth_HRRN_soq_w3dx/advanced_task_scheduler.sv:81]
WARNING: [Synth 8-6014] Unused sequential element task_queue_reg[14][deadline] was removed.  [/tmp/sched_synth_HRRN_soq_w3dx/advanced_task_scheduler.sv:81]
WARNING: [Synth 8-6014] Unused sequential element task_queue_reg[14][arrival_time] was removed.  [/tmp/sched_synth_HRRN_soq_w3dx/advanced_task_scheduler.sv:81]
WARNING: [Synth 8-6014] Unused sequential element task_queue_reg[14][queue_level] was removed.  [/tmp/sched_synth_HRRN_soq_w3dx/advanced_task_scheduler.sv:81]
WARNING: [Synth 8-6014] Unused sequential element task_queue_reg[13][valid] was removed.  [/tmp/sched_synth_HRRN_soq_w3dx/advanced_task_scheduler.sv:81]
WARNING: [Synth 8-6014] Unused sequential element task_queue_reg[13][remaining_time] was removed.  [/tmp/sched_synth_HRRN_soq_w3dx/advanced_task_scheduler.sv:81]
WARNING: [Synth 8-6014] Unused sequential element task_queue_reg[13][deadline] was removed.  [/tmp/sched_synth_HRRN_soq_w3dx/advanced_task_scheduler.sv:81]
WARNING: [Synth 8-6014] Unused sequential element task_queue_reg[13][arrival_time] was removed.  [/tmp/sched_synth_HRRN_soq_w3dx/advanced_task_scheduler.sv:81]
WARNING: [Synth 8-6014] Unused sequential element task_queue_reg[13][queue_level] was removed.  [/tmp/sched_synth_HRRN_soq_w3dx/advanced_task_scheduler.sv:81]
WARNING: [Synth 8-6014] Unused sequential element task_queue_reg[12][valid] was removed.  [/tmp/sched_synth_HRRN_soq_w3dx/advanced_task_scheduler.sv:81]
WARNING: [Synth 8-6014] Unused sequential element task_queue_reg[12][remaining_time] was removed.  [/tmp/sched_synth_HRRN_soq_w3dx/advanced_task_scheduler.sv:81]
WARNING: [Synth 8-6014] Unused sequential element task_queue_reg[12][deadline] was removed.  [/tmp/sched_synth_HRRN_soq_w3dx/advanced_task_scheduler.sv:81]
WARNING: [Synth 8-6014] Unused sequential element task_queue_reg[12][arrival_time] was removed.  [/tmp/sched_synth_HRRN_soq_w3dx/advanced_task_scheduler.sv:81]
WARNING: [Synth 8-6014] Unused sequential element task_queue_reg[12][queue_level] was removed.  [/tmp/sched_synth_HRRN_soq_w3dx/advanced_task_scheduler.sv:81]
WARNING: [Synth 8-6014] Unused sequential element task_queue_reg[11][valid] was removed.  [/tmp/sched_synth_HRRN_soq_w3dx/advanced_task_scheduler.sv:81]
WARNING: [Synth 8-6014] Unused sequential element task_queue_reg[11][remaining_time] was removed.  [/tmp/sched_synth_HRRN_soq_w3dx/advanced_task_scheduler.sv:81]
WARNING: [Synth 8-6014] Unused sequential element task_queue_reg[11][deadline] was removed.  [/tmp/sched_synth_HRRN_soq_w3dx/advanced_task_scheduler.sv:81]
WARNING: [Synth 8-6014] Unused sequential element task_queue_reg[11][arrival_time] was removed.  [/tmp/sched_synth_HRRN_soq_w3dx/advanced_task_scheduler.sv:81]
WARNING: [Synth 8-6014] Unused sequential element task_queue_reg[11][queue_level] was removed.  [/tmp/sched_synth_HRRN_soq_w3dx/advanced_task_scheduler.sv:81]
WARNING: [Synth 8-6014] Unused sequential element task_queue_reg[10][valid] was removed.  [/tmp/sched_synth_HRRN_soq_w3dx/advanced_task_scheduler.sv:81]
WARNING: [Synth 8-6014] Unused sequential element task_queue_reg[10][remaining_time] was removed.  [/tmp/sched_synth_HRRN_soq_w3dx/advanced_task_scheduler.sv:81]
WARNING: [Synth 8-6014] Unused sequential element task_queue_reg[10][deadline] was removed.  [/tmp/sched_synth_HRRN_soq_w3dx/advanced_task_scheduler.sv:81]
WARNING: [Synth 8-6014] Unused sequential element task_queue_reg[10][arrival_time] was removed.  [/tmp/sched_synth_HRRN_soq_w3dx/advanced_task_scheduler.sv:81]
WARNING: [Synth 8-6014] Unused sequential element task_queue_reg[10][queue_level] was removed.  [/tmp/sched_synth_HRRN_soq_w3dx/advanced_task_scheduler.sv:81]
WARNING: [Synth 8-6014] Unused sequential element task_queue_reg[9][valid] was removed.  [/tmp/sched_synth_HRRN_soq_w3dx/advanced_task_scheduler.sv:81]
WARNING: [Synth 8-6014] Unused sequential element task_queue_reg[9][remaining_time] was removed.  [/tmp/sched_synth_HRRN_soq_w3dx/advanced_task_scheduler.sv:81]
WARNING: [Synth 8-6014] Unused sequential element task_queue_reg[9][deadline] was removed.  [/tmp/sched_synth_HRRN_soq_w3dx/advanced_task_scheduler.sv:81]
WARNING: [Synth 8-6014] Unused sequential element task_queue_reg[9][arrival_time] was removed.  [/tmp/sched_synth_HRRN_soq_w3dx/advanced_task_scheduler.sv:81]
WARNING: [Synth 8-6014] Unused sequential element task_queue_reg[9][queue_level] was removed.  [/tmp/sched_synth_HRRN_soq_w3dx/advanced_task_scheduler.sv:81]
WARNING: [Synth 8-6014] Unused sequential element task_queue_reg[8][valid] was removed.  [/tmp/sched_synth_HRRN_soq_w3dx/advanced_task_scheduler.sv:81]
WARNING: [Synth 8-6014] Unused sequential element task_queue_reg[8][remaining_time] was removed.  [/tmp/sched_synth_HRRN_soq_w3dx/advanced_task_scheduler.sv:81]
WARNING: [Synth 8-6014] Unused sequential element task_queue_reg[8][deadline] was removed.  [/tmp/sched_synth_HRRN_soq_w3dx/advanced_task_scheduler.sv:81]
WARNING: [Synth 8-6014] Unused sequential element task_queue_reg[8][arrival_time] was removed.  [/tmp/sched_synth_HRRN_soq_w3dx/advanced_task_scheduler.sv:81]
WARNING: [Synth 8-6014] Unused sequential element task_queue_reg[8][queue_level] was removed.  [/tmp/sched_synth_HRRN_soq_w3dx/advanced_task_scheduler.sv:81]
WARNING: [Synth 8-6014] Unused sequential element task_queue_reg[7][valid] was removed.  [/tmp/sched_synth_HRRN_soq_w3dx/advanced_task_scheduler.sv:81]
WARNING: [Synth 8-6014] Unused sequential element task_queue_reg[7][remaining_time] was removed.  [/tmp/sched_synth_HRRN_soq_w3dx/advanced_task_scheduler.sv:81]
WARNING: [Synth 8-6014] Unused sequential element task_queue_reg[7][deadline] was removed.  [/tmp/sched_synth_HRRN_soq_w3dx/advanced_task_scheduler.sv:81]
WARNING: [Synth 8-6014] Unused sequential element task_queue_reg[7][arrival_time] was removed.  [/tmp/sched_synth_HRRN_soq_w3dx/advanced_task_scheduler.sv:81]
WARNING: [Synth 8-6014] Unused sequential element task_queue_reg[7][queue_level] was removed.  [/tmp/sched_synth_HRRN_soq_w3dx/advanced_task_scheduler.sv:81]
WARNING: [Synth 8-6014] Unused sequential element task_queue_reg[6][valid] was removed.  [/tmp/sched_synth_HRRN_soq_w3dx/advanced_task_scheduler.sv:81]
WARNING: [Synth 8-6014] Unused sequential element task_queue_reg[6][remaining_time] was removed.  [/tmp/sched_synth_HRRN_soq_w3dx/advanced_task_scheduler.sv:81]
WARNING: [Synth 8-6014] Unused sequential element task_queue_reg[6][deadline] was removed.  [/tmp/sched_synth_HRRN_soq_w3dx/advanced_task_scheduler.sv:81]
WARNING: [Synth 8-6014] Unused sequential element task_queue_reg[6][arrival_time] was removed.  [/tmp/sched_synth_HRRN_soq_w3dx/advanced_task_scheduler.sv:81]
WARNING: [Synth 8-6014] Unused sequential element task_queue_reg[6][queue_level] was removed.  [/tmp/sched_synth_HRRN_soq_w3dx/advanced_task_scheduler.sv:81]
WARNING: [Synth 8-6014] Unused sequential element task_queue_reg[5][valid] was removed.  [/tmp/sched_synth_HRRN_soq_w3dx/advanced_task_scheduler.sv:81]
WARNING: [Synth 8-6014] Unused sequential element task_queue_reg[5][remaining_time] was removed.  [/tmp/sched_synth_HRRN_soq_w3dx/advanced_task_scheduler.sv:81]
WARNING: [Synth 8-6014] Unused sequential element task_queue_reg[5][deadline] was removed.  [/tmp/sched_synth_HRRN_soq_w3dx/advanced_task_scheduler.sv:81]
WARNING: [Synth 8-6014] Unused sequential element task_queue_reg[5][arrival_time] was removed.  [/tmp/sched_synth_HRRN_soq_w3dx/advanced_task_scheduler.sv:81]
WARNING: [Synth 8-6014] Unused sequential element task_queue_reg[5][queue_level] was removed.  [/tmp/sched_synth_HRRN_soq_w3dx/advanced_task_scheduler.sv:81]
WARNING: [Synth 8-6014] Unused sequential element task_queue_reg[4][valid] was removed.  [/tmp/sched_synth_HRRN_soq_w3dx/advanced_task_scheduler.sv:81]
WARNING: [Synth 8-6014] Unused sequential element task_queue_reg[4][remaining_time] was removed.  [/tmp/sched_synth_HRRN_soq_w3dx/advanced_task_scheduler.sv:81]
WARNING: [Synth 8-6014] Unused sequential element task_queue_reg[4][deadline] was removed.  [/tmp/sched_synth_HRRN_soq_w3dx/advanced_task_scheduler.sv:81]
WARNING: [Synth 8-6014] Unused sequential element task_queue_reg[4][arrival_time] was removed.  [/tmp/sched_synth_HRRN_soq_w3dx/advanced_task_scheduler.sv:81]
WARNING: [Synth 8-6014] Unused sequential element task_queue_reg[4][queue_level] was removed.  [/tmp/sched_synth_HRRN_soq_w3dx/advanced_task_scheduler.sv:81]
WARNING: [Synth 8-6014] Unused sequential element task_queue_reg[3][valid] was removed.  [/tmp/sched_synth_HRRN_soq_w3dx/advanced_task_scheduler.sv:81]
WARNING: [Synth 8-6014] Unused sequential element task_queue_reg[3][remaining_time] was removed.  [/tmp/sched_synth_HRRN_soq_w3dx/advanced_task_scheduler.sv:81]
WARNING: [Synth 8-6014] Unused sequential element task_queue_reg[3][deadline] was removed.  [/tmp/sched_synth_HRRN_soq_w3dx/advanced_task_scheduler.sv:81]
WARNING: [Synth 8-6014] Unused sequential element task_queue_reg[3][arrival_time] was removed.  [/tmp/sched_synth_HRRN_soq_w3dx/advanced_task_scheduler.sv:81]
WARNING: [Synth 8-6014] Unused sequential element task_queue_reg[3][queue_level] was removed.  [/tmp/sched_synth_HRRN_soq_w3dx/advanced_task_scheduler.sv:81]
WARNING: [Synth 8-6014] Unused sequential element task_queue_reg[2][valid] was removed.  [/tmp/sched_synth_HRRN_soq_w3dx/advanced_task_scheduler.sv:81]
WARNING: [Synth 8-6014] Unused sequential element task_queue_reg[2][remaining_time] was removed.  [/tmp/sched_synth_HRRN_soq_w3dx/advanced_task_scheduler.sv:81]
WARNING: [Synth 8-6014] Unused sequential element task_queue_reg[2][deadline] was removed.  [/tmp/sched_synth_HRRN_soq_w3dx/advanced_task_scheduler.sv:81]
WARNING: [Synth 8-6014] Unused sequential element task_queue_reg[2][arrival_time] was removed.  [/tmp/sched_synth_HRRN_soq_w3dx/advanced_task_scheduler.sv:81]
WARNING: [Synth 8-6014] Unused sequential element task_queue_reg[2][queue_level] was removed.  [/tmp/sched_synth_HRRN_soq_w3dx/advanced_task_scheduler.sv:81]
WARNING: [Synth 8-6014] Unused sequential element task_queue_reg[1][valid] was removed.  [/tmp/sched_synth_HRRN_soq_w3dx/advanced_task_scheduler.sv:81]
WARNING: [Synth 8-6014] Unused sequential element task_queue_reg[1][remaining_time] was removed.  [/tmp/sched_synth_HRRN_soq_w3dx/advanced_task_scheduler.sv:81]
WARNING: [Synth 8-6014] Unused sequential element task_queue_reg[1][deadline] was removed.  [/tmp/sched_synth_HRRN_soq_w3dx/advanced_task_scheduler.sv:81]
WARNING: [Synth 8-6014] Unused sequential element task_queue_reg[1][arrival_time] was removed.  [/tmp/sched_synth_HRRN_soq_w3dx/advanced_task_scheduler.sv:81]
WARNING: [Synth 8-6014] Unused sequential element task_queue_reg[1][queue_level] was removed.  [/tmp/sched_synth_HRRN_soq_w3dx/advanced_task_scheduler.sv:81]
WARNING: [Synth 8-6014] Unused sequential element task_queue_reg[0][valid] was removed.  [/tmp/sched_synth_HRRN_soq_w3dx/advanced_task_scheduler.sv:81]
WARNING: [Synth 8-6014] Unused sequential element task_queue_reg[0][remaining_time] was removed.  [/tmp/sched_synth_HRRN_soq_w3dx/advanced_task_scheduler.sv:81]
WARNING: [Synth 8-6014] Unused sequential element task_queue_reg[0][deadline] was removed.  [/tmp/sched_synth_HRRN_soq_w3dx/advanced_task_scheduler.sv:81]
WARNING: [Synth 8-6014] Unused sequential element task_queue_reg[0][arrival_time] was removed.  [/tmp/sched_synth_HRRN_soq_w3dx/advanced_task_scheduler.sv:81]
WARNING: [Synth 8-6014] Unused sequential element task_queue_reg[0][queue_level] was removed.  [/tmp/sched_synth_HRRN_soq_w3dx/advanced_task_scheduler.sv:81]
WARNING: [Synth 8-6014] Unused sequential element task_running_reg was removed.  [/tmp/sched_synth_HRRN_soq_w3dx/advanced_task_scheduler.sv:82]
WARNING: [Synth 8-6014] Unused sequential element current_task_id_reg was removed.  [/tmp/sched_synth_HRRN_soq_w3dx/advanced_task_scheduler.sv:87]
WARNING: [Synth 8-6014] Unused sequential element remove_idx_reg was removed.  [/tmp/sched_synth_HRRN_soq_w3dx/advanced_task_scheduler.sv:121]
WARNING: [Synth 8-7129] Port deadline[31] in module advanced_task_scheduler is either unconnected or has no load
WARNING: [Synth 8-7129] Port deadline[30] in module advanced_task_scheduler is either unconnected or has no load
WARNING: [Synth 8-7129] Port deadline[29] in module advanced_task_scheduler is either unconnected or has no load
WARNING: [Synth 8-7129] Port deadline[28] in module advanced_task_scheduler is either unconnected or has no load
WARNING: [Synth 8-7129] Port deadline[27] in module advanced_task_scheduler is either unconnected or has no load
WARNING: [Synth 8-7129] Port deadline[26] in module advanced_task_scheduler is either unconnected or has no load
WARNING: [Synth 8-7129] Port deadline[25] in module advanced_task_scheduler is either unconnected or has no load
WARNING: [Synth 8-7129] Port deadline[24] in module advanced_task_scheduler is either unconnected or has no load
WARNING: [Synth 8-7129] Port deadline[23] in module advanced_task_scheduler is either unconnected or has no load
WARNING: [Synth 8-7129] Port deadline[22] in module advanced_task_scheduler is either unconnected or has no load
WARNING: [Synth 8-7129] Port deadline[21] in module advanced_task_scheduler is either unconnected or has no load
WARNING: [Synth 8-7129] Port deadline[20] in module advanced_task_scheduler is either unconnected or has no load
WARNING: [Synth 8-7129] Port deadline[19] in module advanced_task_scheduler is either unconnected or has no load
WARNING: [Synth 8-7129] Port deadline[18] in module advanced_task_scheduler is either unconnected or has no load
WARNING: [Synth 8-7129] Port deadline[17] in module advanced_task_scheduler is either unconnected or has no load
WARNING: [Synth 8-7129] Port deadline[16] in module advanced_task_scheduler is either unconnected or has no load
WARNING: [Synth 8-7129] Port deadline[15] in module advanced_task_scheduler is either unconnected or has no load
WARNING: [Synth 8-7129] Port deadline[14] in module advanced_task_scheduler is either unconnected or has no load
WARNING: [Synth 8-7129] Port deadline[13] in module advanced_task_scheduler is either unconnected or has no load
WARNING: [Synth 8-7129] Port deadline[12] in module advanced_task_scheduler is either unconnected or has no load
WARNING: [Synth 8-7129] Port deadline[11] in module advanced_task_scheduler is either unconnected or has no load
WARNING: [Synth 8-7129] Port deadline[10] in module advanced_task_scheduler is either unconnected or has no load
WARNING: [Synth 8-7129] Port deadline[9] in module advanced_task_scheduler is either unconnected or has no load
WARNING: [Synth 8-7129] Port deadline[8] in module advanced_task_scheduler is either unconnected or has no load
WARNING: [Synth 8-7129] Port deadline[7] in module advanced_task_scheduler is either unconnected or has no load
WARNING: [Synth 8-7129] Port deadline[6] in module advanced_task_scheduler is either unconnected or has no load
WARNING: [Synth 8-7129] Port deadline[5] in module advanced_task_scheduler is either unconnected or has no load
WARNING: [Synth 8-7129] Port deadline[4] in module advanced_task_scheduler is either unconnected or has no load
WARNING: [Synth 8-7129] Port deadline[3] in module advanced_task_scheduler is either unconnected or has no load
WARNING: [Synth 8-7129] Port deadline[2] in module advanced_task_scheduler is either unconnected or has no load
WARNING: [Synth 8-7129] Port deadline[1] in module advanced_task_scheduler is either unconnected or has no load
WARNING: [Synth 8-7129] Port deadline[0] in module advanced_task_scheduler is either unconnected or has no load
WARNING: [Synth 8-7129] Port task_tick in module advanced_task_scheduler is either unconnected or has no load
---------------------------------------------------------------------------------
Finished RTL Elaboration : Time (s): cpu = 00:00:04 ; elapsed = 00:00:04 . Memory (MB): peak = 2378.188 ; gain = 587.875 ; free physical = 918 ; free virtual = 12059
---------------------------------------------------------------------------------
---------------------------------------------------------------------------------
Start Handling Custom Attributes
---------------------------------------------------------------------------------
---------------------------------------------------------------------------------
Finished Handling Custom Attributes : Time (s): cpu = 00:00:04 ; elapsed = 00:00:05 . Memory (MB): peak = 2378.188 ; gain = 587.875 ; free physical = 918 ; free virtual = 12059
---------------------------------------------------------------------------------
---------------------------------------------------------------------------------
Finished RTL Optimization Phase 1 : Time (s): cpu = 00:00:04 ; elapsed = 00:00:05 . Memory (MB): peak = 2378.188 ; gain = 587.875 ; free physical = 918 ; free virtual = 12059
---------------------------------------------------------------------------------
Netlist sorting complete. Time (s): cpu = 00:00:00.02 ; elapsed = 00:00:00.02 . Memory (MB): peak = 2378.188 ; gain = 0.000 ; free physical = 918 ; free virtual = 12059
INFO: [Project 1-570] Preparing netlist for logic optimization

Processing XDC Constraints
Initializing timing engine
Parsing XDC File [/tmp/sched_synth_HRRN_soq_w3dx/c.xdc]
Finished Parsing XDC File [/tmp/sched_synth_HRRN_soq_w3dx/c.xdc]
Completed Processing XDC Constraints

Netlist sorting complete. Time (s): cpu = 00:00:00 ; elapsed = 00:00:00 . Memory (MB): peak = 2479.652 ; gain = 0.000 ; free physical = 884 ; free virtual = 12039
INFO: [Project 1-111] Unisim Transformation Summary:
No Unisim elements were transformed.

Constraint Validation Runtime : Time (s): cpu = 00:00:00.08 ; elapsed = 00:00:00.03 . Memory (MB): peak = 2479.688 ; gain = 0.000 ; free physical = 882 ; free virtual = 12039
---------------------------------------------------------------------------------
Finished Constraint Validation : Time (s): cpu = 00:00:10 ; elapsed = 00:00:10 . Memory (MB): peak = 2479.688 ; gain = 689.375 ; free physical = 872 ; free virtual = 12028
---------------------------------------------------------------------------------
---------------------------------------------------------------------------------
Start Loading Part and Timing Information
---------------------------------------------------------------------------------
Loading part: xc7a100tcsg324-1
---------------------------------------------------------------------------------
Finished Loading Part and Timing Information : Time (s): cpu = 00:00:10 ; elapsed = 00:00:10 . Memory (MB): peak = 2487.656 ; gain = 697.344 ; free physical = 871 ; free virtual = 12028
---------------------------------------------------------------------------------
---------------------------------------------------------------------------------
Start Applying 'set_property' XDC Constraints
---------------------------------------------------------------------------------
---------------------------------------------------------------------------------
Finished applying 'set_property' XDC Constraints : Time (s): cpu = 00:00:10 ; elapsed = 00:00:10 . Memory (MB): peak = 2487.656 ; gain = 697.344 ; free physical = 873 ; free virtual = 12029
---------------------------------------------------------------------------------
---------------------------------------------------------------------------------
Finished RTL Optimization Phase 2 : Time (s): cpu = 00:00:11 ; elapsed = 00:00:11 . Memory (MB): peak = 2487.656 ; gain = 697.344 ; free physical = 868 ; free virtual = 12027
---------------------------------------------------------------------------------
---------------------------------------------------------------------------------
Start RTL Component Statistics 
---------------------------------------------------------------------------------
Detailed RTL Component Info : 
+---Adders : 
	   2 Input   33 Bit       Adders := 16    
	   2 Input   32 Bit       Adders := 16    
	   2 Input    6 Bit       Adders := 1     
	   2 Input    5 Bit       Adders := 2     
+---Registers : 
	               32 Bit    Registers := 16    
	               16 Bit    Registers := 17    
	                8 Bit    Registers := 18    
	                4 Bit    Registers := 17    
	                1 Bit    Registers := 1     
+---Multipliers : 
	              16x33  Multipliers := 30    
+---Muxes : 
	   2 Input   33 Bit        Muxes := 28    
	   2 Input   32 Bit        Muxes := 47    
	   2 Input   16 Bit        Muxes := 75    
	   2 Input    8 Bit        Muxes := 47    
	   2 Input    5 Bit        Muxes := 2     
	   2 Input    4 Bit        Muxes := 75    
	   2 Input    1 Bit        Muxes := 156   
---------------------------------------------------------------------------------
Finished RTL Component Statistics 
---------------------------------------------------------------------------------
---------------------------------------------------------------------------------
Start Part Resource Summary
---------------------------------------------------------------------------------
Part Resources:
DSPs: 240 (col length:80)
BRAMs: 270 (col length: RAMB18 80 RAMB36 40)
---------------------------------------------------------------------------------
Finished Part Resource Summary
---------------------------------------------------------------------------------
---------------------------------------------------------------------------------
Start Cross Boundary and Area Optimization
---------------------------------------------------------------------------------
DSP Report: Generating DSP found3, operation Mode is: A*B.
DSP Report: operator found3 is absorbed into DSP found3.
DSP Report: operator found3 is absorbed into DSP found3.
DSP Report: Generating DSP found3, operation Mode is: (PCIN>>17)+A*B.
DSP Report: operator found3 is absorbed into DSP found3.
DSP Report: operator found3 is absorbed into DSP found3.
DSP Report: Generating DSP found3, operation Mode is: A*B.
DSP Report: operator found3 is absorbed into DSP found3.
DSP Report: operator found3 is absorbed into DSP found3.
DSP Report: Generating DSP found3, operation Mode is: (PCIN>>17)+A*B.
DSP Report: operator found3 is absorbed into DSP found3.
DSP Report: operator found3 is absorbed into DSP found3.
DSP Report: Generating DSP found3, operation Mode is: A*B.
DSP Report: operator found3 is absorbed into DSP found3.
DSP Report: operator found3 is absorbed into DSP found3.
DSP Report: Generating DSP found3, operation Mode is: (PCIN>>17)+A*B.
DSP Report: operator found3 is absorbed into DSP found3.
DSP Report: operator found3 is absorbed into DSP found3.
DSP Report: Generating DSP found3, operation Mode is: A*B.
DSP Report: operator found3 is absorbed into DSP found3.
DSP Report: operator found3 is absorbed into DSP found3.
DSP Report: Generating DSP found3, operation Mode is: (PCIN>>17)+A*B.
DSP Report: operator found3 is absorbed into DSP found3.
DSP Report: operator found3 is absorbed into DSP found3.
DSP Report: Generating DSP found3, operation Mode is: A*B.
DSP Report: operator found3 is absorbed into DSP found3.
DSP Report: operator found3 is absorbed into DSP found3.
DSP Report: Generating DSP found3, operation Mode is: (PCIN>>17)+A*B.
DSP Report: operator found3 is absorbed into DSP found3.
DSP Report: operator found3 is absorbed into DSP found3.
DSP Report: Generating DSP found3, operation Mode is: A*B.
DSP Report: operator found3 is absorbed into DSP found3.
DSP Report: operator found3 is absorbed into DSP found3.
DSP Report: Generating DSP found3, operation Mode is: (PCIN>>17)+A*B.
DSP Report: operator found3 is absorbed into DSP found3.
DSP Report: operator found3 is absorbed into DSP found3.
DSP Report: Generating DSP found3, operation Mode is: A*B.
DSP Report: operator found3 is absorbed into DSP found3.
DSP Report: operator found3 is absorbed into DSP found3.
DSP Report: Generating DSP found3, operation Mode is: (PCIN>>17)+A*B.
DSP Report: operator found3 is absorbed into DSP found3.
DSP Report: operator found3 is absorbed into DSP found3.
DSP Report: Generating DSP found3, operation Mode is: A*B.
DSP Report: operator found3 is absorbed into DSP found3.
DSP Report: operator found3 is absorbed into DSP found3.
DSP Report: Generating DSP found3, operation Mode is: (PCIN>>17)+A*B.
DSP Report: operator found3 is absorbed into DSP found3.
DSP Report: operator found3 is absorbed into DSP found3.
DSP Report: Generating DSP found3, operation Mode is: A*B.
DSP Report: operator found3 is absorbed into DSP found3.
DSP Report: operator found3 is absorbed into DSP found3.
DSP Report: Generating DSP found3, operation Mode is: (PCIN>>17)+A*B.
DSP Report: operator found3 is absorbed into DSP found3.
DSP Report: operator found3 is absorbed into DSP found3.
DSP Report: Generating DSP found3, operation Mode is: A*B.
DSP Report: operator found3 is absorbed into DSP found3.
DSP Report: operator found3 is absorbed into DSP found3.
DSP Report: Generating DSP found3, operation Mode is: (PCIN>>17)+A*B.
DSP Report: operator found3 is absorbed into DSP found3.
DSP Report: operator found3 is absorbed into DSP found3.
DSP Report: Generating DSP found3, operation Mode is: A*B.
DSP Report: operator found3 is absorbed into DSP found3.
DSP Report: operator found3 is absorbed into DSP found3.
DSP Report: Generating DSP found3, operation Mode is: (PCIN>>17)+A*B.
DSP Report: operator found3 is absorbed into DSP found3.
DSP Report: operator found3 is absorbed into DSP found3.
DSP Report: Generating DSP found3, operation Mode is: A*B.
DSP Report: operator found3 is absorbed into DSP found3.
DSP Report: operator found3 is absorbed into DSP found3.
DSP Report: Generating DSP found3, operation Mode is: (PCIN>>17)+A*B.
DSP Report: operator found3 is absorbed into DSP found3.
DSP Report: operator found3 is absorbed into DSP found3.
DSP Report: Generating DSP found3, operation Mode is: A*B.
DSP Report: operator found3 is absorbed into DSP found3.
DSP Report: operator found3 is absorbed into DSP found3.
DSP Report: Generating DSP found3, operation Mode is: (PCIN>>17)+A*B.
DSP Report: operator found3 is absorbed into DSP found3.
DSP Report: operator found3 is absorbed into DSP found3.
DSP Report: Generating DSP found3, operation Mode is: A*B.
DSP Report: operator found3 is absorbed into DSP found3.
DSP Report: operator found3 is absorbed into DSP found3.
DSP Report: Generating DSP found3, operation Mode is: (PCIN>>17)+A*B.
DSP Report: operator found3 is absorbed into DSP found3.
DSP Report: operator found3 is absorbed into DSP found3.
DSP Report: Generating DSP found3, operation Mode is: A*B.
DSP Report: operator found3 is absorbed into DSP found3.
DSP Report: operator found3 is absorbed into DSP found3.
DSP Report: Generating DSP found3, operation Mode is: (PCIN>>17)+A*B.
DSP Report: operator found3 is absorbed into DSP found3.
DSP Report: operator found3 is absorbed into DSP found3.
DSP Report: Generating DSP found3, operation Mode is: A*B.
DSP Report: operator found3 is absorbed into DSP found3.
DSP Report: operator found3 is absorbed into DSP found3.
DSP Report: Generating DSP found3, operation Mode is: (PCIN>>17)+A*B.
DSP Report: operator found3 is absorbed into DSP found3.
DSP Report: operator found3 is absorbed into DSP found3.
DSP Report: Generating DSP found3, operation Mode is: A*B.
DSP Report: operator found3 is absorbed into DSP found3.
DSP Report: operator found3 is absorbed into DSP found3.
DSP Report: Generating DSP found3, operation Mode is: (PCIN>>17)+A*B.
DSP Report: operator found3 is absorbed into DSP found3.
DSP Report: operator found3 is absorbed into DSP found3.
DSP Report: Generating DSP found3, operation Mode is: A*B.
DSP Report: operator found3 is absorbed into DSP found3.
DSP Report: operator found3 is absorbed into DSP found3.
DSP Report: Generating DSP found3, operation Mode is: (PCIN>>17)+A*B.
DSP Report: operator found3 is absorbed into DSP found3.
DSP Report: operator found3 is absorbed into DSP found3.
DSP Report: Generating DSP found3, operation Mode is: A*B.
DSP Report: operator found3 is absorbed into DSP found3.
DSP Report: operator found3 is absorbed into DSP found3.
DSP Report: Generating DSP found3, operation Mode is: (PCIN>>17)+A*B.
DSP Report: operator found3 is absorbed into DSP found3.
DSP Report: operator found3 is absorbed into DSP found3.
DSP Report: Generating DSP found3, operation Mode is: A*B.
DSP Report: operator found3 is absorbed into DSP found3.
DSP Report: operator found3 is absorbed into DSP found3.
DSP Report: Generating DSP found3, operation Mode is: (PCIN>>17)+A*B.
DSP Report: operator found3 is absorbed into DSP found3.
DSP Report: operator found3 is absorbed into DSP found3.
DSP Report: Generating DSP found3, operation Mode is: A*B.
DSP Report: operator found3 is absorbed into DSP found3.
DSP Report: operator found3 is absorbed into DSP found3.
DSP Report: Generating DSP found3, operation Mode is: (PCIN>>17)+A*B.
DSP Report: operator found3 is absorbed into DSP found3.
DSP Report: operator found3 is absorbed into DSP found3.
DSP Report: Generating DSP found3, operation Mode is: A*B.
DSP Report: operator found3 is absorbed into DSP found3.
DSP Report: operator found3 is absorbed into DSP found3.
DSP Report: Generating DSP found3, operation Mode is: (PCIN>>17)+A*B.
DSP Report: operator found3 is absorbed into DSP found3.
DSP Report: operator found3 is absorbed into DSP found3.
DSP Report: Generating DSP found3, operation Mode is: A*B.
DSP Report: operator found3 is absorbed into DSP found3.
DSP Report: operator found3 is absorbed into DSP found3.
DSP Report: Generating DSP found3, operation Mode is: (PCIN>>17)+A*B.
DSP Report: operator found3 is absorbed into DSP found3.
DSP Report: operator found3 is absorbed into DSP found3.
DSP Report: Generating DSP found3, operation Mode is: A*B.
DSP Report: operator found3 is absorbed into DSP found3.
DSP Report: operator found3 is absorbed into DSP found3.
DSP Report: Generating DSP found3, operation Mode is: (PCIN>>17)+A*B.
DSP Report: operator found3 is absorbed into DSP found3.
DSP Report: operator found3 is absorbed into DSP found3.
DSP Report: Generating DSP found3, operation Mode is: A*B.
DSP Report: operator found3 is absorbed into DSP found3.
DSP Report: operator found3 is absorbed into DSP found3.
DSP Report: Generating DSP found3, operation Mode is: (PCIN>>17)+A*B.
DSP Report: operator found3 is absorbed into DSP found3.
DSP Report: operator found3 is absorbed into DSP found3.
DSP Report: Generating DSP found3, operation Mode is: A*B.
DSP Report: operator found3 is absorbed into DSP found3.
DSP Report: operator found3 is absorbed into DSP found3.
DSP Report: Generating DSP found3, operation Mode is: (PCIN>>17)+A*B.
DSP Report: operator found3 is absorbed into DSP found3.
DSP Report: operator found3 is absorbed into DSP found3.
DSP Report: Generating DSP found3, operation Mode is: A*B.
DSP Report: operator found3 is absorbed into DSP found3.
DSP Report: operator found3 is absorbed into DSP found3.
DSP Report: Generating DSP found3, operation Mode is: (PCIN>>17)+A*B.
DSP Report: operator found3 is absorbed into DSP found3.
DSP Report: operator found3 is absorbed into DSP found3.
DSP Report: Generating DSP found3, operation Mode is: A*B.
DSP Report: operator found3 is absorbed into DSP found3.
DSP Report: operator found3 is absorbed into DSP found3.
DSP Report: Generating DSP found3, operation Mode is: (PCIN>>17)+A*B.
DSP Report: operator found3 is absorbed into DSP found3.
DSP Report: operator found3 is absorbed into DSP found3.
DSP Report: Generating DSP highest_idx3, operation Mode is: A*B.
DSP Report: operator highest_idx3 is absorbed into DSP highest_idx3.
DSP Report: operator highest_idx3 is absorbed into DSP highest_idx3.
DSP Report: Generating DSP highest_idx3, operation Mode is: (PCIN>>17)+A*B.
DSP Report: operator highest_idx3 is absorbed into DSP highest_idx3.
DSP Report: operator highest_idx3 is absorbed into DSP highest_idx3.
DSP Report: Generating DSP highest_idx3, operation Mode is: A*B.
DSP Report: operator highest_idx3 is absorbed into DSP highest_idx3.
DSP Report: operator highest_idx3 is absorbed into DSP highest_idx3.
DSP Report: Generating DSP highest_idx3, operation Mode is: (PCIN>>17)+A*B.
DSP Report: operator highest_idx3 is absorbed into DSP highest_idx3.
DSP Report: operator highest_idx3 is absorbed into DSP highest_idx3.
WARNING: [Synth 8-7129] Port deadline[31] in module advanced_task_scheduler is either unconnected or has no load
WARNING: [Synth 8-7129] Port deadline[30] in module advanced_task_scheduler is either unconnected or has no load
WARNING: [Synth 8-7129] Port deadline[29] in module advanced_task_scheduler is either unconnected or has no load
WARNING: [Synth 8-7129] Port deadline[28] in module advanced_task_scheduler is either unconnected or has no load
WARNING: [Synth 8-7129] Port deadline[27] in module advanced_task_scheduler is either unconnected or has no load
WARNING: [Synth 8-7129] Port deadline[26] in module advanced_task_scheduler is either unconnected or has no load
WARNING: [Synth 8-7129] Port deadline[25] in module advanced_task_scheduler is either unconnected or has no load
WARNING: [Synth 8-7129] Port deadline[24] in module advanced_task_scheduler is either unconnected or has no load
WARNING: [Synth 8-7129] Port deadline[23] in module advanced_task_scheduler is either unconnected or has no load
WARNING: [Synth 8-7129] Port deadline[22] in module advanced_task_scheduler is either unconnected or has no load
WARNING: [Synth 8-7129] Port deadline[21] in module advanced_task_scheduler is either unconnected or has no load
WARNING: [Synth 8-7129] Port deadline[20] in module advanced_task_scheduler is either unconnected or has no load
WARNING: [Synth 8-7129] Port deadline[19] in module advanced_task_scheduler is either unconnected or has no load
WARNING: [Synth 8-7129] Port deadline[18] in module advanced_task_scheduler is either unconnected or has no load
WARNING: [Synth 8-7129] Port deadline[17] in module advanced_task_scheduler is either unconnected or has no load
WARNING: [Synth 8-7129] Port deadline[16] in module advanced_task_scheduler is either unconnected or has no load
WARNING: [Synth 8-7129] Port deadline[15] in module advanced_task_scheduler is either unconnected or has no load
WARNING: [Synth 8-7129] Port deadline[14] in module advanced_task_scheduler is either unconnected or has no load
WARNING: [Synth 8-7129] Port deadline[13] in module advanced_task_scheduler is either unconnected or has no load
WARNING: [Synth 8-7129] Port deadline[12] in module advanced_task_scheduler is either unconnected or has no load
WARNING: [Synth 8-7129] Port deadline[11] in module advanced_task_scheduler is either unconnected or has no load
WARNING: [Synth 8-7129] Port deadline[10] in module advanced_task_scheduler is either unconnected or has no load
WARNING: [Synth 8-7129] Port deadline[9] in module advanced_task_scheduler is either unconnected or has no load
WARNING: [Synth 8-7129] Port deadline[8] in module advanced_task_scheduler is either unconnected or has no load
WARNING: [Synth 8-7129] Port deadline[7] in module advanced_task_scheduler is either unconnected or has no load
WARNING: [Synth 8-7129] Port deadline[6] in module advanced_task_scheduler is either unconnected or has no load
WARNING: [Synth 8-7129] Port deadline[5] in module advanced_task_scheduler is either unconnected or has no load
WARNING: [Synth 8-7129] Port deadline[4] in module advanced_task_scheduler is either unconnected or has no load
WARNING: [Synth 8-7129] Port deadline[3] in module advanced_task_scheduler is either unconnected or has no load
WARNING: [Synth 8-7129] Port deadline[2] in module advanced_task_scheduler is either unconnected or has no load
WARNING: [Synth 8-7129] Port deadline[1] in module advanced_task_scheduler is either unconnected or has no load
WARNING: [Synth 8-7129] Port deadline[0] in module advanced_task_scheduler is either unconnected or has no load
WARNING: [Synth 8-7129] Port task_tick in module advanced_task_scheduler is either unconnected or has no load
---------------------------------------------------------------------------------
Finished Cross Boundary and Area Optimization : Time (s): cpu = 00:00:20 ; elapsed = 00:00:20 . Memory (MB): peak = 2621.453 ; gain = 831.141 ; free physical = 714 ; free virtual = 11855
---------------------------------------------------------------------------------
 Sort Area is  found3_0 : 0 0 : 3017 5989 : Used 1 time 0
 Sort Area is  found3_0 : 0 1 : 2972 5989 : Used 1 time 0
 Sort Area is  found3_10 : 0 0 : 3017 5989 : Used 1 time 0
 Sort Area is  found3_10 : 0 1 : 2972 5989 : Used 1 time 0
 Sort Area is  found3_11 : 0 0 : 3017 5989 : Used 1 time 0
 Sort Area is  found3_11 : 0 1 : 2972 5989 : Used 1 time 0
 Sort Area is  found3_12 : 0 0 : 3017 5989 : Used 1 time 0
 Sort Area is  found3_12 : 0 1 : 2972 5989 : Used 1 time 0
 Sort Area is  found3_13 : 0 0 : 3017 5989 : Used 1 time 0
 Sort Area is  found3_13 : 0 1 : 2972 5989 : Used 1 time 0
 Sort Area is  found3_14 : 0 0 : 3017 5989 : Used 1 time 0
 Sort Area is  found3_14 : 0 1 : 2972 5989 : Used 1 time 0
 Sort Area is  found3_15 : 0 0 : 3017 5989 : Used 1 time 0
 Sort Area is  found3_15 : 0 1 : 2972 5989 : Used 1 time 0
 Sort Area is  found3_16 : 0 0 : 3017 5989 : Used 1 time 0
 Sort Area is  found3_16 : 0 1 : 2972 5989 : Used 1 time 0
 Sort Area is  found3_17 : 0 0 : 3017 5989 : Used 1 time 0
 Sort Area is  found3_17 : 0 1 : 2972 5989 : Used 1 time 0
 Sort Area is  found3_18 : 0 0 : 3017 5989 : Used 1 time 0
 Sort Area is  found3_18 : 0 1 : 2972 5989 : Used 1 time 0
 Sort Area is  found3_19 : 0 0 : 3017 5989 : Used 1 time 0
 Sort Area is  found3_19 : 0 1 : 2972 5989 : Used 1 time 0
 Sort Area is  found3_1a : 0 0 : 3017 5989 : Used 1 time 0
 Sort Area is  found3_1a : 0 1 : 2972 5989 : Used 1 time 0
 Sort Area is  found3_1b : 0 0 : 3017 5989 : Used 1 time 0
 Sort Area is  found3_1b : 0 1 : 2972 5989 : Used 1 time 0
 Sort Area is  found3_1c : 0 0 : 3017 5989 : Used 1 time 0
 Sort Area is  found3_1c : 0 1 : 2972 5989 : Used 1 time 0
 Sort Area is  found3_1d : 0 0 : 3017 5989 : Used 1 time 0
 Sort Area is  found3_1d : 0 1 : 2972 5989 : Used 1 time 0
 Sort Area is  found3_3 : 0 0 : 3017 5989 : Used 1 time 0
 Sort Area is  found3_3 : 0 1 : 2972 5989 : Used 1 time 0
 Sort Area is  found3_4 : 0 0 : 3017 5989 : Used 1 time 0
 Sort Area is  found3_4 : 0 1 : 2972 5989 : Used 1 time 0
 Sort Area is  found3_5 : 0 0 : 3017 5989 : Used 1 time 0
 Sort Area is  found3_5 : 0 1 : 2972 5989 : Used 1 time 0
 Sort Area is  found3_6 : 0 0 : 3017 5989 : Used 1 time 0
 Sort Area is  found3_6 : 0 1 : 2972 5989 : Used 1 time 0
 Sort Area is  found3_7 : 0 0 : 3017 5989 : Used 1 time 0
 Sort Area is  found3_7 : 0 1 : 2972 5989 : Used 1 time 0
 Sort Area is  found3_8 : 0 0 : 3017 5989 : Used 1 time 0
 Sort Area is  found3_8 : 0 1 : 2972 5989 : Used 1 time 0
 Sort Area is  found3_9 : 0 0 : 3017 5989 : Used 1 time 0
 Sort Area is  found3_9 : 0 1 : 2972 5989 : Used 1 time 0
 Sort Area is  found3_a : 0 0 : 3017 5989 : Used 1 time 0
 Sort Area is  found3_a : 0 1 : 2972 5989 : Used 1 time 0
 Sort Area is  found3_b : 0 0 : 3017 5989 : Used 1 time 0
 Sort Area is  found3_b : 0 1 : 2972 5989 : Used 1 time 0
 Sort Area is  found3_c : 0 0 : 3017 5989 : Used 1 time 0
 Sort Area is  found3_c : 0 1 : 2972 5989 : Used 1 time 0
 Sort Area is  found3_d : 0 0 : 3017 5989 : Used 1 time 0
 Sort Area is  found3_d : 0 1 : 2972 5989 : Used 1 time 0
 Sort Area is  found3_e : 0 0 : 3017 5989 : Used 1 time 0
 Sort Area is  found3_e : 0 1 : 2972 5989 : Used 1 time 0
 Sort Area is  found3_f : 0 0 : 3017 5989 : Used 1 time 0
 Sort Area is  found3_f : 0 1 : 2972 5989 : Used 1 time 0
 Sort Area is  highest_idx3_1e : 0 0 : 3017 5989 : Used 1 time 0
 Sort Area is  highest_idx3_1e : 0 1 : 2972 5989 : Used 1 time 0
 Sort Area is  highest_idx3_1f : 0 0 : 3017 5989 : Used 1 time 0
 Sort Area is  highest_idx3_1f : 0 1 : 2972 5989 : Used 1 time 0
---------------------------------------------------------------------------------
Start ROM, RAM, DSP, Shift Register and Retiming Reporting
---------------------------------------------------------------------------------

DSP: Preliminary Mapping Report (see note below. The ' indicates corresponding REG is set)
+------------------------+----------------+--------+--------+--------+--------+--------+------+------+------+------+-------+------+------+
|Module Name             | DSP Mapping    | A Size | B Size | C Size | D Size | P Size | AREG | BREG | CREG | DREG | ADREG | MREG | PREG | 
+------------------------+----------------+--------+--------+--------+--------+--------+------+------+------+------+-------+------+------+
|advanced_task_scheduler | A*B            | 18     | 17     | -      | -      | 48     | 0    | 0    | -    | -    | -     | 0    | 0    | 
|advanced_task_scheduler | (PCIN>>17)+A*B | 17     | 17     | -      | -      | 48     | 0    | 0    | -    | -    | -     | 0    | 0    | 
|advanced_task_scheduler | A*B            | 18     | 17     | -      | -      | 48     | 0    | 0    | -    | -    | -     | 0    | 0    | 
|advanced_task_scheduler | (PCIN>>17)+A*B | 17     | 17     | -      | -      | 48     | 0    | 0    | -    | -    | -     | 0    | 0    | 
|advanced_task_scheduler | A*B            | 18     | 17     | -      | -      | 48     | 0    | 0    | -    | -    | -     | 0    | 0    | 
|advanced_task_scheduler | (PCIN>>17)+A*B | 17     | 17     | -      | -      | 48     | 0    | 0    | -    | -    | -     | 0    | 0    | 
|advanced_task_scheduler | A*B            | 18     | 17     | -      | -      | 48     | 0    | 0    | -    | -    | -     | 0    | 0    | 
|advanced_task_scheduler | (PCIN>>17)+A*B | 17     | 17     | -      | -      | 48     | 0    | 0    | -    | -    | -     | 0    | 0    | 
|advanced_task_scheduler | A*B            | 18     | 17     | -      | -      | 48     | 0    | 0    | -    | -    | -     | 0    | 0    | 
|advanced_task_scheduler | (PCIN>>17)+A*B | 17     | 17     | -      | -      | 48     | 0    | 0    | -    | -    | -     | 0    | 0    | 
|advanced_task_scheduler | A*B            | 18     | 17     | -      | -      | 48     | 0    | 0    | -    | -    | -     | 0    | 0    | 
|advanced_task_scheduler | (PCIN>>17)+A*B | 17     | 17     | -      | -      | 48     | 0    | 0    | -    | -    | -     | 0    | 0    | 
|advanced_task_scheduler | A*B            | 18     | 17     | -      | -      | 48     | 0    | 0    | -    | -    | -     | 0    | 0    | 
|advanced_task_scheduler | (PCIN>>17)+A*B | 17     | 17     | -      | -      | 48     | 0    | 0    | -    | -    | -     | 0    | 0    | 
|advanced_task_scheduler | A*B            | 18     | 17     | -      | -      | 48     | 0    | 0    | -    | -    | -     | 0    | 0    | 
|advanced_task_scheduler | (PCIN>>17)+A*B | 17     | 17     | -      | -      | 48     | 0    | 0    | -    | -    | -     | 0    | 0    | 
|advanced_task_scheduler | A*B            | 18     | 17     | -      | -      | 48     | 0    | 0    | -    | -    | -     | 0    | 0    | 
|advanced_task_scheduler | (PCIN>>17)+A*B | 17     | 17     | -      | -      | 48     | 0    | 0    | -    | -    | -     | 0    | 0    | 
|advanced_task_scheduler | A*B            | 18     | 17     | -      | -      | 48     | 0    | 0    | -    | -    | -     | 0    | 0    | 
|advanced_task_scheduler | (PCIN>>17)+A*B | 17     | 17     | -      | -      | 48     | 0    | 0    | -    | -    | -     | 0    | 0    | 
|advanced_task_scheduler | A*B            | 18     | 17     | -      | -      | 48     | 0    | 0    | -    | -    | -     | 0    | 0    | 
|advanced_task_scheduler | (PCIN>>17)+A*B | 17     | 17     | -      | -      | 48     | 0    | 0    | -    | -    | -     | 0    | 0    | 
|advanced_task_scheduler | A*B            | 18     | 17     | -      | -      | 48     | 0    | 0    | -    | -    | -     | 0    | 0    | 
|advanced_task_scheduler | (PCIN>>17)+A*B | 17     | 17     | -      | -      | 48     | 0    | 0    | -    | -    | -     | 0    | 0    | 
|advanced_task_scheduler | A*B            | 18     | 17     | -      | -      | 48     | 0    | 0    | -    | -    | -     | 0    | 0    | 
|advanced_task_scheduler | (PCIN>>17)+A*B | 17     | 17     | -      | -      | 48     | 0    | 0    | -    | -    | -     | 0    | 0    | 
|advanced_task_scheduler | A*B            | 18     | 17     | -      | -      | 48     | 0    | 0    | -    | -    | -     | 0    | 0    | 
|advanced_task_scheduler | (PCIN>>17)+A*B | 17     | 17     | -      | -      | 48     | 0    | 0    | -    | -    | -     | 0    | 0    | 
|advanced_task_scheduler | A*B            | 18     | 17     | -      | -      | 48     | 0    | 0    | -    | -    | -     | 0    | 0    | 
|advanced_task_scheduler | (PCIN>>17)+A*B | 17     | 17     | -      | -      | 48     | 0    | 0    | -    | -    | -     | 0    | 0    | 
|advanced_task_scheduler | A*B            | 18     | 17     | -      | -      | 48     | 0    | 0    | -    | -    | -     | 0    | 0    | 
|advanced_task_scheduler | (PCIN>>17)+A*B | 17     | 17     | -      | -      | 48     | 0    | 0    | -    | -    | -     | 0    | 0    | 
|advanced_task_scheduler | A*B            | 18     | 17     | -      | -      | 48     | 0    | 0    | -    | -    | -     | 0    | 0    | 
|advanced_task_scheduler | (PCIN>>17)+A*B | 17     | 17     | -      | -      | 48     | 0    | 0    | -    | -    | -     | 0    | 0    | 
|advanced_task_scheduler | A*B            | 18     | 17     | -      | -      | 48     | 0    | 0    | -    | -    | -     | 0    | 0    | 
|advanced_task_scheduler | (PCIN>>17)+A*B | 17     | 17     | -      | -      | 48     | 0    | 0    | -    | -    | -     | 0    | 0    | 
|advanced_task_scheduler | A*B            | 18     | 17     | -      | -      | 48     | 0    | 0    | -    | -    | -     | 0    | 0    | 
|advanced_task_scheduler | (PCIN>>17)+A*B | 17     | 17     | -      | -      | 48     | 0    | 0    | -    | -    | -     | 0    | 0    | 
|advanced_task_scheduler | A*B            | 18     | 17     | -      | -      | 48     | 0    | 0    | -    | -    | -     | 0    | 0    | 
|advanced_task_scheduler | (PCIN>>17)+A*B | 17     | 17     | -      | -      | 48     | 0    | 0    | -    | -    | -     | 0    | 0    | 
|advanced_task_scheduler | A*B            | 18     | 17     | -      | -      | 48     | 0    | 0    | -    | -    | -     | 0    | 0    | 
|advanced_task_scheduler | (PCIN>>17)+A*B | 17     | 17     | -      | -      | 48     | 0    | 0    | -    | -    | -     | 0    | 0    | 
|advanced_task_scheduler | A*B            | 18     | 17     | -      | -      | 48     | 0    | 0    | -    | -    | -     | 0    | 0    | 
|advanced_task_scheduler | (PCIN>>17)+A*B | 17     | 17     | -      | -      | 48     | 0    | 0    | -    | -    | -     | 0    | 0    | 
|advanced_task_scheduler | A*B            | 18     | 17     | -      | -      | 48     | 0    | 0    | -    | -    | -     | 0    | 0    | 
|advanced_task_scheduler | (PCIN>>17)+A*B | 17     | 17     | -      | -      | 48     | 0    | 0    | -    | -    | -     | 0    | 0    | 
|advanced_task_scheduler | A*B            | 18     | 17     | -      | -      | 48     | 0    | 0    | -    | -    | -     | 0    | 0    | 
|advanced_task_scheduler | (PCIN>>17)+A*B | 17     | 17     | -      | -      | 48     | 0    | 0    | -    | -    | -     | 0    | 0    | 
|advanced_task_scheduler | A*B            | 18     | 17     | -      | -      | 48     | 0    | 0    | -    | -    | -     | 0    | 0    | 
|advanced_task_scheduler | (PCIN>>17)+A*B | 17     | 17     | -      | -      | 48     | 0    | 0    | -    | -    | -     | 0    | 0    | 
|advanced_task_scheduler | A*B            | 18     | 17     | -      | -      | 48     | 0    | 0    | -    | -    | -     | 0    | 0    | 
|advanced_task_scheduler | (PCIN>>17)+A*B | 17     | 17     | -      | -      | 48     | 0    | 0    | -    | -    | -     | 0    | 0    | 
|advanced_task_scheduler | A*B            | 18     | 17     | -      | -      | 48     | 0    | 0    | -    | -    | -     | 0    | 0    | 
|advanced_task_scheduler | (PCIN>>17)+A*B | 17     | 17     | -      | -      | 48     | 0    | 0    | -    | -    | -     | 0    | 0    | 
|advanced_task_scheduler | A*B            | 18     | 17     | -      | -      | 48     | 0    | 0    | -    | -    | -     | 0    | 0    | 
|advanced_task_scheduler | (PCIN>>17)+A*B | 17     | 17     | -      | -      | 48     | 0    | 0    | -    | -    | -     | 0    | 0    | 
|advanced_task_scheduler | A*B            | 18     | 17     | -      | -      | 48     | 0    | 0    | -    | -    | -     | 0    | 0    | 
|advanced_task_scheduler | (PCIN>>17)+A*B | 17     | 17     | -      | -      | 48     | 0    | 0    | -    | -    | -     | 0    | 0    | 
|advanced_task_scheduler | A*B            | 18     | 17     | -      | -      | 48     | 0    | 0    | -    | -    | -     | 0    | 0    | 
|advanced_task_scheduler | (PCIN>>17)+A*B | 17     | 17     | -      | -      | 48     | 0    | 0    | -    | -    | -     | 0    | 0    | 
+------------------------+----------------+--------+--------+--------+--------+--------+------+------+------+------+-------+------+------+

Note: The table above is a preliminary report that shows the DSPs inferred at the current stage of the synthesis flow. Some DSP may be reimplemented as non DSP primitives later in the synthesis flow. Multiple instantiated DSPs are reported only once.
---------------------------------------------------------------------------------
Finished ROM, RAM, DSP, Shift Register and Retiming Reporting
---------------------------------------------------------------------------------
---------------------------------------------------------------------------------
Start Applying XDC Timing Constraints
---------------------------------------------------------------------------------
---------------------------------------------------------------------------------
Finished Applying XDC Timing Constraints : Time (s): cpu = 00:00:24 ; elapsed = 00:00:25 . Memory (MB): peak = 2621.453 ; gain = 831.141 ; free physical = 708 ; free virtual = 11857
---------------------------------------------------------------------------------
---------------------------------------------------------------------------------
Start Timing Optimization
---------------------------------------------------------------------------------
---------------------------------------------------------------------------------
Finished Timing Optimization : Time (s): cpu = 00:00:31 ; elapsed = 00:00:31 . Memory (MB): peak = 2768.164 ; gain = 977.852 ; free physical = 587 ; free virtual = 11736
---------------------------------------------------------------------------------
---------------------------------------------------------------------------------
Start Technology Mapping
---------------------------------------------------------------------------------
---------------------------------------------------------------------------------
Finished Technology Mapping : Time (s): cpu = 00:00:33 ; elapsed = 00:00:34 . Memory (MB): peak = 2768.164 ; gain = 977.852 ; free physical = 579 ; free virtual = 11735
---------------------------------------------------------------------------------
---------------------------------------------------------------------------------
Start IO Insertion
---------------------------------------------------------------------------------
---------------------------------------------------------------------------------
Start Flattening Before IO Insertion
---------------------------------------------------------------------------------
---------------------------------------------------------------------------------
Finished Flattening Before IO Insertion
---------------------------------------------------------------------------------
---------------------------------------------------------------------------------
Start Final Netlist Cleanup
---------------------------------------------------------------------------------
---------------------------------------------------------------------------------
Finished Final Netlist Cleanup
---------------------------------------------------------------------------------
---------------------------------------------------------------------------------
Finished IO Insertion : Time (s): cpu = 00:00:36 ; elapsed = 00:00:36 . Memory (MB): peak = 2856.977 ; gain = 1066.664 ; free physical = 520 ; free virtual = 11672
---------------------------------------------------------------------------------
---------------------------------------------------------------------------------
Start Renaming Generated Instances
---------------------------------------------------------------------------------
---------------------------------------------------------------------------------
Finished Renaming Generated Instances : Time (s): cpu = 00:00:36 ; elapsed = 00:00:36 . Memory (MB): peak = 2856.977 ; gain = 1066.664 ; free physical = 520 ; free virtual = 11672
---------------------------------------------------------------------------------
---------------------------------------------------------------------------------
Start Rebuilding User Hierarchy
---------------------------------------------------------------------------------
---------------------------------------------------------------------------------
Finished Rebuilding User Hierarchy : Time (s): cpu = 00:00:36 ; elapsed = 00:00:37 . Memory (MB): peak = 2856.977 ; gain = 1066.664 ; free physical = 514 ; free virtual = 11666
---------------------------------------------------------------------------------
---------------------------------------------------------------------------------
Start Renaming Generated Ports
---------------------------------------------------------------------------------
---------------------------------------------------------------------------------
Finished Renaming Generated Ports : Time (s): cpu = 00:00:36 ; elapsed = 00:00:37 . Memory (MB): peak = 2856.977 ; gain = 1066.664 ; free physical = 514 ; free virtual = 11666
---------------------------------------------------------------------------------
---------------------------------------------------------------------------------
Start Handling Custom Attributes
---------------------------------------------------------------------------------
---------------------------------------------------------------------------------
Finished Handling Custom Attributes : Time (s): cpu = 00:00:37 ; elapsed = 00:00:37 . Memory (MB): peak = 2856.977 ; gain = 1066.664 ; free physical = 518 ; free virtual = 11667
---------------------------------------------------------------------------------
---------------------------------------------------------------------------------
Start Renaming Generated Nets
---------------------------------------------------------------------------------
---------------------------------------------------------------------------------
Finished Renaming Generated Nets : Time (s): cpu = 00:00:37 ; elapsed = 00:00:37 . Memory (MB): peak = 2856.977 ; gain = 1066.664 ; free physical = 518 ; free virtual = 11667
---------------------------------------------------------------------------------
---------------------------------------------------------------------------------
Start Writing Synthesis Report
---------------------------------------------------------------------------------

DSP Final Report (the ' indicates corresponding REG is set)
+------------------------+--------------+--------+--------+--------+--------+--------+------+------+------+------+-------+------+------+
|Module Name             | DSP Mapping  | A Size | B Size | C Size | D Size | P Size | AREG | BREG | CREG | DREG | ADREG | MREG | PREG | 
+------------------------+--------------+--------+--------+--------+--------+--------+------+------+------+------+-------+------+------+
|advanced_task_scheduler | A*B          | 17     | 16     | -      | -      | 48     | 0    | 0    | -    | -    | -     | 0    | 0    | 
|advanced_task_scheduler | PCIN>>17+A*B | 16     | 16     | -      | -      | 48     | 0    | 0    | -    | -    | -     | 0    | 0    | 
|advanced_task_scheduler | A*B          | 17     | 16     | -      | -      | 48     | 0    | 0    | -    | -    | -     | 0    | 0    | 
|advanced_task_scheduler | PCIN>>17+A*B | 16     | 0      | -      | -      | 48     | 0    | 0    | -    | -    | -     | 0    | 0    | 
|advanced_task_scheduler | A*B          | 17     | 16     | -      | -      | 48     | 0    | 0    | -    | -    | -     | 0    | 0    | 
|advanced_task_scheduler | PCIN>>17+A*B | 16     | 16     | -      | -      | 48     | 0    | 0    | -    | -    | -     | 0    | 0    | 
|advanced_task_scheduler | A*B          | 17     | 16     | -      | -      | 48     | 0    | 0    | -    | -    | -     | 0    | 0    | 
|advanced_task_scheduler | PCIN>>17+A*B | 16     | 16     | -      | -      | 48     | 0    | 0    | -    | -    | -     | 0    | 0    | 
|advanced_task_scheduler | A*B          | 17     | 16     | -      | -      | 48     | 0    | 0    | -    | -    | -     | 0    | 0    | 
|advanced_task_scheduler | PCIN>>17+A*B | 16     | 16     | -      | -      | 48     | 0    | 0    | -    | -    | -     | 0    | 0    | 
|advanced_task_scheduler | A*B          | 17     | 16     | -      | -      | 48     | 0    | 0    | -    | -    | -     | 0    | 0    | 
|advanced_task_scheduler | PCIN>>17+A*B | 16     | 16     | -      | -      | 48     | 0    | 0    | -    | -    | -     | 0    | 0    | 
|advanced_task_scheduler | A*B          | 17     | 16     | -      | -      | 48     | 0    | 0    | -    | -    | -     | 0    | 0    | 
|advanced_task_scheduler | PCIN>>17+A*B | 16     | 16     | -      | -      | 48     | 0    | 0    | -    | -    | -     | 0    | 0    | 
|advanced_task_scheduler | A*B          | 17     | 16     | -      | -      | 48     | 0    | 0    | -    | -    | -     | 0    | 0    | 
|advanced_task_scheduler | PCIN>>17+A*B | 16     | 16     | -      | -      | 48     | 0    | 0    | -    | -    | -     | 0    | 0    | 
|advanced_task_scheduler | A*B          | 17     | 16     | -      | -      | 48     | 0    | 0    | -    | -    | -     | 0    | 0    | 
|advanced_task_scheduler | PCIN>>17+A*B | 16     | 16     | -      | -      | 48     | 0    | 0    | -    | -    | -     | 0    | 0    | 
|advanced_task_scheduler | A*B          | 17     | 16     | -      | -      | 48     | 0    | 0    | -    | -    | -     | 0    | 0    | 
|advanced_task_scheduler | PCIN>>17+A*B | 16     | 0      | -      | -      | 48     | 0    | 0    | -    | -    | -     | 0    | 0    | 
|advanced_task_scheduler | A*B          | 17     | 16     | -      | -      | 48     | 0    | 0    | -    | -    | -     | 0    | 0    | 
|advanced_task_scheduler | PCIN>>17+A*B | 16     | 16     | -      | -      | 48     | 0    | 0    | -    | -    | -     | 0    | 0    | 
|advanced_task_scheduler | A*B          | 17     | 16     | -      | -      | 48     | 0    | 0    | -    | -    | -     | 0    | 0    | 
|advanced_task_scheduler | PCIN>>17+A*B | 16     | 16     | -      | -      | 48     | 0    | 0    | -    | -    | -     | 0    | 0    | 
|advanced_task_scheduler | A*B          | 17     | 16     | -      | -      | 48     | 0    | 0    | -    | -    | -     | 0    | 0    | 
|advanced_task_scheduler | PCIN>>17+A*B | 16     | 16     | -      | -      | 48     | 0    | 0    | -    | -    | -     | 0    | 0    | 
|advanced_task_scheduler | A*B          | 17     | 16     | -      | -      | 48     | 0    | 0    | -    | -    | -     | 0    | 0    | 
|advanced_task_scheduler | PCIN>>17+A*B | 16     | 0      | -      | -      | 48     | 0    | 0    | -    | -    | -     | 0    | 0    | 
|advanced_task_scheduler | A*B          | 17     | 16     | -      | -      | 48     | 0    | 0    | -    | -    | -     | 0    | 0    | 
|advanced_task_scheduler | PCIN>>17+A*B | 16     | 16     | -      | -      | 48     | 0    | 0    | -    | -    | -     | 0    | 0    | 
|advanced_task_scheduler | A*B          | 17     | 16     | -      | -      | 48     | 0    | 0    | -    | -    | -     | 0    | 0    | 
|advanced_task_scheduler | PCIN>>17+A*B | 16     | 16     | -      | -      | 48     | 0    | 0    | -    | -    | -     | 0    | 0    | 
|advanced_task_scheduler | A*B          | 17     | 16     | -      | -      | 48     | 0    | 0    | -    | -    | -     | 0    | 0    | 
|advanced_task_scheduler | PCIN>>17+A*B | 16     | 16     | -      | -      | 48     | 0    | 0    | -    | -    | -     | 0    | 0    | 
|advanced_task_scheduler | A*B          | 17     | 16     | -      | -      | 48     | 0    | 0    | -    | -    | -     | 0    | 0    | 
|advanced_task_scheduler | PCIN>>17+A*B | 16     | 0      | -      | -      | 48     | 0    | 0    | -    | -    | -     | 0    | 0    | 
|advanced_task_scheduler | A*B          | 17     | 16     | -      | -      | 48     | 0    | 0    | -    | -    | -     | 0    | 0    | 
|advanced_task_scheduler | PCIN>>17+A*B | 16     | 16     | -      | -      | 48     | 0    | 0    | -    | -    | -     | 0    | 0    | 
|advanced_task_scheduler | A*B          | 17     | 16     | -      | -      | 48     | 0    | 0    | -    | -    | -     | 0    | 0    | 
|advanced_task_scheduler | PCIN>>17+A*B | 16     | 16     | -      | -      | 48     | 0    | 0    | -    | -    | -     | 0    | 0    | 
|advanced_task_scheduler | A*B          | 17     | 16     | -      | -      | 48     | 0    | 0    | -    | -    | -     | 0    | 0    | 
|advanced_task_scheduler | PCIN>>17+A*B | 16     | 16     | -      | -      | 48     | 0    | 0    | -    | -    | -     | 0    | 0    | 
|advanced_task_scheduler | A*B          | 17     | 16     | -      | -      | 48     | 0    | 0    | -    | -    | -     | 0    | 0    | 
|advanced_task_scheduler | PCIN>>17+A*B | 16     | 0      | -      | -      | 48     | 0    | 0    | -    | -    | -     | 0    | 0    | 
|advanced_task_scheduler | A*B          | 17     | 16     | -      | -      | 48     | 0    | 0    | -    | -    | -     | 0    | 0    | 
|advanced_task_scheduler | PCIN>>17+A*B | 16     | 16     | -      | -      | 48     | 0    | 0    | -    | -    | -     | 0    | 0    | 
|advanced_task_scheduler | A*B          | 17     | 16     | -      | -      | 48     | 0    | 0    | -    | -    | -     | 0    | 0    | 
|advanced_task_scheduler | PCIN>>17+A*B | 16     | 16     | -      | -      | 48     | 0    | 0    | -    | -    | -     | 0    | 0    | 
|advanced_task_scheduler | A*B          | 17     | 16     | -      | -      | 48     | 0    | 0    | -    | -    | -     | 0    | 0    | 
|advanced_task_scheduler | PCIN>>17+A*B | 16     | 16     | -      | -      | 48     | 0    | 0    | -    | -    | -     | 0    | 0    | 
|advanced_task_scheduler | A*B          | 17     | 16     | -      | -      | 48     | 0    | 0    | -    | -    | -     | 0    | 0    | 
|advanced_task_scheduler | PCIN>>17+A*B | 16     | 0      | -      | -      | 48     | 0    | 0    | -    | -    | -     | 0    | 0    | 
|advanced_task_scheduler | A*B          | 17     | 16     | -      | -      | 48     | 0    | 0    | -    | -    | -     | 0    | 0    | 
|advanced_task_scheduler | PCIN>>17+A*B | 16     | 16     | -      | -      | 48     | 0    | 0    | -    | -    | -     | 0    | 0    | 
|advanced_task_scheduler | A*B          | 17     | 16     | -      | -      | 48     | 0    | 0    | -    | -    | -     | 0    | 0    | 
|advanced_task_scheduler | PCIN>>17+A*B | 16     | 16     | -      | -      | 48     | 0    | 0    | -    | -    | -     | 0    | 0    | 
|advanced_task_scheduler | A*B          | 17     | 16     | -      | -      | 48     | 0    | 0    | -    | -    | -     | 0    | 0    | 
|advanced_task_scheduler | PCIN>>17+A*B | 16     | 16     | -      | -      | 48     | 0    | 0    | -    | -    | -     | 0    | 0    | 
|advanced_task_scheduler | A*B          | 17     | 16     | -      | -      | 48     | 0    | 0    | -    | -    | -     | 0    | 0    | 
|advanced_task_scheduler | PCIN>>17+A*B | 16     | 0      | -      | -      | 48     | 0    | 0    | -    | -    | -     | 0    | 0    | 
+------------------------+--------------+--------+--------+--------+--------+--------+------+------+------+------+-------+------+------+


Report BlackBoxes: 
+-+--------------+----------+
| |BlackBox name |Instances |
+-+--------------+----------+
+-+--------------+----------+

Report Cell Usage: 
+------+--------+------+
|      |Cell    |Count |
+------+--------+------+
|1     |CARRY4  |   422|
|2     |DSP48E1 |    60|
|3     |LUT1    |   126|
|4     |LUT2    |   360|
|5     |LUT3    |   152|
|6     |LUT4    |  1189|
|7     |LUT5    |  1058|
|8     |LUT6    |   487|
|9     |FDCE    |  1002|
+------+--------+------+
---------------------------------------------------------------------------------
Finished Writing Synthesis Report : Time (s): cpu = 00:00:37 ; elapsed = 00:00:37 . Memory (MB): peak = 2856.977 ; gain = 1066.664 ; free physical = 519 ; free virtual = 11668
---------------------------------------------------------------------------------
Synthesis finished with 0 errors, 0 critical warnings and 33 warnings.
Synthesis Optimization Runtime : Time (s): cpu = 00:00:35 ; elapsed = 00:00:35 . Memory (MB): peak = 2856.977 ; gain = 965.164 ; free physical = 519 ; free virtual = 11668
Synthesis Optimization Complete : Time (s): cpu = 00:00:37 ; elapsed = 00:00:37 . Memory (MB): peak = 2856.984 ; gain = 1066.664 ; free physical = 519 ; free virtual = 11668
INFO: [Project 1-571] Translating synthesized netlist
Netlist sorting complete. Time (s): cpu = 00:00:00.03 ; elapsed = 00:00:00.03 . Memory (MB): peak = 2856.984 ; gain = 0.000 ; free physical = 694 ; free virtual = 11846
INFO: [Netlist 29-17] Analyzing 482 Unisim elements for replacement
INFO: [Netlist 29-28] Unisim Transformation completed in 0 CPU seconds
WARNING: [Netlist 29-101] Netlist 'advanced_task_scheduler' is not ideal for floorplanning, since the cellview 'advanced_task_scheduler' contains a large number of primitives.  Please consider enabling hierarchy in synthesis if you want to do floorplanning.
INFO: [Project 1-570] Preparing netlist for logic optimization
Parsing XDC File [/tmp/sched_synth_HRRN_soq_w3dx/c.xdc]
Finished Parsing XDC File [/tmp/sched_synth_HRRN_soq_w3dx/c.xdc]
INFO: [Opt 31-138] Pushed 0 inverter(s) to 0 load pin(s).
Netlist sorting complete. Time (s): cpu = 00:00:00 ; elapsed = 00:00:00 . Memory (MB): peak = 2913.004 ; gain = 0.000 ; free physical = 689 ; free virtual = 11843
INFO: [Project 1-111] Unisim Transformation Summary:
No Unisim elements were transformed.

Synth Design complete | Checksum: cf2e789b
INFO: [Common 17-83] Releasing license: Synthesis
16 Infos, 151 Warnings, 0 Critical Warnings and 0 Errors encountered.
synth_design completed successfully
synth_design: Time (s): cpu = 00:00:43 ; elapsed = 00:00:42 . Memory (MB): peak = 2913.039 ; gain = 1277.844 ; free physical = 689 ; free virtual = 11843
INFO: [Common 17-2834] synth_design peak Physical Memory [PSS] (MB): overall = 2337.083; main = 2235.665; forked = 343.585
INFO: [Common 17-2834] synth_design peak Virtual Memory [VSS] (MB): overall = 3762.406; main = 2913.008; forked = 994.238
# opt_design
Command: opt_design
Attempting to get a license for feature 'Implementation' and/or device 'xc7a100t'
INFO: [Common 17-349] Got license for feature 'Implementation' and/or device 'xc7a100t'
Running DRC as a precondition to command opt_design

Starting DRC Task
INFO: [DRC 23-27] Running DRC with 8 threads
WARNING: [DRC 23-814] Not all possible (connectivity based) DRCs may have been run because this design is seen as Out of Context.
INFO: [Project 1-461] DRC finished with 0 Errors
INFO: [Project 1-462] Please refer to the DRC report (report_drc) for more information.

Time (s): cpu = 00:00:00.74 ; elapsed = 00:00:00.3 . Memory (MB): peak = 2913.039 ; gain = 0.000 ; free physical = 691 ; free virtual = 11846

Starting Cache Timing Information Task
INFO: [Timing 38-35] Done setting XDC timing constraints.
Ending Cache Timing Information Task | Checksum: 378ac2439

Time (s): cpu = 00:00:05 ; elapsed = 00:00:04 . Memory (MB): peak = 2929.004 ; gain = 15.965 ; free physical = 618 ; free virtual = 11852

Starting Logic Optimization Task

Phase 1 Initialization

Phase 1.1 Core Generation And Design Setup
Phase 1.1 Core Generation And Design Setup | Checksum: 378ac2439

Time (s): cpu = 00:00:00 ; elapsed = 00:00:00 . Memory (MB): peak = 2977.004 ; gain = 0.000 ; free physical = 552 ; free virtual = 11783

Phase 1.2 Setup Constraints And Sort Netlist
Phase 1.2 Setup Constraints And Sort Netlist | Checksum: 378ac2439

Time (s): cpu = 00:00:00.01 ; elapsed = 00:00:00.01 . Memory (MB): peak = 2977.004 ; gain = 0.000 ; free physical = 551 ; free virtual = 11783
Phase 1 Initialization | Checksum: 378ac2439

Time (s): cpu = 00:00:00.01 ; elapsed = 00:00:00.01 . Memory (MB): peak = 2977.004 ; gain = 0.000 ; free physical = 551 ; free virtual = 11783

Phase 2 Timer Update And Timing Data Collection

Phase 2.1 Detect if minReqCache needed
Phase 2.1 Detect if minReqCache needed | Checksum: 378ac2439

Time (s): cpu = 00:00:00.01 ; elapsed = 00:00:00.02 . Memory (MB): peak = 2977.004 ; gain = 0.000 ; free physical = 552 ; free virtual = 11783

Phase 2.2 Timer Update
Phase 2.2 Timer Update | Checksum: 378ac2439

Time (s): cpu = 00:00:00.02 ; elapsed = 00:00:00.02 . Memory (MB): peak = 2977.004 ; gain = 0.000 ; free physical = 552 ; free virtual = 11783
Phase 2 Timer Update And Timing Data Collection | Checksum: 378ac2439

Time (s): cpu = 00:00:00.02 ; elapsed = 00:00:00.02 . Memory (MB): peak = 2977.004 ; gain = 0.000 ; free physical = 552 ; free virtual = 11783

Phase 3 Retarget
INFO: [Opt 31-1851] Number of loadless carry chains removed were: 0
INFO: [Opt 31-1834] Total Chains To Be Transformed Were: 0 AND Number of Transformed insts Created are: 0
INFO: [Opt 31-1566] Pulled 1 inverters resulting in an inversion of 15 pins
INFO: [Opt 31-138] Pushed 0 inverter(s) to 0 load pin(s).
INFO: [Opt 31-49] Retargeted 0 cell(s).
Phase 3 Retarget | Checksum: 240a0a69b

Time (s): cpu = 00:00:00.09 ; elapsed = 00:00:00.1 . Memory (MB): peak = 2977.004 ; gain = 0.000 ; free physical = 551 ; free virtual = 11783
Retarget | Checksum: 240a0a69b
INFO: [Opt 31-389] Phase Retarget created 0 cells and removed 4 cells

Phase 4 Constant propagation
INFO: [Opt 31-138] Pushed 0 inverter(s) to 0 load pin(s).
Phase 4 Constant propagation | Checksum: 240a0a69b

Time (s): cpu = 00:00:00.13 ; elapsed = 00:00:00.14 . Memory (MB): peak = 2977.004 ; gain = 0.000 ; free physical = 551 ; free virtual = 11783
Constant propagation | Checksum: 240a0a69b
INFO: [Opt 31-389] Phase Constant propagation created 0 cells and removed 0 cells

Phase 5 Sweep
INFO: [Constraints 18-11670] Building netlist checker database with flags, 0x8
Done building netlist checker database: Time (s): cpu = 00:00:00 ; elapsed = 00:00:00 . Memory (MB): peak = 2977.004 ; gain = 0.000 ; free physical = 551 ; free virtual = 11783
Phase 5 Sweep | Checksum: 2b021e96e

Time (s): cpu = 00:00:00.21 ; elapsed = 00:00:00.23 . Memory (MB): peak = 2977.004 ; gain = 0.000 ; free physical = 551 ; free virtual = 11783
Sweep | Checksum: 2b021e96e
INFO: [Opt 31-389] Phase Sweep created 0 cells and removed 0 cells

Phase 6 BUFG optimization
Phase 6 BUFG optimization | Checksum: 2b021e96e

Time (s): cpu = 00:00:00.22 ; elapsed = 00:00:00.24 . Memory (MB): peak = 3009.020 ; gain = 32.016 ; free physical = 551 ; free virtual = 11783
BUFG optimization | Checksum: 2b021e96e
INFO: [Opt 31-662] Phase BUFG optimization created 0 cells of which 0 are BUFGs and removed 0 cells.

Phase 7 Shift Register Optimization
INFO: [Opt 31-1064] SRL Remap converted 0 SRLs to 0 registers and converted 0 registers of register chains to 0 SRLs
Phase 7 Shift Register Optimization | Checksum: 2b021e96e

Time (s): cpu = 00:00:00.23 ; elapsed = 00:00:00.25 . Memory (MB): peak = 3009.020 ; gain = 32.016 ; free physical = 551 ; free virtual = 11783
Shift Register Optimization | Checksum: 2b021e96e
INFO: [Opt 31-389] Phase Shift Register Optimization created 0 cells and removed 0 cells

Phase 8 Post Processing Netlist
Phase 8 Post Processing Netlist | Checksum: 2b021e96e

Time (s): cpu = 00:00:00.24 ; elapsed = 00:00:00.26 . Memory (MB): peak = 3009.020 ; gain = 32.016 ; free physical = 551 ; free virtual = 11783
Post Processing Netlist | Checksum: 2b021e96e
INFO: [Opt 31-389] Phase Post Processing Netlist created 0 cells and removed 0 cells

Phase 9 Finalization

Phase 9.1 Finalizing Design Cores and Updating Shapes
Phase 9.1 Finalizing Design Cores and Updating Shapes | Checksum: 341c7dd3b

Time (s): cpu = 00:00:00.31 ; elapsed = 00:00:00.33 . Memory (MB): peak = 3009.020 ; gain = 32.016 ; free physical = 551 ; free virtual = 11783

Phase 9.2 Verifying Netlist Connectivity

Starting Connectivity Check Task

Time (s): cpu = 00:00:00.01 ; elapsed = 00:00:00.01 . Memory (MB): peak = 3009.020 ; gain = 0.000 ; free physical = 551 ; free virtual = 11783
Phase 9.2 Verifying Netlist Connectivity | Checksum: 341c7dd3b

Time (s): cpu = 00:00:00.32 ; elapsed = 00:00:00.34 . Memory (MB): peak = 3009.020 ; gain = 32.016 ; free physical = 551 ; free virtual = 11783
Phase 9 Finalization | Checksum: 341c7dd3b

Time (s): cpu = 00:00:00.32 ; elapsed = 00:00:00.34 . Memory (MB): peak = 3009.020 ; gain = 32.016 ; free physical = 551 ; free virtual = 11783
Opt_design Change Summary
=========================


-------------------------------------------------------------------------------------------------------------------------
|  Phase                        |  #Cells created  |  #Cells Removed  |  #Constrained objects preventing optimizations  |
-------------------------------------------------------------------------------------------------------------------------
|  Retarget                     |               0  |               4  |                                              0  |
|  Constant propagation         |               0  |               0  |                                              0  |
|  Sweep                        |               0  |               0  |                                              0  |
|  BUFG optimization            |               0  |               0  |                                              0  |
|  Shift Register Optimization  |               0  |               0  |                                              0  |
|  Post Processing Netlist      |               0  |               0  |                                              0  |
-------------------------------------------------------------------------------------------------------------------------


Ending Logic Optimization Task | Checksum: 341c7dd3b

Time (s): cpu = 00:00:00.32 ; elapsed = 00:00:00.34 . Memory (MB): peak = 3009.020 ; gain = 32.016 ; free physical = 551 ; free virtual = 11783

Starting Power Optimization Task
INFO: [Pwropt 34-132] Skipping clock gating for clocks with a period < 2.00 ns.
Ending Power Optimization Task | Checksum: 341c7dd3b

Time (s): cpu = 00:00:00.01 ; elapsed = 00:00:00.01 . Memory (MB): peak = 3009.020 ; gain = 0.000 ; free physical = 551 ; free virtual = 11783

Starting Final Cleanup Task
Ending Final Cleanup Task | Checksum: 341c7dd3b

Time (s): cpu = 00:00:00 ; elapsed = 00:00:00 . Memory (MB): peak = 3009.020 ; gain = 0.000 ; free physical = 551 ; free virtual = 11783
Netlist sorting complete. Time (s): cpu = 00:00:00 ; elapsed = 00:00:00 . Memory (MB): peak = 3009.020 ; gain = 0.000 ; free physical = 551 ; free virtual = 11783
INFO: [Common 17-83] Releasing license: Implementation
21 Infos, 1 Warnings, 0 Critical Warnings and 0 Errors encountered.
opt_design completed successfully
opt_design: Time (s): cpu = 00:00:08 ; elapsed = 00:00:06 . Memory (MB): peak = 3009.020 ; gain = 95.980 ; free physical = 551 ; free virtual = 11783
# report_utilization    -file util.rpt
# report_power          -file power.rpt
Command: report_power -file power.rpt
INFO: [Timing 38-35] Done setting XDC timing constraints.
Running Vector-less Activity Propagation...
WARNING: [Timing 38-242] The property HD.CLK_SRC of clock port "clk" is not set. In out-of-context mode, this prevents timing estimation for clock delay/skew
Resolution: Set the HD.CLK_SRC property of the out-of-context port to the location of the clock buffer instance in the top-level design

Finished Running Vector-less Activity Propagation
1 Infos, 1 Warnings, 0 Critical Warnings and 0 Errors encountered.
report_power completed successfully
# report_timing_summary -file timing.rpt
INFO: [Timing 38-91] UpdateTimingParams: Speed grade: -1, Delay Type: min_max.
INFO: [Timing 38-191] Multithreading enabled for timing update using a maximum of 8 CPUs
# puts "SCHED_PROBE_OK"
SCHED_PROBE_OK
# exit 0
INFO: [Common 17-206] Exiting Vivado at Tue Jul 28 16:24:46 2026...
