Copyright 1986-2022 Xilinx, Inc. All Rights Reserved. Copyright 2022-2025 Advanced Micro Devices, Inc. All Rights Reserved.
---------------------------------------------------------------------------------------------------------------------------------------------
| Tool Version : Vivado v.2025.2 (lin64) Build 6299465 Fri Nov 14 12:34:56 MST 2025
| Date         : Tue Jul 28 00:29:06 2026
| Host         : dilshanpathegamage-Aspire-E5-575G running 64-bit Ubuntu 24.04.3 LTS
| Command      : report_timing_summary -file timing.rpt
| Design       : task_scheduler
| Device       : 7a100t-csg324
| Speed File   : -1  PRODUCTION 1.23 2018-06-13
| Design State : Optimized
---------------------------------------------------------------------------------------------------------------------------------------------

Timing Summary Report

------------------------------------------------------------------------------------------------
| Timer Settings
| --------------
------------------------------------------------------------------------------------------------

  Enable Multi Corner Analysis               :  Yes
  Enable Pessimism Removal                   :  Yes
  Pessimism Removal Resolution               :  Nearest Common Node
  Enable Input Delay Default Clock           :  No
  Enable Preset / Clear Arcs                 :  No
  Disable Flight Delays                      :  No
  Ignore I/O Paths                           :  No
  Timing Early Launch at Borrowing Latches   :  No
  Borrow Time for Max Delay Exceptions       :  Yes
  Merge Timing Exceptions                    :  Yes
  Inter-SLR Compensation                     :  Conservative

  Corner  Analyze    Analyze    
  Name    Max Paths  Min Paths  
  ------  ---------  ---------  
  Slow    Yes        Yes        
  Fast    Yes        Yes        


------------------------------------------------------------------------------------------------
| Report Methodology
| ------------------
------------------------------------------------------------------------------------------------

No report available as report_methodology has not been run prior. Run report_methodology on the current design for the summary of methodology violations.



check_timing report

Table of Contents
-----------------
1. checking no_clock (0)
2. checking constant_clock (0)
3. checking pulse_width_clock (0)
4. checking unconstrained_internal_endpoints (0)
5. checking no_input_delay (63)
6. checking no_output_delay (69)
7. checking multiple_clock (0)
8. checking generated_clocks (0)
9. checking loops (0)
10. checking partial_input_delay (0)
11. checking partial_output_delay (0)
12. checking latch_loops (0)

1. checking no_clock (0)
------------------------
 There are 0 register/latch pins with no clock.


2. checking constant_clock (0)
------------------------------
 There are 0 register/latch pins with constant_clock.


3. checking pulse_width_clock (0)
---------------------------------
 There are 0 register/latch pins which need pulse_width check


4. checking unconstrained_internal_endpoints (0)
------------------------------------------------
 There are 0 pins that are not constrained for maximum delay.

 There are 0 pins that are not constrained for maximum delay due to constant clock.


5. checking no_input_delay (63)
-------------------------------
 There are 63 input ports with no input delay specified. (HIGH)

 There are 0 input ports with no input delay but user has a false path constraint.


6. checking no_output_delay (69)
--------------------------------
 There are 69 ports with no output delay specified. (HIGH)

 There are 0 ports with no output delay but user has a false path constraint

 There are 0 ports with no output delay but with a timing clock defined on it or propagating through it


7. checking multiple_clock (0)
------------------------------
 There are 0 register/latch pins with multiple clocks.


8. checking generated_clocks (0)
--------------------------------
 There are 0 generated clocks that are not connected to a clock source.


9. checking loops (0)
---------------------
 There are 0 combinational loops in the design.


10. checking partial_input_delay (0)
------------------------------------
 There are 0 input ports with partial input delay specified.


11. checking partial_output_delay (0)
-------------------------------------
 There are 0 ports with partial output delay specified.


12. checking latch_loops (0)
----------------------------
 There are 0 combinational latch loops in the design through latch input



------------------------------------------------------------------------------------------------
| Design Timing Summary
| ---------------------
------------------------------------------------------------------------------------------------

    WNS(ns)      TNS(ns)  TNS Failing Endpoints  TNS Total Endpoints      WHS(ns)      THS(ns)  THS Failing Endpoints  THS Total Endpoints     WPWS(ns)     TPWS(ns)  TPWS Failing Endpoints  TPWS Total Endpoints  
    -------      -------  ---------------------  -------------------      -------      -------  ---------------------  -------------------     --------     --------  ----------------------  --------------------  
      0.999        0.000                      0                 2091        0.296        0.000                      0                 2091        4.500        0.000                       0                  1050  


All user specified timing constraints are met.


------------------------------------------------------------------------------------------------
| Clock Summary
| -------------
------------------------------------------------------------------------------------------------

Clock  Waveform(ns)       Period(ns)      Frequency(MHz)
-----  ------------       ----------      --------------
clk    {0.000 5.000}      10.000          100.000         


------------------------------------------------------------------------------------------------
| Intra Clock Table
| -----------------
------------------------------------------------------------------------------------------------

Clock             WNS(ns)      TNS(ns)  TNS Failing Endpoints  TNS Total Endpoints      WHS(ns)      THS(ns)  THS Failing Endpoints  THS Total Endpoints     WPWS(ns)     TPWS(ns)  TPWS Failing Endpoints  TPWS Total Endpoints  
-----             -------      -------  ---------------------  -------------------      -------      -------  ---------------------  -------------------     --------     --------  ----------------------  --------------------  
clk                 0.999        0.000                      0                 2091        0.296        0.000                      0                 2091        4.500        0.000                       0                  1050  


------------------------------------------------------------------------------------------------
| Inter Clock Table
| -----------------
------------------------------------------------------------------------------------------------

From Clock    To Clock          WNS(ns)      TNS(ns)  TNS Failing Endpoints  TNS Total Endpoints      WHS(ns)      THS(ns)  THS Failing Endpoints  THS Total Endpoints  
----------    --------          -------      -------  ---------------------  -------------------      -------      -------  ---------------------  -------------------  


------------------------------------------------------------------------------------------------
| Other Path Groups Table
| -----------------------
------------------------------------------------------------------------------------------------

Path Group    From Clock    To Clock          WNS(ns)      TNS(ns)  TNS Failing Endpoints  TNS Total Endpoints      WHS(ns)      THS(ns)  THS Failing Endpoints  THS Total Endpoints  
----------    ----------    --------          -------      -------  ---------------------  -------------------      -------      -------  ---------------------  -------------------  


------------------------------------------------------------------------------------------------
| Timing Details
| --------------
------------------------------------------------------------------------------------------------


---------------------------------------------------------------------------------------------------
From Clock:  clk
  To Clock:  clk

Setup :            0  Failing Endpoints,  Worst Slack        0.999ns,  Total Violation        0.000ns
Hold  :            0  Failing Endpoints,  Worst Slack        0.296ns,  Total Violation        0.000ns
PW    :            0  Failing Endpoints,  Worst Slack        4.500ns,  Total Violation        0.000ns
---------------------------------------------------------------------------------------------------


Max Delay Paths
--------------------------------------------------------------------------------------
Slack (MET) :             0.999ns  (required time - arrival time)
  Source:                 task_queue_reg[12][id][1]/C
                            (rising edge-triggered cell FDCE clocked by clk  {rise@0.000ns fall@5.000ns period=10.000ns})
  Destination:            task_queue_reg[12][burst_time][0]/CE
                            (rising edge-triggered cell FDCE clocked by clk  {rise@0.000ns fall@5.000ns period=10.000ns})
  Path Group:             clk
  Path Type:              Setup (Max at Slow Process Corner)
  Requirement:            10.000ns  (clk rise@10.000ns - clk rise@0.000ns)
  Data Path Delay:        8.715ns  (logic 3.025ns (34.710%)  route 5.690ns (65.290%))
  Logic Levels:           12  (CARRY4=3 LUT3=1 LUT4=1 LUT5=1 LUT6=6)
  Clock Path Skew:        -0.049ns (DCD - SCD + CPR)
    Destination Clock Delay (DCD):    0.924ns = ( 10.924 - 10.000 ) 
    Source Clock Delay      (SCD):    0.973ns
    Clock Pessimism Removal (CPR):    0.000ns
  Clock Uncertainty:      0.035ns  ((TSJ^2 + TIJ^2)^1/2 + DJ) / 2 + PE
    Total System Jitter     (TSJ):    0.071ns
    Total Input Jitter      (TIJ):    0.000ns
    Discrete Jitter          (DJ):    0.000ns
    Phase Error              (PE):    0.000ns

    Location             Delay type                Incr(ns)  Path(ns)    Netlist Resource(s)
  -------------------------------------------------------------------    -------------------
                         (clock clk rise edge)        0.000     0.000 r  
                                                      0.000     0.000 r  clk (IN)
                         net (fo=1049, unset)         0.973     0.973    clk
                         FDCE                                         r  task_queue_reg[12][id][1]/C
  -------------------------------------------------------------------    -------------------
                         FDCE (Prop_fdce_C_Q)         0.478     1.451 r  task_queue_reg[12][id][1]/Q
                         net (fo=4, unplaced)         0.989     2.440    task_queue_reg[12][id_n_0_][1]
                         LUT6 (Prop_lut6_I0_O)        0.295     2.735 f  num_tasks[4]_i_68/O
                         net (fo=1, unplaced)         0.449     3.184    num_tasks[4]_i_68_n_0
                         LUT6 (Prop_lut6_I5_O)        0.124     3.308 f  num_tasks[4]_i_43/O
                         net (fo=1, unplaced)         0.449     3.757    num_tasks[4]_i_43_n_0
                         LUT6 (Prop_lut6_I5_O)        0.124     3.881 f  num_tasks[4]_i_20/O
                         net (fo=3, unplaced)         0.750     4.631    num_tasks[4]_i_20_n_0
                         LUT3 (Prop_lut3_I0_O)        0.148     4.779 f  task_queue[2][id][7]_i_28/O
                         net (fo=1, unplaced)         0.449     5.228    task_queue[2][id][7]_i_28_n_0
                         LUT6 (Prop_lut6_I2_O)        0.124     5.352 r  task_queue[2][id][7]_i_25/O
                         net (fo=1, unplaced)         0.449     5.801    task_queue[2][id][7]_i_25_n_0
                         LUT6 (Prop_lut6_I4_O)        0.124     5.925 r  task_queue[2][id][7]_i_23/O
                         net (fo=19, unplaced)        0.478     6.403    task_queue[2][id][7]_i_23_n_0
                         LUT4 (Prop_lut4_I0_O)        0.124     6.527 r  task_queue[0][id][7]_i_14/O
                         net (fo=4, unplaced)         0.357     6.884    task_queue[0][id][7]_i_14_n_0
                         CARRY4 (Prop_carry4_CYINIT_CO[3])
                                                      0.595     7.479 r  task_queue_reg[12][id][7]_i_11/CO[3]
                         net (fo=1, unplaced)         0.000     7.479    task_queue_reg[12][id][7]_i_11_n_0
                         CARRY4 (Prop_carry4_CI_CO[3])
                                                      0.117     7.596 r  task_queue_reg[12][id][7]_i_8/CO[3]
                         net (fo=1, unplaced)         0.000     7.596    task_queue_reg[12][id][7]_i_8_n_0
                         CARRY4 (Prop_carry4_CI_CO[0])
                                                      0.281     7.877 r  task_queue_reg[12][id][7]_i_7/CO[0]
                         net (fo=1, unplaced)         0.311     8.188    p_87_in
                         LUT6 (Prop_lut6_I0_O)        0.367     8.555 f  task_queue[12][id][7]_i_3/O
                         net (fo=1, unplaced)         0.449     9.004    task_queue[12][id][7]_i_3_n_0
                         LUT5 (Prop_lut5_I1_O)        0.124     9.128 r  task_queue[12][id][7]_i_1/O
                         net (fo=61, unplaced)        0.560     9.688    task_queue[12][id][7]_i_1_n_0
                         FDCE                                         r  task_queue_reg[12][burst_time][0]/CE
  -------------------------------------------------------------------    -------------------

                         (clock clk rise edge)       10.000    10.000 r  
                                                      0.000    10.000 r  clk (IN)
                         net (fo=1049, unset)         0.924    10.924    clk
                         FDCE                                         r  task_queue_reg[12][burst_time][0]/C
                         clock pessimism              0.000    10.924    
                         clock uncertainty           -0.035    10.889    
                         FDCE (Setup_fdce_C_CE)      -0.202    10.687    task_queue_reg[12][burst_time][0]
  -------------------------------------------------------------------
                         required time                         10.687    
                         arrival time                          -9.688    
  -------------------------------------------------------------------
                         slack                                  0.999    





Min Delay Paths
--------------------------------------------------------------------------------------
Slack (MET) :             0.296ns  (arrival time - required time)
  Source:                 num_tasks_reg[1]/C
                            (rising edge-triggered cell FDCE clocked by clk  {rise@0.000ns fall@5.000ns period=10.000ns})
  Destination:            num_tasks_reg[2]/D
                            (rising edge-triggered cell FDCE clocked by clk  {rise@0.000ns fall@5.000ns period=10.000ns})
  Path Group:             clk
  Path Type:              Hold (Min at Fast Process Corner)
  Requirement:            0.000ns  (clk rise@0.000ns - clk rise@0.000ns)
  Data Path Delay:        0.416ns  (logic 0.245ns (58.875%)  route 0.171ns (41.125%))
  Logic Levels:           1  (LUT6=1)
  Clock Path Skew:        0.022ns (DCD - SCD - CPR)
    Destination Clock Delay (DCD):    0.432ns
    Source Clock Delay      (SCD):    0.410ns
    Clock Pessimism Removal (CPR):    -0.000ns

    Location             Delay type                Incr(ns)  Path(ns)    Netlist Resource(s)
  -------------------------------------------------------------------    -------------------
                         (clock clk rise edge)        0.000     0.000 r  
                                                      0.000     0.000 r  clk (IN)
                         net (fo=1049, unset)         0.410     0.410    clk
                         FDCE                                         r  num_tasks_reg[1]/C
  -------------------------------------------------------------------    -------------------
                         FDCE (Prop_fdce_C_Q)         0.147     0.557 r  num_tasks_reg[1]/Q
                         net (fo=83, unplaced)        0.171     0.728    queue_count[1]
                         LUT6 (Prop_lut6_I5_O)        0.098     0.826 r  num_tasks[2]_i_1/O
                         net (fo=1, unplaced)         0.000     0.826    num_tasks[2]_i_1_n_0
                         FDCE                                         r  num_tasks_reg[2]/D
  -------------------------------------------------------------------    -------------------

                         (clock clk rise edge)        0.000     0.000 r  
                                                      0.000     0.000 r  clk (IN)
                         net (fo=1049, unset)         0.432     0.432    clk
                         FDCE                                         r  num_tasks_reg[2]/C
                         clock pessimism              0.000     0.432    
                         FDCE (Hold_fdce_C_D)         0.099     0.531    num_tasks_reg[2]
  -------------------------------------------------------------------
                         required time                         -0.531    
                         arrival time                           0.826    
  -------------------------------------------------------------------
                         slack                                  0.296    





Pulse Width Checks
--------------------------------------------------------------------------------------
Clock Name:         clk
Waveform(ns):       { 0.000 5.000 }
Period(ns):         10.000
Sources:            { clk }

Check Type        Corner  Lib Pin  Reference Pin  Required(ns)  Actual(ns)  Slack(ns)  Location  Pin
Min Period        n/a     FDCE/C   n/a            1.000         10.000      9.000                num_tasks_reg[0]/C
Low Pulse Width   Slow    FDCE/C   n/a            0.500         5.000       4.500                num_tasks_reg[0]/C
High Pulse Width  Slow    FDCE/C   n/a            0.500         5.000       4.500                num_tasks_reg[0]/C



