
****** Vivado v2025.2 (64-bit)
  **** SW Build 6299465 on Fri Nov 14 12:34:56 MST 2025
  **** IP Build 6300035 on Fri Nov 14 10:48:45 MST 2025
  **** SharedData Build 6298862 on Thu Nov 13 04:50:51 MST 2025
  **** Start of session at: Tue Jul 28 00:35:56 2026
    ** Copyright 1986-2022 Xilinx, Inc. All Rights Reserved.
    ** Copyright 2022-2025 Advanced Micro Devices, Inc. All Rights Reserved.

source run.tcl
# create_project -part xc7a100tcsg324-1 -in_memory sched_probe
create_project: Time (s): cpu = 00:00:19 ; elapsed = 00:00:06 . Memory (MB): peak = 1622.504 ; gain = 64.059 ; free physical = 7452 ; free virtual = 14410
# read_verilog -sv task_scheduler.sv
# read_xdc c.xdc
# synth_design -top task_scheduler -part xc7a100tcsg324-1 -mode out_of_context -generic {SCHEDULER_TYPE=6}
Command: synth_design -top task_scheduler -part xc7a100tcsg324-1 -mode out_of_context -generic SCHEDULER_TYPE=6
Starting synth_design
Attempting to get a license for feature 'Synthesis' and/or device 'xc7a100t'
INFO: [Common 17-349] Got license for feature 'Synthesis' and/or device 'xc7a100t'
INFO: [Device 21-403] Loading part xc7a100tcsg324-1
INFO: [Synth 8-7079] Multithreading enabled for synth_design using a maximum of 7 processes.
INFO: [Synth 8-7078] Launching helper process for spawning children vivado processes
INFO: [Synth 8-7075] Helper process launched with PID 23164
---------------------------------------------------------------------------------
Starting RTL Elaboration : Time (s): cpu = 00:00:06 ; elapsed = 00:00:07 . Memory (MB): peak = 2242.527 ; gain = 480.875 ; free physical = 6599 ; free virtual = 13541
---------------------------------------------------------------------------------
INFO: [Synth 8-6157] synthesizing module 'task_scheduler' [/tmp/sched_synth_LRU_h3rs4ib5/task_scheduler.sv:8]
	Parameter SCHEDULER_TYPE bound to: 6 - type: integer 
INFO: [Synth 8-6155] done synthesizing module 'task_scheduler' (0#1) [/tmp/sched_synth_LRU_h3rs4ib5/task_scheduler.sv:8]
WARNING: [Synth 8-6014] Unused sequential element task_queue_reg[15][remaining_time] was removed.  [/tmp/sched_synth_LRU_h3rs4ib5/task_scheduler.sv:211]
WARNING: [Synth 8-6014] Unused sequential element task_queue_reg[15][arrival_time] was removed.  [/tmp/sched_synth_LRU_h3rs4ib5/task_scheduler.sv:211]
WARNING: [Synth 8-6014] Unused sequential element task_queue_reg[14][remaining_time] was removed.  [/tmp/sched_synth_LRU_h3rs4ib5/task_scheduler.sv:211]
WARNING: [Synth 8-6014] Unused sequential element task_queue_reg[14][arrival_time] was removed.  [/tmp/sched_synth_LRU_h3rs4ib5/task_scheduler.sv:211]
WARNING: [Synth 8-6014] Unused sequential element task_queue_reg[13][remaining_time] was removed.  [/tmp/sched_synth_LRU_h3rs4ib5/task_scheduler.sv:211]
WARNING: [Synth 8-6014] Unused sequential element task_queue_reg[13][arrival_time] was removed.  [/tmp/sched_synth_LRU_h3rs4ib5/task_scheduler.sv:211]
WARNING: [Synth 8-6014] Unused sequential element task_queue_reg[12][remaining_time] was removed.  [/tmp/sched_synth_LRU_h3rs4ib5/task_scheduler.sv:211]
WARNING: [Synth 8-6014] Unused sequential element task_queue_reg[12][arrival_time] was removed.  [/tmp/sched_synth_LRU_h3rs4ib5/task_scheduler.sv:211]
WARNING: [Synth 8-6014] Unused sequential element task_queue_reg[11][remaining_time] was removed.  [/tmp/sched_synth_LRU_h3rs4ib5/task_scheduler.sv:211]
WARNING: [Synth 8-6014] Unused sequential element task_queue_reg[11][arrival_time] was removed.  [/tmp/sched_synth_LRU_h3rs4ib5/task_scheduler.sv:211]
WARNING: [Synth 8-6014] Unused sequential element task_queue_reg[10][remaining_time] was removed.  [/tmp/sched_synth_LRU_h3rs4ib5/task_scheduler.sv:211]
WARNING: [Synth 8-6014] Unused sequential element task_queue_reg[10][arrival_time] was removed.  [/tmp/sched_synth_LRU_h3rs4ib5/task_scheduler.sv:211]
WARNING: [Synth 8-6014] Unused sequential element task_queue_reg[9][remaining_time] was removed.  [/tmp/sched_synth_LRU_h3rs4ib5/task_scheduler.sv:211]
WARNING: [Synth 8-6014] Unused sequential element task_queue_reg[9][arrival_time] was removed.  [/tmp/sched_synth_LRU_h3rs4ib5/task_scheduler.sv:211]
WARNING: [Synth 8-6014] Unused sequential element task_queue_reg[8][remaining_time] was removed.  [/tmp/sched_synth_LRU_h3rs4ib5/task_scheduler.sv:211]
WARNING: [Synth 8-6014] Unused sequential element task_queue_reg[8][arrival_time] was removed.  [/tmp/sched_synth_LRU_h3rs4ib5/task_scheduler.sv:211]
WARNING: [Synth 8-6014] Unused sequential element task_queue_reg[7][remaining_time] was removed.  [/tmp/sched_synth_LRU_h3rs4ib5/task_scheduler.sv:211]
WARNING: [Synth 8-6014] Unused sequential element task_queue_reg[7][arrival_time] was removed.  [/tmp/sched_synth_LRU_h3rs4ib5/task_scheduler.sv:211]
WARNING: [Synth 8-6014] Unused sequential element task_queue_reg[6][remaining_time] was removed.  [/tmp/sched_synth_LRU_h3rs4ib5/task_scheduler.sv:211]
WARNING: [Synth 8-6014] Unused sequential element task_queue_reg[6][arrival_time] was removed.  [/tmp/sched_synth_LRU_h3rs4ib5/task_scheduler.sv:211]
WARNING: [Synth 8-6014] Unused sequential element task_queue_reg[5][remaining_time] was removed.  [/tmp/sched_synth_LRU_h3rs4ib5/task_scheduler.sv:211]
WARNING: [Synth 8-6014] Unused sequential element task_queue_reg[5][arrival_time] was removed.  [/tmp/sched_synth_LRU_h3rs4ib5/task_scheduler.sv:211]
WARNING: [Synth 8-6014] Unused sequential element task_queue_reg[4][remaining_time] was removed.  [/tmp/sched_synth_LRU_h3rs4ib5/task_scheduler.sv:211]
WARNING: [Synth 8-6014] Unused sequential element task_queue_reg[4][arrival_time] was removed.  [/tmp/sched_synth_LRU_h3rs4ib5/task_scheduler.sv:211]
WARNING: [Synth 8-6014] Unused sequential element task_queue_reg[3][remaining_time] was removed.  [/tmp/sched_synth_LRU_h3rs4ib5/task_scheduler.sv:211]
WARNING: [Synth 8-6014] Unused sequential element task_queue_reg[3][arrival_time] was removed.  [/tmp/sched_synth_LRU_h3rs4ib5/task_scheduler.sv:211]
WARNING: [Synth 8-6014] Unused sequential element task_queue_reg[2][remaining_time] was removed.  [/tmp/sched_synth_LRU_h3rs4ib5/task_scheduler.sv:211]
WARNING: [Synth 8-6014] Unused sequential element task_queue_reg[2][arrival_time] was removed.  [/tmp/sched_synth_LRU_h3rs4ib5/task_scheduler.sv:211]
WARNING: [Synth 8-6014] Unused sequential element task_queue_reg[1][remaining_time] was removed.  [/tmp/sched_synth_LRU_h3rs4ib5/task_scheduler.sv:211]
WARNING: [Synth 8-6014] Unused sequential element task_queue_reg[1][arrival_time] was removed.  [/tmp/sched_synth_LRU_h3rs4ib5/task_scheduler.sv:211]
WARNING: [Synth 8-6014] Unused sequential element task_queue_reg[0][remaining_time] was removed.  [/tmp/sched_synth_LRU_h3rs4ib5/task_scheduler.sv:211]
WARNING: [Synth 8-6014] Unused sequential element task_queue_reg[0][arrival_time] was removed.  [/tmp/sched_synth_LRU_h3rs4ib5/task_scheduler.sv:211]
WARNING: [Synth 8-6014] Unused sequential element rem_idx_reg was removed.  [/tmp/sched_synth_LRU_h3rs4ib5/task_scheduler.sv:215]
WARNING: [Synth 8-6014] Unused sequential element rr_ptr_reg was removed.  [/tmp/sched_synth_LRU_h3rs4ib5/task_scheduler.sv:272]
WARNING: [Synth 8-6014] Unused sequential element quantum_left_reg was removed.  [/tmp/sched_synth_LRU_h3rs4ib5/task_scheduler.sv:273]
---------------------------------------------------------------------------------
Finished RTL Elaboration : Time (s): cpu = 00:00:09 ; elapsed = 00:00:10 . Memory (MB): peak = 2359.496 ; gain = 597.844 ; free physical = 6482 ; free virtual = 13426
---------------------------------------------------------------------------------
---------------------------------------------------------------------------------
Start Handling Custom Attributes
---------------------------------------------------------------------------------
---------------------------------------------------------------------------------
Finished Handling Custom Attributes : Time (s): cpu = 00:00:10 ; elapsed = 00:00:10 . Memory (MB): peak = 2371.371 ; gain = 609.719 ; free physical = 6482 ; free virtual = 13426
---------------------------------------------------------------------------------
---------------------------------------------------------------------------------
Finished RTL Optimization Phase 1 : Time (s): cpu = 00:00:10 ; elapsed = 00:00:10 . Memory (MB): peak = 2371.371 ; gain = 609.719 ; free physical = 6482 ; free virtual = 13426
---------------------------------------------------------------------------------
Netlist sorting complete. Time (s): cpu = 00:00:00.08 ; elapsed = 00:00:00.08 . Memory (MB): peak = 2371.371 ; gain = 0.000 ; free physical = 6482 ; free virtual = 13426
INFO: [Project 1-570] Preparing netlist for logic optimization

Processing XDC Constraints
Initializing timing engine
Parsing XDC File [/tmp/sched_synth_LRU_h3rs4ib5/c.xdc]
Finished Parsing XDC File [/tmp/sched_synth_LRU_h3rs4ib5/c.xdc]
Completed Processing XDC Constraints

Netlist sorting complete. Time (s): cpu = 00:00:00.01 ; elapsed = 00:00:00.01 . Memory (MB): peak = 2470.141 ; gain = 0.000 ; free physical = 6512 ; free virtual = 13456
INFO: [Project 1-111] Unisim Transformation Summary:
No Unisim elements were transformed.

Constraint Validation Runtime : Time (s): cpu = 00:00:00.07 ; elapsed = 00:00:00.04 . Memory (MB): peak = 2470.176 ; gain = 0.000 ; free physical = 6520 ; free virtual = 13464
---------------------------------------------------------------------------------
Finished Constraint Validation : Time (s): cpu = 00:00:21 ; elapsed = 00:00:21 . Memory (MB): peak = 2470.176 ; gain = 708.523 ; free physical = 6457 ; free virtual = 13412
---------------------------------------------------------------------------------
---------------------------------------------------------------------------------
Start Loading Part and Timing Information
---------------------------------------------------------------------------------
Loading part: xc7a100tcsg324-1
---------------------------------------------------------------------------------
Finished Loading Part and Timing Information : Time (s): cpu = 00:00:21 ; elapsed = 00:00:21 . Memory (MB): peak = 2478.145 ; gain = 716.492 ; free physical = 6457 ; free virtual = 13412
---------------------------------------------------------------------------------
---------------------------------------------------------------------------------
Start Applying 'set_property' XDC Constraints
---------------------------------------------------------------------------------
---------------------------------------------------------------------------------
Finished applying 'set_property' XDC Constraints : Time (s): cpu = 00:00:21 ; elapsed = 00:00:21 . Memory (MB): peak = 2478.145 ; gain = 716.492 ; free physical = 6457 ; free virtual = 13412
---------------------------------------------------------------------------------
---------------------------------------------------------------------------------
Finished RTL Optimization Phase 2 : Time (s): cpu = 00:00:25 ; elapsed = 00:00:25 . Memory (MB): peak = 2478.145 ; gain = 716.492 ; free physical = 6452 ; free virtual = 13409
---------------------------------------------------------------------------------
---------------------------------------------------------------------------------
Start RTL Component Statistics 
---------------------------------------------------------------------------------
Detailed RTL Component Info : 
+---Adders : 
	   2 Input    6 Bit       Adders := 1     
	   2 Input    5 Bit       Adders := 1     
+---Registers : 
	               32 Bit    Registers := 33    
	               16 Bit    Registers := 17    
	                8 Bit    Registers := 18    
	                5 Bit    Registers := 1     
	                4 Bit    Registers := 17    
	                1 Bit    Registers := 17    
+---Muxes : 
	   2 Input   32 Bit        Muxes := 125   
	   2 Input   16 Bit        Muxes := 32    
	   2 Input    8 Bit        Muxes := 32    
	   2 Input    4 Bit        Muxes := 32    
	   2 Input    1 Bit        Muxes := 126   
---------------------------------------------------------------------------------
Finished RTL Component Statistics 
---------------------------------------------------------------------------------
---------------------------------------------------------------------------------
Start Part Resource Summary
---------------------------------------------------------------------------------
Part Resources:
DSPs: 240 (col length:80)
BRAMs: 270 (col length: RAMB18 80 RAMB36 40)
---------------------------------------------------------------------------------
Finished Part Resource Summary
---------------------------------------------------------------------------------
---------------------------------------------------------------------------------
Start Cross Boundary and Area Optimization
---------------------------------------------------------------------------------
---------------------------------------------------------------------------------
Finished Cross Boundary and Area Optimization : Time (s): cpu = 00:00:50 ; elapsed = 00:00:51 . Memory (MB): peak = 2598.145 ; gain = 836.492 ; free physical = 6277 ; free virtual = 13240
---------------------------------------------------------------------------------
---------------------------------------------------------------------------------
Start Applying XDC Timing Constraints
---------------------------------------------------------------------------------
---------------------------------------------------------------------------------
Finished Applying XDC Timing Constraints : Time (s): cpu = 00:00:57 ; elapsed = 00:00:57 . Memory (MB): peak = 2606.145 ; gain = 844.492 ; free physical = 6294 ; free virtual = 13264
---------------------------------------------------------------------------------
---------------------------------------------------------------------------------
Start Timing Optimization
---------------------------------------------------------------------------------
---------------------------------------------------------------------------------
Finished Timing Optimization : Time (s): cpu = 00:01:10 ; elapsed = 00:01:11 . Memory (MB): peak = 2733.660 ; gain = 972.008 ; free physical = 6200 ; free virtual = 13159
---------------------------------------------------------------------------------
---------------------------------------------------------------------------------
Start Technology Mapping
---------------------------------------------------------------------------------
---------------------------------------------------------------------------------
Finished Technology Mapping : Time (s): cpu = 00:01:14 ; elapsed = 00:01:15 . Memory (MB): peak = 2733.660 ; gain = 972.008 ; free physical = 6164 ; free virtual = 13157
---------------------------------------------------------------------------------
---------------------------------------------------------------------------------
Start IO Insertion
---------------------------------------------------------------------------------
---------------------------------------------------------------------------------
Start Flattening Before IO Insertion
---------------------------------------------------------------------------------
---------------------------------------------------------------------------------
Finished Flattening Before IO Insertion
---------------------------------------------------------------------------------
---------------------------------------------------------------------------------
Start Final Netlist Cleanup
---------------------------------------------------------------------------------
---------------------------------------------------------------------------------
Finished Final Netlist Cleanup
---------------------------------------------------------------------------------
---------------------------------------------------------------------------------
Finished IO Insertion : Time (s): cpu = 00:01:20 ; elapsed = 00:01:21 . Memory (MB): peak = 2811.441 ; gain = 1049.789 ; free physical = 6054 ; free virtual = 13053
---------------------------------------------------------------------------------
---------------------------------------------------------------------------------
Start Renaming Generated Instances
---------------------------------------------------------------------------------
---------------------------------------------------------------------------------
Finished Renaming Generated Instances : Time (s): cpu = 00:01:20 ; elapsed = 00:01:21 . Memory (MB): peak = 2811.441 ; gain = 1049.789 ; free physical = 6054 ; free virtual = 13053
---------------------------------------------------------------------------------
---------------------------------------------------------------------------------
Start Rebuilding User Hierarchy
---------------------------------------------------------------------------------
---------------------------------------------------------------------------------
Finished Rebuilding User Hierarchy : Time (s): cpu = 00:01:20 ; elapsed = 00:01:21 . Memory (MB): peak = 2811.441 ; gain = 1049.789 ; free physical = 6054 ; free virtual = 13051
---------------------------------------------------------------------------------
---------------------------------------------------------------------------------
Start Renaming Generated Ports
---------------------------------------------------------------------------------
---------------------------------------------------------------------------------
Finished Renaming Generated Ports : Time (s): cpu = 00:01:20 ; elapsed = 00:01:21 . Memory (MB): peak = 2811.441 ; gain = 1049.789 ; free physical = 6054 ; free virtual = 13051
---------------------------------------------------------------------------------
---------------------------------------------------------------------------------
Start Handling Custom Attributes
---------------------------------------------------------------------------------
---------------------------------------------------------------------------------
Finished Handling Custom Attributes : Time (s): cpu = 00:01:21 ; elapsed = 00:01:22 . Memory (MB): peak = 2811.441 ; gain = 1049.789 ; free physical = 6053 ; free virtual = 13060
---------------------------------------------------------------------------------
---------------------------------------------------------------------------------
Start Renaming Generated Nets
---------------------------------------------------------------------------------
---------------------------------------------------------------------------------
Finished Renaming Generated Nets : Time (s): cpu = 00:01:21 ; elapsed = 00:01:23 . Memory (MB): peak = 2811.441 ; gain = 1049.789 ; free physical = 6050 ; free virtual = 13057
---------------------------------------------------------------------------------
---------------------------------------------------------------------------------
Start Writing Synthesis Report
---------------------------------------------------------------------------------

Report BlackBoxes: 
+-+--------------+----------+
| |BlackBox name |Instances |
+-+--------------+----------+
+-+--------------+----------+

Report Cell Usage: 
+------+-------+------+
|      |Cell   |Count |
+------+-------+------+
|1     |CARRY4 |   113|
|2     |LUT1   |   127|
|3     |LUT2   |    54|
|4     |LUT3   |   186|
|5     |LUT4   |   559|
|6     |LUT5   |  1199|
|7     |LUT6   |  1150|
|8     |MUXF7  |   122|
|9     |MUXF8  |    61|
|10    |FDCE   |  1594|
+------+-------+------+
---------------------------------------------------------------------------------
Finished Writing Synthesis Report : Time (s): cpu = 00:01:21 ; elapsed = 00:01:23 . Memory (MB): peak = 2811.441 ; gain = 1049.789 ; free physical = 6043 ; free virtual = 13050
---------------------------------------------------------------------------------
Synthesis finished with 0 errors, 0 critical warnings and 0 warnings.
Synthesis Optimization Runtime : Time (s): cpu = 00:01:18 ; elapsed = 00:01:20 . Memory (MB): peak = 2811.441 ; gain = 950.984 ; free physical = 6043 ; free virtual = 13049
Synthesis Optimization Complete : Time (s): cpu = 00:01:21 ; elapsed = 00:01:23 . Memory (MB): peak = 2811.449 ; gain = 1049.789 ; free physical = 6043 ; free virtual = 13049
INFO: [Project 1-571] Translating synthesized netlist
Netlist sorting complete. Time (s): cpu = 00:00:00.04 ; elapsed = 00:00:00.04 . Memory (MB): peak = 2811.449 ; gain = 0.000 ; free physical = 6179 ; free virtual = 13186
INFO: [Netlist 29-17] Analyzing 296 Unisim elements for replacement
INFO: [Netlist 29-28] Unisim Transformation completed in 0 CPU seconds
WARNING: [Netlist 29-101] Netlist 'task_scheduler' is not ideal for floorplanning, since the cellview 'task_scheduler' contains a large number of primitives.  Please consider enabling hierarchy in synthesis if you want to do floorplanning.
INFO: [Project 1-570] Preparing netlist for logic optimization
Parsing XDC File [/tmp/sched_synth_LRU_h3rs4ib5/c.xdc]
Finished Parsing XDC File [/tmp/sched_synth_LRU_h3rs4ib5/c.xdc]
INFO: [Opt 31-138] Pushed 0 inverter(s) to 0 load pin(s).
Netlist sorting complete. Time (s): cpu = 00:00:00 ; elapsed = 00:00:00 . Memory (MB): peak = 2835.453 ; gain = 0.000 ; free physical = 6191 ; free virtual = 13193
INFO: [Project 1-111] Unisim Transformation Summary:
No Unisim elements were transformed.

Synth Design complete | Checksum: e89b8cc6
INFO: [Common 17-83] Releasing license: Synthesis
16 Infos, 36 Warnings, 0 Critical Warnings and 0 Errors encountered.
synth_design completed successfully
synth_design: Time (s): cpu = 00:01:33 ; elapsed = 00:01:31 . Memory (MB): peak = 2835.488 ; gain = 1212.984 ; free physical = 6194 ; free virtual = 13196
INFO: [Common 17-2834] synth_design peak Physical Memory [PSS] (MB): overall = 2379.369; main = 2229.303; forked = 343.399
INFO: [Common 17-2834] synth_design peak Virtual Memory [VSS] (MB): overall = 3774.879; main = 2835.457; forked = 994.215
# opt_design
Command: opt_design
Attempting to get a license for feature 'Implementation' and/or device 'xc7a100t'
INFO: [Common 17-349] Got license for feature 'Implementation' and/or device 'xc7a100t'
Running DRC as a precondition to command opt_design

Starting DRC Task
INFO: [DRC 23-27] Running DRC with 8 threads
WARNING: [DRC 23-814] Not all possible (connectivity based) DRCs may have been run because this design is seen as Out of Context.
INFO: [Project 1-461] DRC finished with 0 Errors
INFO: [Project 1-462] Please refer to the DRC report (report_drc) for more information.

Time (s): cpu = 00:00:00.68 ; elapsed = 00:00:00.45 . Memory (MB): peak = 2835.488 ; gain = 0.000 ; free physical = 6194 ; free virtual = 13196

Starting Cache Timing Information Task
INFO: [Timing 38-35] Done setting XDC timing constraints.
Ending Cache Timing Information Task | Checksum: 2c109ef5d

Time (s): cpu = 00:00:06 ; elapsed = 00:00:06 . Memory (MB): peak = 2835.488 ; gain = 0.000 ; free physical = 6224 ; free virtual = 13210

Starting Logic Optimization Task

Phase 1 Initialization

Phase 1.1 Core Generation And Design Setup
Phase 1.1 Core Generation And Design Setup | Checksum: 2c109ef5d

Time (s): cpu = 00:00:00.01 ; elapsed = 00:00:00.01 . Memory (MB): peak = 2891.453 ; gain = 0.000 ; free physical = 6169 ; free virtual = 13143

Phase 1.2 Setup Constraints And Sort Netlist
Phase 1.2 Setup Constraints And Sort Netlist | Checksum: 2c109ef5d

Time (s): cpu = 00:00:00.01 ; elapsed = 00:00:00.02 . Memory (MB): peak = 2891.453 ; gain = 0.000 ; free physical = 6169 ; free virtual = 13143
Phase 1 Initialization | Checksum: 2c109ef5d

Time (s): cpu = 00:00:00.01 ; elapsed = 00:00:00.02 . Memory (MB): peak = 2891.453 ; gain = 0.000 ; free physical = 6169 ; free virtual = 13143

Phase 2 Timer Update And Timing Data Collection

Phase 2.1 Detect if minReqCache needed
Phase 2.1 Detect if minReqCache needed | Checksum: 2c109ef5d

Time (s): cpu = 00:00:00.02 ; elapsed = 00:00:00.03 . Memory (MB): peak = 2891.453 ; gain = 0.000 ; free physical = 6169 ; free virtual = 13143

Phase 2.2 Timer Update
Phase 2.2 Timer Update | Checksum: 2c109ef5d

Time (s): cpu = 00:00:00.03 ; elapsed = 00:00:00.03 . Memory (MB): peak = 2891.453 ; gain = 0.000 ; free physical = 6169 ; free virtual = 13143
Phase 2 Timer Update And Timing Data Collection | Checksum: 2c109ef5d

Time (s): cpu = 00:00:00.03 ; elapsed = 00:00:00.04 . Memory (MB): peak = 2891.453 ; gain = 0.000 ; free physical = 6169 ; free virtual = 13143

Phase 3 Retarget
INFO: [Opt 31-1851] Number of loadless carry chains removed were: 0
INFO: [Opt 31-1834] Total Chains To Be Transformed Were: 0 AND Number of Transformed insts Created are: 0
INFO: [Opt 31-1566] Pulled 1 inverters resulting in an inversion of 15 pins
INFO: [Opt 31-138] Pushed 0 inverter(s) to 0 load pin(s).
INFO: [Opt 31-49] Retargeted 0 cell(s).
Phase 3 Retarget | Checksum: 22954d8b5

Time (s): cpu = 00:00:00.17 ; elapsed = 00:00:00.18 . Memory (MB): peak = 2891.453 ; gain = 0.000 ; free physical = 6169 ; free virtual = 13143
Retarget | Checksum: 22954d8b5
INFO: [Opt 31-389] Phase Retarget created 0 cells and removed 4 cells

Phase 4 Constant propagation
INFO: [Opt 31-138] Pushed 0 inverter(s) to 0 load pin(s).
Phase 4 Constant propagation | Checksum: 22954d8b5

Time (s): cpu = 00:00:00.22 ; elapsed = 00:00:00.23 . Memory (MB): peak = 2891.453 ; gain = 0.000 ; free physical = 6169 ; free virtual = 13143
Constant propagation | Checksum: 22954d8b5
INFO: [Opt 31-389] Phase Constant propagation created 0 cells and removed 0 cells

Phase 5 Sweep
INFO: [Constraints 18-11670] Building netlist checker database with flags, 0x8
Done building netlist checker database: Time (s): cpu = 00:00:00 ; elapsed = 00:00:00 . Memory (MB): peak = 2891.453 ; gain = 0.000 ; free physical = 6169 ; free virtual = 13143
Phase 5 Sweep | Checksum: 2e06edfff

Time (s): cpu = 00:00:00.27 ; elapsed = 00:00:00.28 . Memory (MB): peak = 2891.453 ; gain = 0.000 ; free physical = 6169 ; free virtual = 13143
Sweep | Checksum: 2e06edfff
INFO: [Opt 31-389] Phase Sweep created 0 cells and removed 0 cells

Phase 6 BUFG optimization
Phase 6 BUFG optimization | Checksum: 2e06edfff

Time (s): cpu = 00:00:00.29 ; elapsed = 00:00:00.3 . Memory (MB): peak = 2923.469 ; gain = 32.016 ; free physical = 6169 ; free virtual = 13143
BUFG optimization | Checksum: 2e06edfff
INFO: [Opt 31-662] Phase BUFG optimization created 0 cells of which 0 are BUFGs and removed 0 cells.

Phase 7 Shift Register Optimization
INFO: [Opt 31-1064] SRL Remap converted 0 SRLs to 0 registers and converted 0 registers of register chains to 0 SRLs
Phase 7 Shift Register Optimization | Checksum: 2e06edfff

Time (s): cpu = 00:00:00.3 ; elapsed = 00:00:00.31 . Memory (MB): peak = 2923.469 ; gain = 32.016 ; free physical = 6169 ; free virtual = 13143
Shift Register Optimization | Checksum: 2e06edfff
INFO: [Opt 31-389] Phase Shift Register Optimization created 0 cells and removed 0 cells

Phase 8 Post Processing Netlist
Phase 8 Post Processing Netlist | Checksum: 2e06edfff

Time (s): cpu = 00:00:00.33 ; elapsed = 00:00:00.34 . Memory (MB): peak = 2923.469 ; gain = 32.016 ; free physical = 6169 ; free virtual = 13143
Post Processing Netlist | Checksum: 2e06edfff
INFO: [Opt 31-389] Phase Post Processing Netlist created 0 cells and removed 0 cells

Phase 9 Finalization

Phase 9.1 Finalizing Design Cores and Updating Shapes
Phase 9.1 Finalizing Design Cores and Updating Shapes | Checksum: 3564f0213

Time (s): cpu = 00:00:00.4 ; elapsed = 00:00:00.41 . Memory (MB): peak = 2923.469 ; gain = 32.016 ; free physical = 6169 ; free virtual = 13143

Phase 9.2 Verifying Netlist Connectivity

Starting Connectivity Check Task

Time (s): cpu = 00:00:00.01 ; elapsed = 00:00:00.01 . Memory (MB): peak = 2923.469 ; gain = 0.000 ; free physical = 6169 ; free virtual = 13143
Phase 9.2 Verifying Netlist Connectivity | Checksum: 3564f0213

Time (s): cpu = 00:00:00.41 ; elapsed = 00:00:00.42 . Memory (MB): peak = 2923.469 ; gain = 32.016 ; free physical = 6169 ; free virtual = 13143
Phase 9 Finalization | Checksum: 3564f0213

Time (s): cpu = 00:00:00.41 ; elapsed = 00:00:00.42 . Memory (MB): peak = 2923.469 ; gain = 32.016 ; free physical = 6169 ; free virtual = 13143
Opt_design Change Summary
=========================


-------------------------------------------------------------------------------------------------------------------------
|  Phase                        |  #Cells created  |  #Cells Removed  |  #Constrained objects preventing optimizations  |
-------------------------------------------------------------------------------------------------------------------------
|  Retarget                     |               0  |               4  |                                              0  |
|  Constant propagation         |               0  |               0  |                                              0  |
|  Sweep                        |               0  |               0  |                                              0  |
|  BUFG optimization            |               0  |               0  |                                              0  |
|  Shift Register Optimization  |               0  |               0  |                                              0  |
|  Post Processing Netlist      |               0  |               0  |                                              0  |
-------------------------------------------------------------------------------------------------------------------------


Ending Logic Optimization Task | Checksum: 3564f0213

Time (s): cpu = 00:00:00.41 ; elapsed = 00:00:00.42 . Memory (MB): peak = 2923.469 ; gain = 32.016 ; free physical = 6169 ; free virtual = 13143

Starting Power Optimization Task
INFO: [Pwropt 34-132] Skipping clock gating for clocks with a period < 2.00 ns.
Ending Power Optimization Task | Checksum: 3564f0213

Time (s): cpu = 00:00:00.01 ; elapsed = 00:00:00.01 . Memory (MB): peak = 2923.469 ; gain = 0.000 ; free physical = 6169 ; free virtual = 13143

Starting Final Cleanup Task
Ending Final Cleanup Task | Checksum: 3564f0213

Time (s): cpu = 00:00:00 ; elapsed = 00:00:00.01 . Memory (MB): peak = 2923.469 ; gain = 0.000 ; free physical = 6169 ; free virtual = 13143
Netlist sorting complete. Time (s): cpu = 00:00:00 ; elapsed = 00:00:00 . Memory (MB): peak = 2923.469 ; gain = 0.000 ; free physical = 6169 ; free virtual = 13143
INFO: [Common 17-83] Releasing license: Implementation
21 Infos, 1 Warnings, 0 Critical Warnings and 0 Errors encountered.
opt_design completed successfully
opt_design: Time (s): cpu = 00:00:11 ; elapsed = 00:00:10 . Memory (MB): peak = 2923.469 ; gain = 87.980 ; free physical = 6169 ; free virtual = 13143
# report_utilization    -file util.rpt
# report_power          -file power.rpt
Command: report_power -file power.rpt
INFO: [Timing 38-35] Done setting XDC timing constraints.
Running Vector-less Activity Propagation...
WARNING: [Timing 38-242] The property HD.CLK_SRC of clock port "clk" is not set. In out-of-context mode, this prevents timing estimation for clock delay/skew
Resolution: Set the HD.CLK_SRC property of the out-of-context port to the location of the clock buffer instance in the top-level design

Finished Running Vector-less Activity Propagation
1 Infos, 1 Warnings, 0 Critical Warnings and 0 Errors encountered.
report_power completed successfully
# report_timing_summary -file timing.rpt
INFO: [Timing 38-91] UpdateTimingParams: Speed grade: -1, Delay Type: min_max.
INFO: [Timing 38-191] Multithreading enabled for timing update using a maximum of 4 CPUs
# puts "SCHED_PROBE_OK"
SCHED_PROBE_OK
# exit 0
INFO: [Common 17-206] Exiting Vivado at Tue Jul 28 00:37:50 2026...
