Copyright 1986-2022 Xilinx, Inc. All Rights Reserved. Copyright 2022-2025 Advanced Micro Devices, Inc. All Rights Reserved.
---------------------------------------------------------------------------------------------------------------------------------------------
| Tool Version : Vivado v.2025.2 (lin64) Build 6299465 Fri Nov 14 12:34:56 MST 2025
| Date         : Tue Jul 28 00:37:50 2026
| Host         : dilshanpathegamage-Aspire-E5-575G running 64-bit Ubuntu 24.04.3 LTS
| Command      : report_timing_summary -file timing.rpt
| Design       : task_scheduler
| Device       : 7a100t-csg324
| Speed File   : -1  PRODUCTION 1.23 2018-06-13
| Design State : Optimized
---------------------------------------------------------------------------------------------------------------------------------------------

Timing Summary Report

------------------------------------------------------------------------------------------------
| Timer Settings
| --------------
------------------------------------------------------------------------------------------------

  Enable Multi Corner Analysis               :  Yes
  Enable Pessimism Removal                   :  Yes
  Pessimism Removal Resolution               :  Nearest Common Node
  Enable Input Delay Default Clock           :  No
  Enable Preset / Clear Arcs                 :  No
  Disable Flight Delays                      :  No
  Ignore I/O Paths                           :  No
  Timing Early Launch at Borrowing Latches   :  No
  Borrow Time for Max Delay Exceptions       :  Yes
  Merge Timing Exceptions                    :  Yes
  Inter-SLR Compensation                     :  Conservative

  Corner  Analyze    Analyze    
  Name    Max Paths  Min Paths  
  ------  ---------  ---------  
  Slow    Yes        Yes        
  Fast    Yes        Yes        


------------------------------------------------------------------------------------------------
| Report Methodology
| ------------------
------------------------------------------------------------------------------------------------

No report available as report_methodology has not been run prior. Run report_methodology on the current design for the summary of methodology violations.



check_timing report

Table of Contents
-----------------
1. checking no_clock (0)
2. checking constant_clock (0)
3. checking pulse_width_clock (0)
4. checking unconstrained_internal_endpoints (0)
5. checking no_input_delay (63)
6. checking no_output_delay (69)
7. checking multiple_clock (0)
8. checking generated_clocks (0)
9. checking loops (0)
10. checking partial_input_delay (0)
11. checking partial_output_delay (0)
12. checking latch_loops (0)

1. checking no_clock (0)
------------------------
 There are 0 register/latch pins with no clock.


2. checking constant_clock (0)
------------------------------
 There are 0 register/latch pins with constant_clock.


3. checking pulse_width_clock (0)
---------------------------------
 There are 0 register/latch pins which need pulse_width check


4. checking unconstrained_internal_endpoints (0)
------------------------------------------------
 There are 0 pins that are not constrained for maximum delay.

 There are 0 pins that are not constrained for maximum delay due to constant clock.


5. checking no_input_delay (63)
-------------------------------
 There are 63 input ports with no input delay specified. (HIGH)

 There are 0 input ports with no input delay but user has a false path constraint.


6. checking no_output_delay (69)
--------------------------------
 There are 69 ports with no output delay specified. (HIGH)

 There are 0 ports with no output delay but user has a false path constraint

 There are 0 ports with no output delay but with a timing clock defined on it or propagating through it


7. checking multiple_clock (0)
------------------------------
 There are 0 register/latch pins with multiple clocks.


8. checking generated_clocks (0)
--------------------------------
 There are 0 generated clocks that are not connected to a clock source.


9. checking loops (0)
---------------------
 There are 0 combinational loops in the design.


10. checking partial_input_delay (0)
------------------------------------
 There are 0 input ports with partial input delay specified.


11. checking partial_output_delay (0)
-------------------------------------
 There are 0 ports with partial output delay specified.


12. checking latch_loops (0)
----------------------------
 There are 0 combinational latch loops in the design through latch input



------------------------------------------------------------------------------------------------
| Design Timing Summary
| ---------------------
------------------------------------------------------------------------------------------------

    WNS(ns)      TNS(ns)  TNS Failing Endpoints  TNS Total Endpoints      WHS(ns)      THS(ns)  THS Failing Endpoints  THS Total Endpoints     WPWS(ns)     TPWS(ns)  TPWS Failing Endpoints  TPWS Total Endpoints  
    -------      -------  ---------------------  -------------------      -------      -------  ---------------------  -------------------     --------     --------  ----------------------  --------------------  
    -42.190    -5015.755                    121                 3147        0.296        0.000                      0                 3147        4.500        0.000                       0                  1594  


Timing constraints are not met.


------------------------------------------------------------------------------------------------
| Clock Summary
| -------------
------------------------------------------------------------------------------------------------

Clock  Waveform(ns)       Period(ns)      Frequency(MHz)
-----  ------------       ----------      --------------
clk    {0.000 5.000}      10.000          100.000         


------------------------------------------------------------------------------------------------
| Intra Clock Table
| -----------------
------------------------------------------------------------------------------------------------

Clock             WNS(ns)      TNS(ns)  TNS Failing Endpoints  TNS Total Endpoints      WHS(ns)      THS(ns)  THS Failing Endpoints  THS Total Endpoints     WPWS(ns)     TPWS(ns)  TPWS Failing Endpoints  TPWS Total Endpoints  
-----             -------      -------  ---------------------  -------------------      -------      -------  ---------------------  -------------------     --------     --------  ----------------------  --------------------  
clk               -42.190    -5015.755                    121                 3147        0.296        0.000                      0                 3147        4.500        0.000                       0                  1594  


------------------------------------------------------------------------------------------------
| Inter Clock Table
| -----------------
------------------------------------------------------------------------------------------------

From Clock    To Clock          WNS(ns)      TNS(ns)  TNS Failing Endpoints  TNS Total Endpoints      WHS(ns)      THS(ns)  THS Failing Endpoints  THS Total Endpoints  
----------    --------          -------      -------  ---------------------  -------------------      -------      -------  ---------------------  -------------------  


------------------------------------------------------------------------------------------------
| Other Path Groups Table
| -----------------------
------------------------------------------------------------------------------------------------

Path Group    From Clock    To Clock          WNS(ns)      TNS(ns)  TNS Failing Endpoints  TNS Total Endpoints      WHS(ns)      THS(ns)  THS Failing Endpoints  THS Total Endpoints  
----------    ----------    --------          -------      -------  ---------------------  -------------------      -------      -------  ---------------------  -------------------  


------------------------------------------------------------------------------------------------
| Timing Details
| --------------
------------------------------------------------------------------------------------------------


---------------------------------------------------------------------------------------------------
From Clock:  clk
  To Clock:  clk

Setup :          121  Failing Endpoints,  Worst Slack      -42.190ns,  Total Violation    -5015.755ns
Hold  :            0  Failing Endpoints,  Worst Slack        0.296ns,  Total Violation        0.000ns
PW    :            0  Failing Endpoints,  Worst Slack        4.500ns,  Total Violation        0.000ns
---------------------------------------------------------------------------------------------------


Max Delay Paths
--------------------------------------------------------------------------------------
Slack (VIOLATED) :        -42.190ns  (required time - arrival time)
  Source:                 task_queue_reg[1][last_access_time][1]/C
                            (rising edge-triggered cell FDCE clocked by clk  {rise@0.000ns fall@5.000ns period=10.000ns})
  Destination:            scheduled_burst_time_delayed_reg[0]/CE
                            (rising edge-triggered cell FDCE clocked by clk  {rise@0.000ns fall@5.000ns period=10.000ns})
  Path Group:             clk
  Path Type:              Setup (Max at Slow Process Corner)
  Requirement:            10.000ns  (clk rise@10.000ns - clk rise@0.000ns)
  Data Path Delay:        51.937ns  (logic 20.600ns (39.663%)  route 31.337ns (60.337%))
  Logic Levels:           109  (CARRY4=60 LUT3=7 LUT4=10 LUT5=14 LUT6=16 MUXF7=1 MUXF8=1)
  Clock Path Skew:        -0.049ns (DCD - SCD + CPR)
    Destination Clock Delay (DCD):    0.924ns = ( 10.924 - 10.000 ) 
    Source Clock Delay      (SCD):    0.973ns
    Clock Pessimism Removal (CPR):    0.000ns
  Clock Uncertainty:      0.035ns  ((TSJ^2 + TIJ^2)^1/2 + DJ) / 2 + PE
    Total System Jitter     (TSJ):    0.071ns
    Total Input Jitter      (TIJ):    0.000ns
    Discrete Jitter          (DJ):    0.000ns
    Phase Error              (PE):    0.000ns

    Location             Delay type                Incr(ns)  Path(ns)    Netlist Resource(s)
  -------------------------------------------------------------------    -------------------
                         (clock clk rise edge)        0.000     0.000 r  
                                                      0.000     0.000 r  clk (IN)
                         net (fo=1593, unset)         0.973     0.973    clk
                         FDCE                                         r  task_queue_reg[1][last_access_time][1]/C
  -------------------------------------------------------------------    -------------------
                         FDCE (Prop_fdce_C_Q)         0.478     1.451 f  task_queue_reg[1][last_access_time][1]/Q
                         net (fo=7, unplaced)         0.798     2.249    task_queue_reg[1][last_access_time_n_0_][1]
                         LUT4 (Prop_lut4_I1_O)        0.319     2.568 r  scheduled_task_id_delayed[7]_i_960/O
                         net (fo=1, unplaced)         0.000     2.568    scheduled_task_id_delayed[7]_i_960_n_0
                         CARRY4 (Prop_carry4_DI[0]_CO[3])
                                                      0.576     3.144 r  scheduled_task_id_delayed_reg[7]_i_916/CO[3]
                         net (fo=1, unplaced)         0.000     3.144    scheduled_task_id_delayed_reg[7]_i_916_n_0
                         CARRY4 (Prop_carry4_CI_CO[3])
                                                      0.117     3.261 r  scheduled_task_id_delayed_reg[7]_i_825/CO[3]
                         net (fo=1, unplaced)         0.000     3.261    scheduled_task_id_delayed_reg[7]_i_825_n_0
                         CARRY4 (Prop_carry4_CI_CO[3])
                                                      0.117     3.378 r  scheduled_task_id_delayed_reg[7]_i_642/CO[3]
                         net (fo=1, unplaced)         0.000     3.378    scheduled_task_id_delayed_reg[7]_i_642_n_0
                         CARRY4 (Prop_carry4_CI_CO[3])
                                                      0.117     3.495 f  scheduled_task_id_delayed_reg[7]_i_428/CO[3]
                         net (fo=17, unplaced)        0.804     4.299    min_acc2
                         LUT5 (Prop_lut5_I4_O)        0.124     4.423 r  scheduled_task_id_delayed[7]_i_233/O
                         net (fo=81, unplaced)        0.543     4.966    scheduled_task_id_delayed[7]_i_233_n_0
                         LUT3 (Prop_lut3_I1_O)        0.124     5.090 f  scheduled_task_id_delayed[7]_i_971/O
                         net (fo=2, unplaced)         0.460     5.550    scheduled_task_id_delayed[7]_i_971_n_0
                         LUT6 (Prop_lut6_I5_O)        0.124     5.674 r  scheduled_task_id_delayed[7]_i_939/O
                         net (fo=1, unplaced)         0.469     6.143    scheduled_task_id_delayed[7]_i_939_n_0
                         CARRY4 (Prop_carry4_DI[1]_CO[3])
                                                      0.520     6.663 r  scheduled_task_id_delayed_reg[7]_i_894/CO[3]
                         net (fo=1, unplaced)         0.000     6.663    scheduled_task_id_delayed_reg[7]_i_894_n_0
                         CARRY4 (Prop_carry4_CI_CO[3])
                                                      0.117     6.780 r  scheduled_task_id_delayed_reg[7]_i_803/CO[3]
                         net (fo=1, unplaced)         0.000     6.780    scheduled_task_id_delayed_reg[7]_i_803_n_0
                         CARRY4 (Prop_carry4_CI_CO[3])
                                                      0.117     6.897 r  scheduled_task_id_delayed_reg[7]_i_624/CO[3]
                         net (fo=1, unplaced)         0.000     6.897    scheduled_task_id_delayed_reg[7]_i_624_n_0
                         CARRY4 (Prop_carry4_CI_CO[3])
                                                      0.117     7.014 r  scheduled_task_id_delayed_reg[7]_i_426/CO[3]
                         net (fo=1, unplaced)         0.748     7.762    min_acc2215_in
                         LUT6 (Prop_lut6_I0_O)        0.124     7.886 r  scheduled_task_id_delayed[7]_i_231/O
                         net (fo=50, unplaced)        0.531     8.417    scheduled_task_id_delayed[7]_i_231_n_0
                         LUT5 (Prop_lut5_I1_O)        0.124     8.541 f  scheduled_task_id_delayed[7]_i_892/O
                         net (fo=5, unplaced)         0.447     8.988    scheduled_task_id_delayed[7]_i_892_n_0
                         LUT4 (Prop_lut4_I1_O)        0.150     9.138 r  scheduled_task_id_delayed[7]_i_952/O
                         net (fo=1, unplaced)         0.000     9.138    scheduled_task_id_delayed[7]_i_952_n_0
                         CARRY4 (Prop_carry4_DI[0]_CO[3])
                                                      0.576     9.714 r  scheduled_task_id_delayed_reg[7]_i_907/CO[3]
                         net (fo=1, unplaced)         0.000     9.714    scheduled_task_id_delayed_reg[7]_i_907_n_0
                         CARRY4 (Prop_carry4_CI_CO[3])
                                                      0.117     9.831 r  scheduled_task_id_delayed_reg[7]_i_816/CO[3]
                         net (fo=1, unplaced)         0.000     9.831    scheduled_task_id_delayed_reg[7]_i_816_n_0
                         CARRY4 (Prop_carry4_CI_CO[3])
                                                      0.117     9.948 r  scheduled_task_id_delayed_reg[7]_i_633/CO[3]
                         net (fo=1, unplaced)         0.000     9.948    scheduled_task_id_delayed_reg[7]_i_633_n_0
                         CARRY4 (Prop_carry4_CI_CO[3])
                                                      0.117    10.065 r  scheduled_task_id_delayed_reg[7]_i_427/CO[3]
                         net (fo=17, unplaced)        0.804    10.869    min_acc2217_in
                         LUT4 (Prop_lut4_I0_O)        0.124    10.993 r  scheduled_task_id_delayed[7]_i_232/O
                         net (fo=82, unplaced)        0.514    11.507    scheduled_task_id_delayed[7]_i_232_n_0
                         LUT6 (Prop_lut6_I2_O)        0.124    11.631 r  scheduled_task_id_delayed[7]_i_789/O
                         net (fo=1, unplaced)         0.469    12.100    scheduled_task_id_delayed[7]_i_789_n_0
                         CARRY4 (Prop_carry4_DI[1]_CO[3])
                                                      0.520    12.620 r  scheduled_task_id_delayed_reg[7]_i_607/CO[3]
                         net (fo=1, unplaced)         0.000    12.620    scheduled_task_id_delayed_reg[7]_i_607_n_0
                         CARRY4 (Prop_carry4_CI_CO[3])
                                                      0.117    12.737 r  scheduled_task_id_delayed_reg[7]_i_409/CO[3]
                         net (fo=1, unplaced)         0.000    12.737    scheduled_task_id_delayed_reg[7]_i_409_n_0
                         CARRY4 (Prop_carry4_CI_CO[3])
                                                      0.117    12.854 r  scheduled_task_id_delayed_reg[7]_i_222/CO[3]
                         net (fo=1, unplaced)         0.000    12.854    scheduled_task_id_delayed_reg[7]_i_222_n_0
                         CARRY4 (Prop_carry4_CI_CO[3])
                                                      0.117    12.971 r  scheduled_task_id_delayed_reg[7]_i_80/CO[3]
                         net (fo=1, unplaced)         0.748    13.719    min_acc2219_in
                         LUT6 (Prop_lut6_I0_O)        0.124    13.843 r  scheduled_task_id_delayed[7]_i_26/O
                         net (fo=51, unplaced)        0.532    14.375    scheduled_task_id_delayed[7]_i_26_n_0
                         LUT5 (Prop_lut5_I1_O)        0.124    14.499 f  scheduled_task_id_delayed[7]_i_876/O
                         net (fo=5, unplaced)         0.447    14.946    scheduled_task_id_delayed[7]_i_876_n_0
                         LUT4 (Prop_lut4_I1_O)        0.150    15.096 r  scheduled_task_id_delayed[7]_i_758/O
                         net (fo=1, unplaced)         0.000    15.096    scheduled_task_id_delayed[7]_i_758_n_0
                         CARRY4 (Prop_carry4_DI[0]_CO[3])
                                                      0.576    15.672 r  scheduled_task_id_delayed_reg[7]_i_573/CO[3]
                         net (fo=1, unplaced)         0.000    15.672    scheduled_task_id_delayed_reg[7]_i_573_n_0
                         CARRY4 (Prop_carry4_CI_CO[3])
                                                      0.117    15.789 r  scheduled_task_id_delayed_reg[7]_i_379/CO[3]
                         net (fo=1, unplaced)         0.000    15.789    scheduled_task_id_delayed_reg[7]_i_379_n_0
                         CARRY4 (Prop_carry4_CI_CO[3])
                                                      0.117    15.906 r  scheduled_task_id_delayed_reg[7]_i_204/CO[3]
                         net (fo=1, unplaced)         0.000    15.906    scheduled_task_id_delayed_reg[7]_i_204_n_0
                         CARRY4 (Prop_carry4_CI_CO[3])
                                                      0.117    16.023 r  scheduled_task_id_delayed_reg[7]_i_78/CO[3]
                         net (fo=1, unplaced)         0.748    16.771    min_acc2221_in
                         LUT5 (Prop_lut5_I0_O)        0.124    16.895 r  scheduled_task_id_delayed[7]_i_24/O
                         net (fo=99, unplaced)        0.548    17.443    scheduled_task_id_delayed[7]_i_24_n_0
                         LUT3 (Prop_lut3_I1_O)        0.124    17.567 f  scheduled_task_id_delayed[7]_i_884/O
                         net (fo=2, unplaced)         0.460    18.027    scheduled_task_id_delayed[7]_i_884_n_0
                         LUT6 (Prop_lut6_I5_O)        0.124    18.151 r  scheduled_task_id_delayed[7]_i_777/O
                         net (fo=1, unplaced)         0.469    18.620    scheduled_task_id_delayed[7]_i_777_n_0
                         CARRY4 (Prop_carry4_DI[1]_CO[3])
                                                      0.520    19.140 r  scheduled_task_id_delayed_reg[7]_i_594/CO[3]
                         net (fo=1, unplaced)         0.000    19.140    scheduled_task_id_delayed_reg[7]_i_594_n_0
                         CARRY4 (Prop_carry4_CI_CO[3])
                                                      0.117    19.257 r  scheduled_task_id_delayed_reg[7]_i_396/CO[3]
                         net (fo=1, unplaced)         0.000    19.257    scheduled_task_id_delayed_reg[7]_i_396_n_0
                         CARRY4 (Prop_carry4_CI_CO[3])
                                                      0.117    19.374 r  scheduled_task_id_delayed_reg[7]_i_213/CO[3]
                         net (fo=1, unplaced)         0.000    19.374    scheduled_task_id_delayed_reg[7]_i_213_n_0
                         CARRY4 (Prop_carry4_CI_CO[3])
                                                      0.117    19.491 r  scheduled_task_id_delayed_reg[7]_i_79/CO[3]
                         net (fo=1, unplaced)         0.748    20.239    min_acc2223_in
                         LUT6 (Prop_lut6_I0_O)        0.124    20.363 r  scheduled_task_id_delayed[7]_i_25/O
                         net (fo=51, unplaced)        0.532    20.895    scheduled_task_id_delayed[7]_i_25_n_0
                         LUT5 (Prop_lut5_I1_O)        0.124    21.019 f  scheduled_task_id_delayed[7]_i_841/O
                         net (fo=3, unplaced)         0.467    21.486    scheduled_task_id_delayed[7]_i_841_n_0
                         LUT4 (Prop_lut4_I3_O)        0.116    21.602 r  scheduled_task_id_delayed[7]_i_746/O
                         net (fo=1, unplaced)         0.000    21.602    scheduled_task_id_delayed[7]_i_746_n_0
                         CARRY4 (Prop_carry4_DI[0]_CO[3])
                                                      0.576    22.178 r  scheduled_task_id_delayed_reg[7]_i_560/CO[3]
                         net (fo=1, unplaced)         0.000    22.178    scheduled_task_id_delayed_reg[7]_i_560_n_0
                         CARRY4 (Prop_carry4_CI_CO[3])
                                                      0.117    22.295 r  scheduled_task_id_delayed_reg[7]_i_366/CO[3]
                         net (fo=1, unplaced)         0.000    22.295    scheduled_task_id_delayed_reg[7]_i_366_n_0
                         CARRY4 (Prop_carry4_CI_CO[3])
                                                      0.117    22.412 r  scheduled_task_id_delayed_reg[7]_i_195/CO[3]
                         net (fo=1, unplaced)         0.000    22.412    scheduled_task_id_delayed_reg[7]_i_195_n_0
                         CARRY4 (Prop_carry4_CI_CO[3])
                                                      0.117    22.529 r  scheduled_task_id_delayed_reg[7]_i_77/CO[3]
                         net (fo=17, unplaced)        0.804    23.333    min_acc2225_in
                         LUT3 (Prop_lut3_I0_O)        0.124    23.457 r  scheduled_task_id_delayed[7]_i_23/O
                         net (fo=20, unplaced)        0.509    23.966    scheduled_task_id_delayed[7]_i_23_n_0
                         LUT5 (Prop_lut5_I1_O)        0.124    24.090 f  scheduled_task_id_delayed[7]_i_657/O
                         net (fo=4, unplaced)         0.473    24.563    scheduled_task_id_delayed[7]_i_657_n_0
                         LUT4 (Prop_lut4_I1_O)        0.116    24.679 r  scheduled_task_id_delayed[7]_i_432/O
                         net (fo=1, unplaced)         0.000    24.679    scheduled_task_id_delayed[7]_i_432_n_0
                         CARRY4 (Prop_carry4_DI[0]_CO[3])
                                                      0.576    25.255 r  scheduled_task_id_delayed_reg[7]_i_234/CO[3]
                         net (fo=1, unplaced)         0.000    25.255    scheduled_task_id_delayed_reg[7]_i_234_n_0
                         CARRY4 (Prop_carry4_CI_CO[3])
                                                      0.117    25.372 r  scheduled_task_id_delayed_reg[7]_i_87/CO[3]
                         net (fo=1, unplaced)         0.000    25.372    scheduled_task_id_delayed_reg[7]_i_87_n_0
                         CARRY4 (Prop_carry4_CI_CO[3])
                                                      0.117    25.489 r  scheduled_task_id_delayed_reg[7]_i_29/CO[3]
                         net (fo=1, unplaced)         0.000    25.489    scheduled_task_id_delayed_reg[7]_i_29_n_0
                         CARRY4 (Prop_carry4_CI_CO[3])
                                                      0.117    25.606 r  scheduled_task_id_delayed_reg[7]_i_15/CO[3]
                         net (fo=1, unplaced)         0.748    26.354    min_acc2227_in
                         LUT6 (Prop_lut6_I0_O)        0.124    26.478 r  scheduled_task_id_delayed[7]_i_5/O
                         net (fo=83, unplaced)        0.544    27.022    scheduled_task_id_delayed[7]_i_5_n_0
                         LUT3 (Prop_lut3_I1_O)        0.124    27.146 f  scheduled_task_id_delayed[7]_i_741/O
                         net (fo=2, unplaced)         0.460    27.606    scheduled_task_id_delayed[7]_i_741_n_0
                         LUT6 (Prop_lut6_I4_O)        0.124    27.730 r  scheduled_task_id_delayed[7]_i_550/O
                         net (fo=1, unplaced)         0.469    28.199    scheduled_task_id_delayed[7]_i_550_n_0
                         CARRY4 (Prop_carry4_DI[1]_CO[3])
                                                      0.520    28.719 r  scheduled_task_id_delayed_reg[7]_i_353/CO[3]
                         net (fo=1, unplaced)         0.000    28.719    scheduled_task_id_delayed_reg[7]_i_353_n_0
                         CARRY4 (Prop_carry4_CI_CO[3])
                                                      0.117    28.836 r  scheduled_task_id_delayed_reg[7]_i_182/CO[3]
                         net (fo=1, unplaced)         0.000    28.836    scheduled_task_id_delayed_reg[7]_i_182_n_0
                         CARRY4 (Prop_carry4_CI_CO[3])
                                                      0.117    28.953 r  scheduled_task_id_delayed_reg[7]_i_68/CO[3]
                         net (fo=1, unplaced)         0.000    28.953    scheduled_task_id_delayed_reg[7]_i_68_n_0
                         CARRY4 (Prop_carry4_CI_CO[3])
                                                      0.117    29.070 r  scheduled_task_id_delayed_reg[7]_i_22/CO[3]
                         net (fo=1, unplaced)         0.748    29.818    min_acc2229_in
                         LUT5 (Prop_lut5_I0_O)        0.124    29.942 r  scheduled_task_id_delayed[7]_i_9/O
                         net (fo=35, unplaced)        0.522    30.464    scheduled_task_id_delayed[7]_i_9_n_0
                         LUT5 (Prop_lut5_I1_O)        0.124    30.588 f  scheduled_task_id_delayed[7]_i_681/O
                         net (fo=5, unplaced)         0.477    31.065    scheduled_task_id_delayed[7]_i_681_n_0
                         LUT4 (Prop_lut4_I3_O)        0.116    31.181 r  scheduled_task_id_delayed[7]_i_476/O
                         net (fo=1, unplaced)         0.000    31.181    scheduled_task_id_delayed[7]_i_476_n_0
                         CARRY4 (Prop_carry4_DI[0]_CO[3])
                                                      0.576    31.757 r  scheduled_task_id_delayed_reg[7]_i_276/CO[3]
                         net (fo=1, unplaced)         0.000    31.757    scheduled_task_id_delayed_reg[7]_i_276_n_0
                         CARRY4 (Prop_carry4_CI_CO[3])
                                                      0.117    31.874 r  scheduled_task_id_delayed_reg[7]_i_121/CO[3]
                         net (fo=1, unplaced)         0.000    31.874    scheduled_task_id_delayed_reg[7]_i_121_n_0
                         CARRY4 (Prop_carry4_CI_CO[3])
                                                      0.117    31.991 r  scheduled_task_id_delayed_reg[7]_i_47/CO[3]
                         net (fo=1, unplaced)         0.000    31.991    scheduled_task_id_delayed_reg[7]_i_47_n_0
                         CARRY4 (Prop_carry4_CI_CO[3])
                                                      0.117    32.108 r  scheduled_task_id_delayed_reg[7]_i_17/CO[3]
                         net (fo=1, unplaced)         0.748    32.856    min_acc2231_in
                         LUT6 (Prop_lut6_I0_O)        0.124    32.980 r  scheduled_task_id_delayed[7]_i_7/O
                         net (fo=84, unplaced)        0.544    33.524    scheduled_task_id_delayed[7]_i_7_n_0
                         LUT3 (Prop_lut3_I1_O)        0.124    33.648 f  scheduled_task_id_delayed[7]_i_680/O
                         net (fo=2, unplaced)         0.460    34.108    scheduled_task_id_delayed[7]_i_680_n_0
                         LUT6 (Prop_lut6_I4_O)        0.124    34.232 r  scheduled_task_id_delayed[7]_i_459/O
                         net (fo=1, unplaced)         0.469    34.701    scheduled_task_id_delayed[7]_i_459_n_0
                         CARRY4 (Prop_carry4_DI[1]_CO[3])
                                                      0.520    35.221 r  scheduled_task_id_delayed_reg[7]_i_259/CO[3]
                         net (fo=1, unplaced)         0.000    35.221    scheduled_task_id_delayed_reg[7]_i_259_n_0
                         CARRY4 (Prop_carry4_CI_CO[3])
                                                      0.117    35.338 r  scheduled_task_id_delayed_reg[7]_i_104/CO[3]
                         net (fo=1, unplaced)         0.000    35.338    scheduled_task_id_delayed_reg[7]_i_104_n_0
                         CARRY4 (Prop_carry4_CI_CO[3])
                                                      0.117    35.455 r  scheduled_task_id_delayed_reg[7]_i_38/CO[3]
                         net (fo=1, unplaced)         0.000    35.455    scheduled_task_id_delayed_reg[7]_i_38_n_0
                         CARRY4 (Prop_carry4_CI_CO[3])
                                                      0.117    35.572 r  scheduled_task_id_delayed_reg[7]_i_16/CO[3]
                         net (fo=2, unplaced)         0.759    36.331    min_acc2233_in
                         LUT4 (Prop_lut4_I0_O)        0.124    36.455 r  scheduled_task_id_delayed[7]_i_6/O
                         net (fo=36, unplaced)        0.523    36.978    scheduled_task_id_delayed[7]_i_6_n_0
                         LUT5 (Prop_lut5_I1_O)        0.124    37.102 f  scheduled_task_id_delayed[7]_i_857/O
                         net (fo=5, unplaced)         0.477    37.579    scheduled_task_id_delayed[7]_i_857_n_0
                         LUT4 (Prop_lut4_I3_O)        0.116    37.695 r  scheduled_task_id_delayed[7]_i_730/O
                         net (fo=1, unplaced)         0.000    37.695    scheduled_task_id_delayed[7]_i_730_n_0
                         CARRY4 (Prop_carry4_DI[0]_CO[3])
                                                      0.576    38.271 r  scheduled_task_id_delayed_reg[7]_i_535/CO[3]
                         net (fo=1, unplaced)         0.000    38.271    scheduled_task_id_delayed_reg[7]_i_535_n_0
                         CARRY4 (Prop_carry4_CI_CO[3])
                                                      0.117    38.388 r  scheduled_task_id_delayed_reg[7]_i_340/CO[3]
                         net (fo=1, unplaced)         0.000    38.388    scheduled_task_id_delayed_reg[7]_i_340_n_0
                         CARRY4 (Prop_carry4_CI_CO[3])
                                                      0.117    38.505 r  scheduled_task_id_delayed_reg[7]_i_173/CO[3]
                         net (fo=1, unplaced)         0.000    38.505    scheduled_task_id_delayed_reg[7]_i_173_n_0
                         CARRY4 (Prop_carry4_CI_CO[3])
                                                      0.117    38.622 r  scheduled_task_id_delayed_reg[7]_i_67/CO[3]
                         net (fo=1, unplaced)         0.748    39.370    min_acc2235_in
                         LUT6 (Prop_lut6_I0_O)        0.124    39.494 r  scheduled_task_id_delayed[7]_i_21/O
                         net (fo=83, unplaced)        0.544    40.038    scheduled_task_id_delayed[7]_i_21_n_0
                         LUT3 (Prop_lut3_I1_O)        0.124    40.162 f  scheduled_task_id_delayed[7]_i_860/O
                         net (fo=2, unplaced)         0.460    40.622    scheduled_task_id_delayed[7]_i_860_n_0
                         LUT6 (Prop_lut6_I4_O)        0.124    40.746 r  scheduled_task_id_delayed[7]_i_717/O
                         net (fo=1, unplaced)         0.469    41.215    scheduled_task_id_delayed[7]_i_717_n_0
                         CARRY4 (Prop_carry4_DI[1]_CO[3])
                                                      0.520    41.735 r  scheduled_task_id_delayed_reg[7]_i_522/CO[3]
                         net (fo=1, unplaced)         0.000    41.735    scheduled_task_id_delayed_reg[7]_i_522_n_0
                         CARRY4 (Prop_carry4_CI_CO[3])
                                                      0.117    41.852 r  scheduled_task_id_delayed_reg[7]_i_327/CO[3]
                         net (fo=1, unplaced)         0.000    41.852    scheduled_task_id_delayed_reg[7]_i_327_n_0
                         CARRY4 (Prop_carry4_CI_CO[3])
                                                      0.117    41.969 r  scheduled_task_id_delayed_reg[7]_i_164/CO[3]
                         net (fo=1, unplaced)         0.000    41.969    scheduled_task_id_delayed_reg[7]_i_164_n_0
                         CARRY4 (Prop_carry4_CI_CO[3])
                                                      0.117    42.086 r  scheduled_task_id_delayed_reg[7]_i_66/CO[3]
                         net (fo=2, unplaced)         0.759    42.845    min_acc2237_in
                         LUT5 (Prop_lut5_I0_O)        0.124    42.969 r  scheduled_task_id_delayed[7]_i_20/O
                         net (fo=34, unplaced)        0.522    43.491    scheduled_task_id_delayed[7]_i_20_n_0
                         LUT5 (Prop_lut5_I1_O)        0.124    43.615 f  scheduled_task_id_delayed[7]_i_856/O
                         net (fo=4, unplaced)         0.443    44.058    scheduled_task_id_delayed[7]_i_856_n_0
                         LUT4 (Prop_lut4_I1_O)        0.150    44.208 r  scheduled_task_id_delayed[7]_i_710/O
                         net (fo=1, unplaced)         0.000    44.208    scheduled_task_id_delayed[7]_i_710_n_0
                         CARRY4 (Prop_carry4_DI[0]_CO[3])
                                                      0.576    44.784 r  scheduled_task_id_delayed_reg[7]_i_513/CO[3]
                         net (fo=1, unplaced)         0.000    44.784    scheduled_task_id_delayed_reg[7]_i_513_n_0
                         CARRY4 (Prop_carry4_CI_CO[3])
                                                      0.117    44.901 r  scheduled_task_id_delayed_reg[7]_i_318/CO[3]
                         net (fo=1, unplaced)         0.000    44.901    scheduled_task_id_delayed_reg[7]_i_318_n_0
                         CARRY4 (Prop_carry4_CI_CO[3])
                                                      0.117    45.018 r  scheduled_task_id_delayed_reg[7]_i_155/CO[3]
                         net (fo=1, unplaced)         0.000    45.018    scheduled_task_id_delayed_reg[7]_i_155_n_0
                         CARRY4 (Prop_carry4_CI_CO[3])
                                                      0.117    45.135 r  scheduled_task_id_delayed_reg[7]_i_65/CO[3]
                         net (fo=1, unplaced)         0.748    45.883    min_acc2239_in
                         LUT6 (Prop_lut6_I0_O)        0.124    46.007 r  scheduled_task_id_delayed[7]_i_19/O
                         net (fo=67, unplaced)        0.539    46.546    scheduled_task_id_delayed[7]_i_19_n_0
                         LUT3 (Prop_lut3_I1_O)        0.124    46.670 f  scheduled_task_id_delayed[7]_i_691/O
                         net (fo=1, unplaced)         0.449    47.119    scheduled_task_id_delayed[7]_i_691_n_0
                         LUT6 (Prop_lut6_I1_O)        0.124    47.243 r  scheduled_task_id_delayed[7]_i_487/O
                         net (fo=1, unplaced)         0.469    47.712    scheduled_task_id_delayed[7]_i_487_n_0
                         CARRY4 (Prop_carry4_DI[1]_CO[3])
                                                      0.520    48.232 r  scheduled_task_id_delayed_reg[7]_i_289/CO[3]
                         net (fo=1, unplaced)         0.000    48.232    scheduled_task_id_delayed_reg[7]_i_289_n_0
                         CARRY4 (Prop_carry4_CI_CO[3])
                                                      0.117    48.349 r  scheduled_task_id_delayed_reg[7]_i_134/CO[3]
                         net (fo=1, unplaced)         0.000    48.349    scheduled_task_id_delayed_reg[7]_i_134_n_0
                         CARRY4 (Prop_carry4_CI_CO[3])
                                                      0.117    48.466 r  scheduled_task_id_delayed_reg[7]_i_56/CO[3]
                         net (fo=1, unplaced)         0.000    48.466    scheduled_task_id_delayed_reg[7]_i_56_n_0
                         CARRY4 (Prop_carry4_CI_CO[3])
                                                      0.117    48.583 r  scheduled_task_id_delayed_reg[7]_i_18/CO[3]
                         net (fo=3, unplaced)         0.766    49.349    sel2
                         LUT5 (Prop_lut5_I1_O)        0.124    49.473 r  scheduled_task_id_delayed[7]_i_8/O
                         net (fo=3, unplaced)         0.467    49.940    scheduled_task_id_delayed[7]_i_8_n_0
                         LUT5 (Prop_lut5_I3_O)        0.124    50.064 f  scheduled_task_id_delayed[7]_i_2/O
                         net (fo=64, unplaced)        0.537    50.601    scheduled_task_id_delayed[7]_i_2_n_0
                         LUT6 (Prop_lut6_I1_O)        0.124    50.725 r  scheduled_task_id_delayed[7]_i_27/O
                         net (fo=128, unplaced)       0.525    51.250    scheduled_task_id_delayed[7]_i_27_n_0
                         LUT6 (Prop_lut6_I2_O)        0.124    51.374 r  scheduled_task_valid_delayed_i_7/O
                         net (fo=1, unplaced)         0.000    51.374    scheduled_task_valid_delayed_i_7_n_0
                         MUXF7 (Prop_muxf7_I1_O)      0.247    51.621 r  scheduled_task_valid_delayed_reg_i_4/O
                         net (fo=1, unplaced)         0.000    51.621    scheduled_task_valid_delayed_reg_i_4_n_0
                         MUXF8 (Prop_muxf8_I0_O)      0.098    51.719 r  scheduled_task_valid_delayed_reg_i_3/O
                         net (fo=1, unplaced)         0.312    52.031    scheduled_task_valid_delayed_reg_i_3_n_0
                         LUT5 (Prop_lut5_I1_O)        0.319    52.350 r  scheduled_task_valid_delayed_i_1/O
                         net (fo=61, unplaced)        0.560    52.910    scheduled_task_valid_delayed2_out
                         FDCE                                         r  scheduled_burst_time_delayed_reg[0]/CE
  -------------------------------------------------------------------    -------------------

                         (clock clk rise edge)       10.000    10.000 r  
                                                      0.000    10.000 r  clk (IN)
                         net (fo=1593, unset)         0.924    10.924    clk
                         FDCE                                         r  scheduled_burst_time_delayed_reg[0]/C
                         clock pessimism              0.000    10.924    
                         clock uncertainty           -0.035    10.889    
                         FDCE (Setup_fdce_C_CE)      -0.169    10.720    scheduled_burst_time_delayed_reg[0]
  -------------------------------------------------------------------
                         required time                         10.720    
                         arrival time                         -52.910    
  -------------------------------------------------------------------
                         slack                                -42.190    





Min Delay Paths
--------------------------------------------------------------------------------------
Slack (MET) :             0.296ns  (arrival time - required time)
  Source:                 num_tasks_reg[0]/C
                            (rising edge-triggered cell FDCE clocked by clk  {rise@0.000ns fall@5.000ns period=10.000ns})
  Destination:            num_tasks_reg[0]/D
                            (rising edge-triggered cell FDCE clocked by clk  {rise@0.000ns fall@5.000ns period=10.000ns})
  Path Group:             clk
  Path Type:              Hold (Min at Fast Process Corner)
  Requirement:            0.000ns  (clk rise@0.000ns - clk rise@0.000ns)
  Data Path Delay:        0.417ns  (logic 0.245ns (58.756%)  route 0.172ns (41.244%))
  Logic Levels:           1  (LUT1=1)
  Clock Path Skew:        0.022ns (DCD - SCD - CPR)
    Destination Clock Delay (DCD):    0.432ns
    Source Clock Delay      (SCD):    0.410ns
    Clock Pessimism Removal (CPR):    -0.000ns

    Location             Delay type                Incr(ns)  Path(ns)    Netlist Resource(s)
  -------------------------------------------------------------------    -------------------
                         (clock clk rise edge)        0.000     0.000 r  
                                                      0.000     0.000 r  clk (IN)
                         net (fo=1593, unset)         0.410     0.410    clk
                         FDCE                                         r  num_tasks_reg[0]/C
  -------------------------------------------------------------------    -------------------
                         FDCE (Prop_fdce_C_Q)         0.147     0.557 f  num_tasks_reg[0]/Q
                         net (fo=92, unplaced)        0.172     0.729    queue_count[0]
                         LUT1 (Prop_lut1_I0_O)        0.098     0.827 r  num_tasks[0]_i_1/O
                         net (fo=1, unplaced)         0.000     0.827    num_tasks[0]_i_1_n_0
                         FDCE                                         r  num_tasks_reg[0]/D
  -------------------------------------------------------------------    -------------------

                         (clock clk rise edge)        0.000     0.000 r  
                                                      0.000     0.000 r  clk (IN)
                         net (fo=1593, unset)         0.432     0.432    clk
                         FDCE                                         r  num_tasks_reg[0]/C
                         clock pessimism              0.000     0.432    
                         FDCE (Hold_fdce_C_D)         0.099     0.531    num_tasks_reg[0]
  -------------------------------------------------------------------
                         required time                         -0.531    
                         arrival time                           0.827    
  -------------------------------------------------------------------
                         slack                                  0.296    





Pulse Width Checks
--------------------------------------------------------------------------------------
Clock Name:         clk
Waveform(ns):       { 0.000 5.000 }
Period(ns):         10.000
Sources:            { clk }

Check Type        Corner  Lib Pin  Reference Pin  Required(ns)  Actual(ns)  Slack(ns)  Location  Pin
Min Period        n/a     FDCE/C   n/a            1.000         10.000      9.000                current_time_reg[0]/C
Low Pulse Width   Slow    FDCE/C   n/a            0.500         5.000       4.500                current_time_reg[0]/C
High Pulse Width  Slow    FDCE/C   n/a            0.500         5.000       4.500                current_time_reg[0]/C



