Copyright 1986-2022 Xilinx, Inc. All Rights Reserved. Copyright 2022-2025 Advanced Micro Devices, Inc. All Rights Reserved.
---------------------------------------------------------------------------------------------------------------------------------------------
| Tool Version : Vivado v.2025.2 (lin64) Build 6299465 Fri Nov 14 12:34:56 MST 2025
| Date         : Tue Jul 28 00:44:00 2026
| Host         : dilshanpathegamage-Aspire-E5-575G running 64-bit Ubuntu 24.04.3 LTS
| Command      : report_timing_summary -file timing.rpt
| Design       : advanced_task_scheduler
| Device       : 7a100t-csg324
| Speed File   : -1  PRODUCTION 1.23 2018-06-13
| Design State : Optimized
---------------------------------------------------------------------------------------------------------------------------------------------

Timing Summary Report

------------------------------------------------------------------------------------------------
| Timer Settings
| --------------
------------------------------------------------------------------------------------------------

  Enable Multi Corner Analysis               :  Yes
  Enable Pessimism Removal                   :  Yes
  Pessimism Removal Resolution               :  Nearest Common Node
  Enable Input Delay Default Clock           :  No
  Enable Preset / Clear Arcs                 :  No
  Disable Flight Delays                      :  No
  Ignore I/O Paths                           :  No
  Timing Early Launch at Borrowing Latches   :  No
  Borrow Time for Max Delay Exceptions       :  Yes
  Merge Timing Exceptions                    :  Yes
  Inter-SLR Compensation                     :  Conservative

  Corner  Analyze    Analyze    
  Name    Max Paths  Min Paths  
  ------  ---------  ---------  
  Slow    Yes        Yes        
  Fast    Yes        Yes        


------------------------------------------------------------------------------------------------
| Report Methodology
| ------------------
------------------------------------------------------------------------------------------------

No report available as report_methodology has not been run prior. Run report_methodology on the current design for the summary of methodology violations.



check_timing report

Table of Contents
-----------------
1. checking no_clock (0)
2. checking constant_clock (0)
3. checking pulse_width_clock (0)
4. checking unconstrained_internal_endpoints (0)
5. checking no_input_delay (32)
6. checking no_output_delay (37)
7. checking multiple_clock (0)
8. checking generated_clocks (0)
9. checking loops (0)
10. checking partial_input_delay (0)
11. checking partial_output_delay (0)
12. checking latch_loops (0)

1. checking no_clock (0)
------------------------
 There are 0 register/latch pins with no clock.


2. checking constant_clock (0)
------------------------------
 There are 0 register/latch pins with constant_clock.


3. checking pulse_width_clock (0)
---------------------------------
 There are 0 register/latch pins which need pulse_width check


4. checking unconstrained_internal_endpoints (0)
------------------------------------------------
 There are 0 pins that are not constrained for maximum delay.

 There are 0 pins that are not constrained for maximum delay due to constant clock.


5. checking no_input_delay (32)
-------------------------------
 There are 32 input ports with no input delay specified. (HIGH)

 There are 0 input ports with no input delay but user has a false path constraint.


6. checking no_output_delay (37)
--------------------------------
 There are 37 ports with no output delay specified. (HIGH)

 There are 0 ports with no output delay but user has a false path constraint

 There are 0 ports with no output delay but with a timing clock defined on it or propagating through it


7. checking multiple_clock (0)
------------------------------
 There are 0 register/latch pins with multiple clocks.


8. checking generated_clocks (0)
--------------------------------
 There are 0 generated clocks that are not connected to a clock source.


9. checking loops (0)
---------------------
 There are 0 combinational loops in the design.


10. checking partial_input_delay (0)
------------------------------------
 There are 0 input ports with partial input delay specified.


11. checking partial_output_delay (0)
-------------------------------------
 There are 0 ports with partial output delay specified.


12. checking latch_loops (0)
----------------------------
 There are 0 combinational latch loops in the design through latch input



------------------------------------------------------------------------------------------------
| Design Timing Summary
| ---------------------
------------------------------------------------------------------------------------------------

    WNS(ns)      TNS(ns)  TNS Failing Endpoints  TNS Total Endpoints      WHS(ns)      THS(ns)  THS Failing Endpoints  THS Total Endpoints     WPWS(ns)     TPWS(ns)  TPWS Failing Endpoints  TPWS Total Endpoints  
    -------      -------  ---------------------  -------------------      -------      -------  ---------------------  -------------------     --------     --------  ----------------------  --------------------  
     -0.996     -261.995                    474                 2047        0.299        0.000                      0                 2047        4.500        0.000                       0                  1044  


Timing constraints are not met.


------------------------------------------------------------------------------------------------
| Clock Summary
| -------------
------------------------------------------------------------------------------------------------

Clock  Waveform(ns)       Period(ns)      Frequency(MHz)
-----  ------------       ----------      --------------
clk    {0.000 5.000}      10.000          100.000         


------------------------------------------------------------------------------------------------
| Intra Clock Table
| -----------------
------------------------------------------------------------------------------------------------

Clock             WNS(ns)      TNS(ns)  TNS Failing Endpoints  TNS Total Endpoints      WHS(ns)      THS(ns)  THS Failing Endpoints  THS Total Endpoints     WPWS(ns)     TPWS(ns)  TPWS Failing Endpoints  TPWS Total Endpoints  
-----             -------      -------  ---------------------  -------------------      -------      -------  ---------------------  -------------------     --------     --------  ----------------------  --------------------  
clk                -0.996     -261.995                    474                 2047        0.299        0.000                      0                 2047        4.500        0.000                       0                  1044  


------------------------------------------------------------------------------------------------
| Inter Clock Table
| -----------------
------------------------------------------------------------------------------------------------

From Clock    To Clock          WNS(ns)      TNS(ns)  TNS Failing Endpoints  TNS Total Endpoints      WHS(ns)      THS(ns)  THS Failing Endpoints  THS Total Endpoints  
----------    --------          -------      -------  ---------------------  -------------------      -------      -------  ---------------------  -------------------  


------------------------------------------------------------------------------------------------
| Other Path Groups Table
| -----------------------
------------------------------------------------------------------------------------------------

Path Group    From Clock    To Clock          WNS(ns)      TNS(ns)  TNS Failing Endpoints  TNS Total Endpoints      WHS(ns)      THS(ns)  THS Failing Endpoints  THS Total Endpoints  
----------    ----------    --------          -------      -------  ---------------------  -------------------      -------      -------  ---------------------  -------------------  


------------------------------------------------------------------------------------------------
| Timing Details
| --------------
------------------------------------------------------------------------------------------------


---------------------------------------------------------------------------------------------------
From Clock:  clk
  To Clock:  clk

Setup :          474  Failing Endpoints,  Worst Slack       -0.996ns,  Total Violation     -261.995ns
Hold  :            0  Failing Endpoints,  Worst Slack        0.299ns,  Total Violation        0.000ns
PW    :            0  Failing Endpoints,  Worst Slack        4.500ns,  Total Violation        0.000ns
---------------------------------------------------------------------------------------------------


Max Delay Paths
--------------------------------------------------------------------------------------
Slack (VIOLATED) :        -0.996ns  (required time - arrival time)
  Source:                 num_tasks_reg[4]_rep__1/C
                            (rising edge-triggered cell FDCE clocked by clk  {rise@0.000ns fall@5.000ns period=10.000ns})
  Destination:            task_queue_reg[12][wait_time][0]/CE
                            (rising edge-triggered cell FDCE clocked by clk  {rise@0.000ns fall@5.000ns period=10.000ns})
  Path Group:             clk
  Path Type:              Setup (Max at Slow Process Corner)
  Requirement:            10.000ns  (clk rise@10.000ns - clk rise@0.000ns)
  Data Path Delay:        10.710ns  (logic 3.373ns (31.494%)  route 7.337ns (68.506%))
  Logic Levels:           15  (CARRY4=3 LUT2=1 LUT3=2 LUT5=2 LUT6=7)
  Clock Path Skew:        -0.049ns (DCD - SCD + CPR)
    Destination Clock Delay (DCD):    0.924ns = ( 10.924 - 10.000 ) 
    Source Clock Delay      (SCD):    0.973ns
    Clock Pessimism Removal (CPR):    0.000ns
  Clock Uncertainty:      0.035ns  ((TSJ^2 + TIJ^2)^1/2 + DJ) / 2 + PE
    Total System Jitter     (TSJ):    0.071ns
    Total Input Jitter      (TIJ):    0.000ns
    Discrete Jitter          (DJ):    0.000ns
    Phase Error              (PE):    0.000ns

    Location             Delay type                Incr(ns)  Path(ns)    Netlist Resource(s)
  -------------------------------------------------------------------    -------------------
                         (clock clk rise edge)        0.000     0.000 r  
                                                      0.000     0.000 r  clk (IN)
                         net (fo=1043, unset)         0.973     0.973    clk
                         FDCE                                         r  num_tasks_reg[4]_rep__1/C
  -------------------------------------------------------------------    -------------------
                         FDCE (Prop_fdce_C_Q)         0.478     1.451 r  num_tasks_reg[4]_rep__1/Q
                         net (fo=94, unplaced)        0.904     2.355    num_tasks_reg[4]_rep__1_n_0
                         LUT5 (Prop_lut5_I0_O)        0.295     2.650 f  task_queue[10][queue_level][0]_i_5/O
                         net (fo=9, unplaced)         0.460     3.110    task_queue[10][queue_level][0]_i_5_n_0
                         LUT6 (Prop_lut6_I0_O)        0.124     3.234 f  num_tasks[4]_i_48/O
                         net (fo=1, unplaced)         0.449     3.683    num_tasks[4]_i_48_n_0
                         LUT6 (Prop_lut6_I5_O)        0.124     3.807 f  num_tasks[4]_i_30/O
                         net (fo=2, unplaced)         0.952     4.759    num_tasks[4]_i_30_n_0
                         LUT6 (Prop_lut6_I0_O)        0.124     4.883 r  task_queue[2][id][7]_i_28/O
                         net (fo=1, unplaced)         0.449     5.332    task_queue[2][id][7]_i_28_n_0
                         LUT6 (Prop_lut6_I1_O)        0.124     5.456 f  task_queue[2][id][7]_i_27/O
                         net (fo=1, unplaced)         0.449     5.905    task_queue[2][id][7]_i_27_n_0
                         LUT6 (Prop_lut6_I4_O)        0.124     6.029 r  task_queue[2][id][7]_i_24/O
                         net (fo=1, unplaced)         0.449     6.478    task_queue[2][id][7]_i_24_n_0
                         LUT6 (Prop_lut6_I5_O)        0.124     6.602 r  task_queue[2][id][7]_i_21/O
                         net (fo=19, unplaced)        0.508     7.110    task_queue[2][id][7]_i_21_n_0
                         LUT3 (Prop_lut3_I2_O)        0.124     7.234 r  task_queue[4][id][7]_i_15/O
                         net (fo=4, unplaced)         0.357     7.591    task_queue[4][id][7]_i_15_n_0
                         CARRY4 (Prop_carry4_CYINIT_CO[3])
                                                      0.595     8.186 r  task_queue_reg[12][task_priority][3]_i_6/CO[3]
                         net (fo=1, unplaced)         0.000     8.186    task_queue_reg[12][task_priority][3]_i_6_n_0
                         CARRY4 (Prop_carry4_CI_CO[3])
                                                      0.117     8.303 r  task_queue_reg[12][task_priority][3]_i_4/CO[3]
                         net (fo=1, unplaced)         0.000     8.303    task_queue_reg[12][task_priority][3]_i_4_n_0
                         CARRY4 (Prop_carry4_CI_CO[0])
                                                      0.281     8.584 r  task_queue_reg[12][task_priority][3]_i_3/CO[0]
                         net (fo=1, unplaced)         0.311     8.895    p_213_in
                         LUT6 (Prop_lut6_I0_O)        0.367     9.262 r  task_queue[12][task_priority][3]_i_2/O
                         net (fo=3, unplaced)         0.467     9.729    task_queue[12][task_priority][3]_i_2_n_0
                         LUT5 (Prop_lut5_I0_O)        0.124     9.853 f  task_queue[12][id][7]_i_4/O
                         net (fo=60, unplaced)        0.536    10.389    task_queue[12][id][7]_i_4_n_0
                         LUT3 (Prop_lut3_I2_O)        0.124    10.513 r  task_queue[12][id][7]_i_1/O
                         net (fo=15, unplaced)        0.502    11.015    task_queue[12][id][7]_i_1_n_0
                         LUT2 (Prop_lut2_I0_O)        0.124    11.139 r  task_queue[12][wait_time][31]_i_1/O
                         net (fo=32, unplaced)        0.544    11.683    task_queue[12][wait_time][31]_i_1_n_0
                         FDCE                                         r  task_queue_reg[12][wait_time][0]/CE
  -------------------------------------------------------------------    -------------------

                         (clock clk rise edge)       10.000    10.000 r  
                                                      0.000    10.000 r  clk (IN)
                         net (fo=1043, unset)         0.924    10.924    clk
                         FDCE                                         r  task_queue_reg[12][wait_time][0]/C
                         clock pessimism              0.000    10.924    
                         clock uncertainty           -0.035    10.889    
                         FDCE (Setup_fdce_C_CE)      -0.202    10.687    task_queue_reg[12][wait_time][0]
  -------------------------------------------------------------------
                         required time                         10.687    
                         arrival time                         -11.683    
  -------------------------------------------------------------------
                         slack                                 -0.996    





Min Delay Paths
--------------------------------------------------------------------------------------
Slack (MET) :             0.299ns  (arrival time - required time)
  Source:                 num_tasks_reg[0]/C
                            (rising edge-triggered cell FDCE clocked by clk  {rise@0.000ns fall@5.000ns period=10.000ns})
  Destination:            num_tasks_reg[0]/D
                            (rising edge-triggered cell FDCE clocked by clk  {rise@0.000ns fall@5.000ns period=10.000ns})
  Path Group:             clk
  Path Type:              Hold (Min at Fast Process Corner)
  Requirement:            0.000ns  (clk rise@0.000ns - clk rise@0.000ns)
  Data Path Delay:        0.419ns  (logic 0.245ns (58.460%)  route 0.174ns (41.540%))
  Logic Levels:           1  (LUT1=1)
  Clock Path Skew:        0.022ns (DCD - SCD - CPR)
    Destination Clock Delay (DCD):    0.432ns
    Source Clock Delay      (SCD):    0.410ns
    Clock Pessimism Removal (CPR):    -0.000ns

    Location             Delay type                Incr(ns)  Path(ns)    Netlist Resource(s)
  -------------------------------------------------------------------    -------------------
                         (clock clk rise edge)        0.000     0.000 r  
                                                      0.000     0.000 r  clk (IN)
                         net (fo=1043, unset)         0.410     0.410    clk
                         FDCE                                         r  num_tasks_reg[0]/C
  -------------------------------------------------------------------    -------------------
                         FDCE (Prop_fdce_C_Q)         0.147     0.557 f  num_tasks_reg[0]/Q
                         net (fo=111, unplaced)       0.174     0.731    queue_count[0]
                         LUT1 (Prop_lut1_I0_O)        0.098     0.829 r  num_tasks[0]_i_1/O
                         net (fo=1, unplaced)         0.000     0.829    num_tasks[0]_i_1_n_0
                         FDCE                                         r  num_tasks_reg[0]/D
  -------------------------------------------------------------------    -------------------

                         (clock clk rise edge)        0.000     0.000 r  
                                                      0.000     0.000 r  clk (IN)
                         net (fo=1043, unset)         0.432     0.432    clk
                         FDCE                                         r  num_tasks_reg[0]/C
                         clock pessimism              0.000     0.432    
                         FDCE (Hold_fdce_C_D)         0.099     0.531    num_tasks_reg[0]
  -------------------------------------------------------------------
                         required time                         -0.531    
                         arrival time                           0.829    
  -------------------------------------------------------------------
                         slack                                  0.299    





Pulse Width Checks
--------------------------------------------------------------------------------------
Clock Name:         clk
Waveform(ns):       { 0.000 5.000 }
Period(ns):         10.000
Sources:            { clk }

Check Type        Corner  Lib Pin  Reference Pin  Required(ns)  Actual(ns)  Slack(ns)  Location  Pin
Min Period        n/a     FDCE/C   n/a            1.000         10.000      9.000                num_tasks_reg[0]/C
Low Pulse Width   Slow    FDCE/C   n/a            0.500         5.000       4.500                num_tasks_reg[0]/C
High Pulse Width  Slow    FDCE/C   n/a            0.500         5.000       4.500                num_tasks_reg[0]/C



