Copyright 1986-2022 Xilinx, Inc. All Rights Reserved. Copyright 2022-2025 Advanced Micro Devices, Inc. All Rights Reserved.
---------------------------------------------------------------------------------------------------------------------------------------------
| Tool Version : Vivado v.2025.2 (lin64) Build 6299465 Fri Nov 14 12:34:56 MST 2025
| Date         : Tue Jul 28 00:34:13 2026
| Host         : dilshanpathegamage-Aspire-E5-575G running 64-bit Ubuntu 24.04.3 LTS
| Command      : report_timing_summary -file timing.rpt
| Design       : task_scheduler
| Device       : 7a100t-csg324
| Speed File   : -1  PRODUCTION 1.23 2018-06-13
| Design State : Optimized
---------------------------------------------------------------------------------------------------------------------------------------------

Timing Summary Report

------------------------------------------------------------------------------------------------
| Timer Settings
| --------------
------------------------------------------------------------------------------------------------

  Enable Multi Corner Analysis               :  Yes
  Enable Pessimism Removal                   :  Yes
  Pessimism Removal Resolution               :  Nearest Common Node
  Enable Input Delay Default Clock           :  No
  Enable Preset / Clear Arcs                 :  No
  Disable Flight Delays                      :  No
  Ignore I/O Paths                           :  No
  Timing Early Launch at Borrowing Latches   :  No
  Borrow Time for Max Delay Exceptions       :  Yes
  Merge Timing Exceptions                    :  Yes
  Inter-SLR Compensation                     :  Conservative

  Corner  Analyze    Analyze    
  Name    Max Paths  Min Paths  
  ------  ---------  ---------  
  Slow    Yes        Yes        
  Fast    Yes        Yes        


------------------------------------------------------------------------------------------------
| Report Methodology
| ------------------
------------------------------------------------------------------------------------------------

No report available as report_methodology has not been run prior. Run report_methodology on the current design for the summary of methodology violations.



check_timing report

Table of Contents
-----------------
1. checking no_clock (0)
2. checking constant_clock (0)
3. checking pulse_width_clock (0)
4. checking unconstrained_internal_endpoints (0)
5. checking no_input_delay (63)
6. checking no_output_delay (69)
7. checking multiple_clock (0)
8. checking generated_clocks (0)
9. checking loops (0)
10. checking partial_input_delay (0)
11. checking partial_output_delay (0)
12. checking latch_loops (0)

1. checking no_clock (0)
------------------------
 There are 0 register/latch pins with no clock.


2. checking constant_clock (0)
------------------------------
 There are 0 register/latch pins with constant_clock.


3. checking pulse_width_clock (0)
---------------------------------
 There are 0 register/latch pins which need pulse_width check


4. checking unconstrained_internal_endpoints (0)
------------------------------------------------
 There are 0 pins that are not constrained for maximum delay.

 There are 0 pins that are not constrained for maximum delay due to constant clock.


5. checking no_input_delay (63)
-------------------------------
 There are 63 input ports with no input delay specified. (HIGH)

 There are 0 input ports with no input delay but user has a false path constraint.


6. checking no_output_delay (69)
--------------------------------
 There are 69 ports with no output delay specified. (HIGH)

 There are 0 ports with no output delay but user has a false path constraint

 There are 0 ports with no output delay but with a timing clock defined on it or propagating through it


7. checking multiple_clock (0)
------------------------------
 There are 0 register/latch pins with multiple clocks.


8. checking generated_clocks (0)
--------------------------------
 There are 0 generated clocks that are not connected to a clock source.


9. checking loops (0)
---------------------
 There are 0 combinational loops in the design.


10. checking partial_input_delay (0)
------------------------------------
 There are 0 input ports with partial input delay specified.


11. checking partial_output_delay (0)
-------------------------------------
 There are 0 ports with partial output delay specified.


12. checking latch_loops (0)
----------------------------
 There are 0 combinational latch loops in the design through latch input



------------------------------------------------------------------------------------------------
| Design Timing Summary
| ---------------------
------------------------------------------------------------------------------------------------

    WNS(ns)      TNS(ns)  TNS Failing Endpoints  TNS Total Endpoints      WHS(ns)      THS(ns)  THS Failing Endpoints  THS Total Endpoints     WPWS(ns)     TPWS(ns)  TPWS Failing Endpoints  TPWS Total Endpoints  
    -------      -------  ---------------------  -------------------      -------      -------  ---------------------  -------------------     --------     --------  ----------------------  --------------------  
    -13.972    -1607.164                    121                 2091        0.299        0.000                      0                 2091        4.500        0.000                       0                  1050  


Timing constraints are not met.


------------------------------------------------------------------------------------------------
| Clock Summary
| -------------
------------------------------------------------------------------------------------------------

Clock  Waveform(ns)       Period(ns)      Frequency(MHz)
-----  ------------       ----------      --------------
clk    {0.000 5.000}      10.000          100.000         


------------------------------------------------------------------------------------------------
| Intra Clock Table
| -----------------
------------------------------------------------------------------------------------------------

Clock             WNS(ns)      TNS(ns)  TNS Failing Endpoints  TNS Total Endpoints      WHS(ns)      THS(ns)  THS Failing Endpoints  THS Total Endpoints     WPWS(ns)     TPWS(ns)  TPWS Failing Endpoints  TPWS Total Endpoints  
-----             -------      -------  ---------------------  -------------------      -------      -------  ---------------------  -------------------     --------     --------  ----------------------  --------------------  
clk               -13.972    -1607.164                    121                 2091        0.299        0.000                      0                 2091        4.500        0.000                       0                  1050  


------------------------------------------------------------------------------------------------
| Inter Clock Table
| -----------------
------------------------------------------------------------------------------------------------

From Clock    To Clock          WNS(ns)      TNS(ns)  TNS Failing Endpoints  TNS Total Endpoints      WHS(ns)      THS(ns)  THS Failing Endpoints  THS Total Endpoints  
----------    --------          -------      -------  ---------------------  -------------------      -------      -------  ---------------------  -------------------  


------------------------------------------------------------------------------------------------
| Other Path Groups Table
| -----------------------
------------------------------------------------------------------------------------------------

Path Group    From Clock    To Clock          WNS(ns)      TNS(ns)  TNS Failing Endpoints  TNS Total Endpoints      WHS(ns)      THS(ns)  THS Failing Endpoints  THS Total Endpoints  
----------    ----------    --------          -------      -------  ---------------------  -------------------      -------      -------  ---------------------  -------------------  


------------------------------------------------------------------------------------------------
| Timing Details
| --------------
------------------------------------------------------------------------------------------------


---------------------------------------------------------------------------------------------------
From Clock:  clk
  To Clock:  clk

Setup :          121  Failing Endpoints,  Worst Slack      -13.972ns,  Total Violation    -1607.164ns
Hold  :            0  Failing Endpoints,  Worst Slack        0.299ns,  Total Violation        0.000ns
PW    :            0  Failing Endpoints,  Worst Slack        4.500ns,  Total Violation        0.000ns
---------------------------------------------------------------------------------------------------


Max Delay Paths
--------------------------------------------------------------------------------------
Slack (VIOLATED) :        -13.972ns  (required time - arrival time)
  Source:                 task_queue_reg[1][task_priority][0]/C
                            (rising edge-triggered cell FDCE clocked by clk  {rise@0.000ns fall@5.000ns period=10.000ns})
  Destination:            scheduled_burst_time_delayed_reg[0]/CE
                            (rising edge-triggered cell FDCE clocked by clk  {rise@0.000ns fall@5.000ns period=10.000ns})
  Path Group:             clk
  Path Type:              Setup (Max at Slow Process Corner)
  Requirement:            10.000ns  (clk rise@10.000ns - clk rise@0.000ns)
  Data Path Delay:        23.686ns  (logic 4.989ns (21.063%)  route 18.697ns (78.937%))
  Logic Levels:           35  (LUT4=1 LUT6=34)
  Clock Path Skew:        -0.049ns (DCD - SCD + CPR)
    Destination Clock Delay (DCD):    0.924ns = ( 10.924 - 10.000 ) 
    Source Clock Delay      (SCD):    0.973ns
    Clock Pessimism Removal (CPR):    0.000ns
  Clock Uncertainty:      0.035ns  ((TSJ^2 + TIJ^2)^1/2 + DJ) / 2 + PE
    Total System Jitter     (TSJ):    0.071ns
    Total Input Jitter      (TIJ):    0.000ns
    Discrete Jitter          (DJ):    0.000ns
    Phase Error              (PE):    0.000ns

    Location             Delay type                Incr(ns)  Path(ns)    Netlist Resource(s)
  -------------------------------------------------------------------    -------------------
                         (clock clk rise edge)        0.000     0.000 r  
                                                      0.000     0.000 r  clk (IN)
                         net (fo=1049, unset)         0.973     0.973    clk
                         FDCE                                         r  task_queue_reg[1][task_priority][0]/C
  -------------------------------------------------------------------    -------------------
                         FDCE (Prop_fdce_C_Q)         0.478     1.451 r  task_queue_reg[1][task_priority][0]/Q
                         net (fo=5, unplaced)         0.993     2.444    task_queue_reg[1][task_priority]__0[0]
                         LUT6 (Prop_lut6_I0_O)        0.295     2.739 r  scheduled_task_id_delayed[7]_i_203/O
                         net (fo=4, unplaced)         0.473     3.212    scheduled_task_id_delayed[7]_i_203_n_0
                         LUT6 (Prop_lut6_I5_O)        0.124     3.336 f  scheduled_task_id_delayed[7]_i_205/O
                         net (fo=3, unplaced)         0.750     4.086    max_pri[0]
                         LUT6 (Prop_lut6_I1_O)        0.124     4.210 r  scheduled_task_id_delayed[7]_i_219/O
                         net (fo=2, unplaced)         0.460     4.670    scheduled_task_id_delayed[7]_i_219_n_0
                         LUT6 (Prop_lut6_I5_O)        0.124     4.794 f  scheduled_task_id_delayed[7]_i_206/O
                         net (fo=3, unplaced)         0.467     5.261    scheduled_task_id_delayed[7]_i_206_n_0
                         LUT6 (Prop_lut6_I2_O)        0.124     5.385 r  scheduled_task_id_delayed[7]_i_220/O
                         net (fo=2, unplaced)         0.460     5.845    scheduled_task_id_delayed[7]_i_220_n_0
                         LUT6 (Prop_lut6_I5_O)        0.124     5.969 f  scheduled_task_id_delayed[7]_i_197/O
                         net (fo=3, unplaced)         0.750     6.719    scheduled_task_id_delayed[7]_i_197_n_0
                         LUT6 (Prop_lut6_I1_O)        0.124     6.843 r  scheduled_task_id_delayed[7]_i_217/O
                         net (fo=2, unplaced)         0.460     7.303    scheduled_task_id_delayed[7]_i_217_n_0
                         LUT6 (Prop_lut6_I5_O)        0.124     7.427 f  scheduled_task_id_delayed[7]_i_198/O
                         net (fo=3, unplaced)         0.467     7.894    scheduled_task_id_delayed[7]_i_198_n_0
                         LUT6 (Prop_lut6_I2_O)        0.124     8.018 r  scheduled_task_id_delayed[7]_i_218/O
                         net (fo=2, unplaced)         0.460     8.478    scheduled_task_id_delayed[7]_i_218_n_0
                         LUT6 (Prop_lut6_I5_O)        0.124     8.602 f  scheduled_task_id_delayed[7]_i_194/O
                         net (fo=3, unplaced)         0.467     9.069    scheduled_task_id_delayed[7]_i_194_n_0
                         LUT6 (Prop_lut6_I2_O)        0.124     9.193 r  scheduled_task_id_delayed[7]_i_216/O
                         net (fo=2, unplaced)         0.460     9.653    scheduled_task_id_delayed[7]_i_216_n_0
                         LUT6 (Prop_lut6_I5_O)        0.124     9.777 f  scheduled_task_id_delayed[7]_i_212/O
                         net (fo=3, unplaced)         0.467    10.244    scheduled_task_id_delayed[7]_i_212_n_0
                         LUT6 (Prop_lut6_I2_O)        0.124    10.368 r  scheduled_task_id_delayed[7]_i_215/O
                         net (fo=2, unplaced)         0.460    10.828    scheduled_task_id_delayed[7]_i_215_n_0
                         LUT6 (Prop_lut6_I4_O)        0.124    10.952 f  scheduled_task_id_delayed[7]_i_182/O
                         net (fo=3, unplaced)         0.467    11.419    scheduled_task_id_delayed[7]_i_182_n_0
                         LUT6 (Prop_lut6_I2_O)        0.124    11.543 r  scheduled_task_id_delayed[7]_i_185/O
                         net (fo=2, unplaced)         0.460    12.003    scheduled_task_id_delayed[7]_i_185_n_0
                         LUT6 (Prop_lut6_I5_O)        0.124    12.127 f  scheduled_task_id_delayed[7]_i_116/O
                         net (fo=3, unplaced)         0.750    12.877    scheduled_task_id_delayed[7]_i_116_n_0
                         LUT6 (Prop_lut6_I1_O)        0.124    13.001 r  scheduled_task_id_delayed[7]_i_186/O
                         net (fo=2, unplaced)         0.460    13.461    scheduled_task_id_delayed[7]_i_186_n_0
                         LUT6 (Prop_lut6_I5_O)        0.124    13.585 f  scheduled_task_id_delayed[7]_i_117/O
                         net (fo=3, unplaced)         0.467    14.052    scheduled_task_id_delayed[7]_i_117_n_0
                         LUT6 (Prop_lut6_I2_O)        0.124    14.176 r  scheduled_task_id_delayed[7]_i_183/O
                         net (fo=2, unplaced)         0.460    14.636    scheduled_task_id_delayed[7]_i_183_n_0
                         LUT6 (Prop_lut6_I5_O)        0.124    14.760 f  scheduled_task_id_delayed[7]_i_119/O
                         net (fo=3, unplaced)         0.467    15.227    scheduled_task_id_delayed[7]_i_119_n_0
                         LUT6 (Prop_lut6_I2_O)        0.124    15.351 r  scheduled_task_id_delayed[7]_i_184/O
                         net (fo=2, unplaced)         0.460    15.811    scheduled_task_id_delayed[7]_i_184_n_0
                         LUT6 (Prop_lut6_I5_O)        0.124    15.935 f  scheduled_task_id_delayed[7]_i_115/O
                         net (fo=3, unplaced)         0.467    16.402    scheduled_task_id_delayed[7]_i_115_n_0
                         LUT6 (Prop_lut6_I2_O)        0.124    16.526 r  scheduled_task_id_delayed[7]_i_201/O
                         net (fo=2, unplaced)         0.460    16.986    scheduled_task_id_delayed[7]_i_201_n_0
                         LUT6 (Prop_lut6_I5_O)        0.124    17.110 f  scheduled_task_id_delayed[7]_i_146/O
                         net (fo=3, unplaced)         0.467    17.577    scheduled_task_id_delayed[7]_i_146_n_0
                         LUT6 (Prop_lut6_I2_O)        0.124    17.701 r  scheduled_task_id_delayed[7]_i_199/O
                         net (fo=2, unplaced)         0.460    18.161    scheduled_task_id_delayed[7]_i_199_n_0
                         LUT6 (Prop_lut6_I5_O)        0.124    18.285 f  scheduled_task_id_delayed[7]_i_148/O
                         net (fo=3, unplaced)         0.467    18.752    scheduled_task_id_delayed[7]_i_148_n_0
                         LUT6 (Prop_lut6_I4_O)        0.124    18.876 r  scheduled_task_id_delayed[7]_i_86/O
                         net (fo=1, unplaced)         0.449    19.325    scheduled_task_id_delayed[7]_i_86_n_0
                         LUT6 (Prop_lut6_I5_O)        0.124    19.449 r  scheduled_task_id_delayed[7]_i_35/O
                         net (fo=7, unplaced)         0.454    19.903    max_pri1166_out
                         LUT6 (Prop_lut6_I1_O)        0.124    20.027 r  scheduled_task_id_delayed[7]_i_78/O
                         net (fo=1, unplaced)         0.449    20.476    scheduled_task_id_delayed[7]_i_78_n_0
                         LUT6 (Prop_lut6_I5_O)        0.124    20.600 r  scheduled_task_id_delayed[7]_i_33/O
                         net (fo=5, unplaced)         0.477    21.077    scheduled_task_id_delayed[7]_i_33_n_0
                         LUT6 (Prop_lut6_I2_O)        0.124    21.201 r  scheduled_task_id_delayed[7]_i_19/O
                         net (fo=2, unplaced)         0.460    21.661    scheduled_task_id_delayed[7]_i_19_n_0
                         LUT4 (Prop_lut4_I3_O)        0.124    21.785 r  scheduled_deadline_delayed[27]_i_7/O
                         net (fo=117, unplaced)       0.552    22.337    scheduled_deadline_delayed[27]_i_7_n_0
                         LUT6 (Prop_lut6_I4_O)        0.124    22.461 r  scheduled_task_valid_delayed_i_6/O
                         net (fo=1, unplaced)         0.941    23.402    scheduled_task_valid_delayed_i_6_n_0
                         LUT6 (Prop_lut6_I0_O)        0.124    23.526 r  scheduled_task_valid_delayed_i_4/O
                         net (fo=1, unplaced)         0.449    23.975    task_queue
                         LUT6 (Prop_lut6_I3_O)        0.124    24.099 r  scheduled_task_valid_delayed_i_1/O
                         net (fo=61, unplaced)        0.560    24.659    scheduled_task_valid_delayed_i_1_n_0
                         FDCE                                         r  scheduled_burst_time_delayed_reg[0]/CE
  -------------------------------------------------------------------    -------------------

                         (clock clk rise edge)       10.000    10.000 r  
                                                      0.000    10.000 r  clk (IN)
                         net (fo=1049, unset)         0.924    10.924    clk
                         FDCE                                         r  scheduled_burst_time_delayed_reg[0]/C
                         clock pessimism              0.000    10.924    
                         clock uncertainty           -0.035    10.889    
                         FDCE (Setup_fdce_C_CE)      -0.202    10.687    scheduled_burst_time_delayed_reg[0]
  -------------------------------------------------------------------
                         required time                         10.687    
                         arrival time                         -24.659    
  -------------------------------------------------------------------
                         slack                                -13.972    





Min Delay Paths
--------------------------------------------------------------------------------------
Slack (MET) :             0.299ns  (arrival time - required time)
  Source:                 num_tasks_reg[0]/C
                            (rising edge-triggered cell FDCE clocked by clk  {rise@0.000ns fall@5.000ns period=10.000ns})
  Destination:            num_tasks_reg[0]/D
                            (rising edge-triggered cell FDCE clocked by clk  {rise@0.000ns fall@5.000ns period=10.000ns})
  Path Group:             clk
  Path Type:              Hold (Min at Fast Process Corner)
  Requirement:            0.000ns  (clk rise@0.000ns - clk rise@0.000ns)
  Data Path Delay:        0.419ns  (logic 0.245ns (58.460%)  route 0.174ns (41.540%))
  Logic Levels:           1  (LUT1=1)
  Clock Path Skew:        0.022ns (DCD - SCD - CPR)
    Destination Clock Delay (DCD):    0.432ns
    Source Clock Delay      (SCD):    0.410ns
    Clock Pessimism Removal (CPR):    -0.000ns

    Location             Delay type                Incr(ns)  Path(ns)    Netlist Resource(s)
  -------------------------------------------------------------------    -------------------
                         (clock clk rise edge)        0.000     0.000 r  
                                                      0.000     0.000 r  clk (IN)
                         net (fo=1049, unset)         0.410     0.410    clk
                         FDCE                                         r  num_tasks_reg[0]/C
  -------------------------------------------------------------------    -------------------
                         FDCE (Prop_fdce_C_Q)         0.147     0.557 f  num_tasks_reg[0]/Q
                         net (fo=112, unplaced)       0.174     0.731    queue_count[0]
                         LUT1 (Prop_lut1_I0_O)        0.098     0.829 r  num_tasks[0]_i_1/O
                         net (fo=1, unplaced)         0.000     0.829    num_tasks[0]_i_1_n_0
                         FDCE                                         r  num_tasks_reg[0]/D
  -------------------------------------------------------------------    -------------------

                         (clock clk rise edge)        0.000     0.000 r  
                                                      0.000     0.000 r  clk (IN)
                         net (fo=1049, unset)         0.432     0.432    clk
                         FDCE                                         r  num_tasks_reg[0]/C
                         clock pessimism              0.000     0.432    
                         FDCE (Hold_fdce_C_D)         0.099     0.531    num_tasks_reg[0]
  -------------------------------------------------------------------
                         required time                         -0.531    
                         arrival time                           0.829    
  -------------------------------------------------------------------
                         slack                                  0.299    





Pulse Width Checks
--------------------------------------------------------------------------------------
Clock Name:         clk
Waveform(ns):       { 0.000 5.000 }
Period(ns):         10.000
Sources:            { clk }

Check Type        Corner  Lib Pin  Reference Pin  Required(ns)  Actual(ns)  Slack(ns)  Location  Pin
Min Period        n/a     FDCE/C   n/a            1.000         10.000      9.000                num_tasks_reg[0]/C
Low Pulse Width   Slow    FDCE/C   n/a            0.500         5.000       4.500                num_tasks_reg[0]/C
High Pulse Width  Slow    FDCE/C   n/a            0.500         5.000       4.500                num_tasks_reg[0]/C



