
****** Vivado v2025.2 (64-bit)
  **** SW Build 6299465 on Fri Nov 14 12:34:56 MST 2025
  **** IP Build 6300035 on Fri Nov 14 10:48:45 MST 2025
  **** SharedData Build 6298862 on Thu Nov 13 04:50:51 MST 2025
  **** Start of session at: Thu Jul 30 11:33:12 2026
    ** Copyright 1986-2022 Xilinx, Inc. All Rights Reserved.
    ** Copyright 2022-2025 Advanced Micro Devices, Inc. All Rights Reserved.

source run.tcl
# create_project -part xc7a100tcsg324-1 -in_memory mem_probe
create_project: Time (s): cpu = 00:00:20 ; elapsed = 00:00:07 . Memory (MB): peak = 1648.312 ; gain = 216.059 ; free physical = 4271 ; free virtual = 13477
# read_verilog -sv scratchpad_ram.sv axi_read_adapter.sv stamp_based_memory_controller.sv stamp_memory_backend.sv paged_memory_backend.sv
# read_verilog paged_table.v
# read_xdc c.xdc
# synth_design -top scratchpad_ram -part xc7a100tcsg324-1 -mode out_of_context -generic {NUM_BANKS=1}
Command: synth_design -top scratchpad_ram -part xc7a100tcsg324-1 -mode out_of_context -generic NUM_BANKS=1
Starting synth_design
Attempting to get a license for feature 'Synthesis' and/or device 'xc7a100t'
INFO: [Common 17-349] Got license for feature 'Synthesis' and/or device 'xc7a100t'
INFO: [Device 21-403] Loading part xc7a100tcsg324-1
INFO: [Synth 8-7079] Multithreading enabled for synth_design using a maximum of 7 processes.
INFO: [Synth 8-7078] Launching helper process for spawning children vivado processes
INFO: [Synth 8-7075] Helper process launched with PID 7503
---------------------------------------------------------------------------------
Starting RTL Elaboration : Time (s): cpu = 00:00:06 ; elapsed = 00:00:07 . Memory (MB): peak = 2275.617 ; gain = 482.188 ; free physical = 3235 ; free virtual = 12477
---------------------------------------------------------------------------------
INFO: [Synth 8-6157] synthesizing module 'scratchpad_ram' [/tmp/mem_synth_spad_b1_mtlf_8ux/scratchpad_ram.sv:27]
	Parameter NUM_BANKS bound to: 32'sb00000000000000000000000000000001 
INFO: [Synth 8-6155] done synthesizing module 'scratchpad_ram' (0#1) [/tmp/mem_synth_spad_b1_mtlf_8ux/scratchpad_ram.sv:27]
WARNING: [Synth 8-4767] Trying to implement RAM ' ' in registers. Block RAM or DRAM implementation is not possible; see log for reasons. [/tmp/mem_synth_spad_b1_mtlf_8ux/scratchpad_ram.sv:77]
	1: RAM has multiple writes via different ports in same process. If RAM inferencing intended, write to one port per process. 
	2: Invalid write to RAM. 
	3: Invalid write to RAM. 
	4: Invalid write to RAM. 
	5: Unable to determine number of words or word size in RAM. 
	6: No valid clock found for write to RAM. 
WARNING: [Synth 8-4767] Trying to implement RAM 'g_flat.mem_reg' in registers. Block RAM or DRAM implementation is not possible; see log for reasons. [/tmp/mem_synth_spad_b1_mtlf_8ux/scratchpad_ram.sv:77]
Reason is one or more of the following :
	1: RAM has multiple writes via different ports in same process. If RAM inferencing intended, write to one port per process. 
	2: Invalid write to RAM. 
	3: Invalid write to RAM. 
	4: No valid clock found for write to RAM. 
---------------------------------------------------------------------------------
Finished RTL Elaboration : Time (s): cpu = 00:00:09 ; elapsed = 00:00:10 . Memory (MB): peak = 2415.586 ; gain = 622.156 ; free physical = 3039 ; free virtual = 12332
---------------------------------------------------------------------------------
RTL Elaboration failed
INFO: [Common 17-83] Releasing license: Synthesis
8 Infos, 2 Warnings, 0 Critical Warnings and 2 Errors encountered.
synth_design failed
synth_design: Time (s): cpu = 00:00:13 ; elapsed = 00:00:15 . Memory (MB): peak = 2415.594 ; gain = 767.281 ; free physical = 3039 ; free virtual = 12333
INFO: [Common 17-2834] synth_design peak Physical Memory [PSS] (MB): overall = 2012.051; main = 1658.110; forked = 353.940
INFO: [Common 17-2834] synth_design peak Virtual Memory [VSS] (MB): overall = 3409.797; main = 2415.590; forked = 994.207
INFO: [Common 17-206] Exiting Vivado at Thu Jul 30 11:33:42 2026...
ERROR: [Synth 8-3391] Unable to infer a block/distributed RAM for 'g_flat.mem_reg' because the memory pattern used is not supported. Failed to dissolve the memory into bits because the number of bits (131072) is too large. Use 'set_param synth.elaboration.rodinMoreOptions {rt::set_parameter dissolveMemorySizeLimit 131072}' to allow the memory to be dissolved into individual bits
ERROR: [Common 17-69] Command failed: Synthesis failed - please see the console or run log file for details
