
****** Vivado v2025.2 (64-bit)
  **** SW Build 6299465 on Fri Nov 14 12:34:56 MST 2025
  **** IP Build 6300035 on Fri Nov 14 10:48:45 MST 2025
  **** SharedData Build 6298862 on Thu Nov 13 04:50:51 MST 2025
  **** Start of session at: Thu Jul 30 11:48:38 2026
    ** Copyright 1986-2022 Xilinx, Inc. All Rights Reserved.
    ** Copyright 2022-2025 Advanced Micro Devices, Inc. All Rights Reserved.

source run.tcl
# create_project -part xc7a100tcsg324-1 -in_memory mem_probe
create_project: Time (s): cpu = 00:00:22 ; elapsed = 00:00:10 . Memory (MB): peak = 1621.504 ; gain = 83.059 ; free physical = 8578 ; free virtual = 13096
# read_verilog -sv scratchpad_ram.sv axi_read_adapter.sv stamp_based_memory_controller.sv stamp_memory_backend.sv paged_memory_backend.sv
# read_verilog paged_table.v
# read_xdc c.xdc
# synth_design -top scratchpad_ram -part xc7a100tcsg324-1 -mode out_of_context -generic {NUM_BANKS=4}
Command: synth_design -top scratchpad_ram -part xc7a100tcsg324-1 -mode out_of_context -generic NUM_BANKS=4
Starting synth_design
Attempting to get a license for feature 'Synthesis' and/or device 'xc7a100t'
INFO: [Common 17-349] Got license for feature 'Synthesis' and/or device 'xc7a100t'
INFO: [Device 21-403] Loading part xc7a100tcsg324-1
INFO: [Synth 8-7079] Multithreading enabled for synth_design using a maximum of 7 processes.
INFO: [Synth 8-7078] Launching helper process for spawning children vivado processes
INFO: [Synth 8-7075] Helper process launched with PID 9793
