#
# An unexpected error has occurred (6) Aborted
#
Stack:
/lib/x86_64-linux-gnu/libc.so.6(+0x45330) [0x723853245330]
/lib/x86_64-linux-gnu/libc.so.6(pthread_kill+0x11c) [0x72385329eb2c]
/lib/x86_64-linux-gnu/libc.so.6(gsignal+0x1e) [0x72385324527e]
/lib/x86_64-linux-gnu/libc.so.6(abort+0xdf) [0x7238532288ff]
/FYP_Vivado/2025.2/Vivado/lib/lnx64.o/Ubuntu/24/libstdc++.so.6(+0xa5ff5) [0x723853aa5ff5]
/FYP_Vivado/2025.2/Vivado/lib/lnx64.o/Ubuntu/24/libstdc++.so.6(+0xbb0da) [0x723853abb0da]
/FYP_Vivado/2025.2/Vivado/lib/lnx64.o/Ubuntu/24/libstdc++.so.6(_ZSt10unexpectedv+0) [0x723853aa5a55]
/FYP_Vivado/2025.2/Vivado/lib/lnx64.o/libxv_common.so(hdi::tcltasks::detail::collection_wrapper_base::~collection_wrapper_base()+0x27f) [0x72385e9ff6f5]
/FYP_Vivado/2025.2/Vivado/lib/lnx64.o/libxv_common.so(+0x7118d5) [0x72385eb118d5]
/FYP_Vivado/2025.2/Vivado/lib/lnx64.o/libxv_common.so(hdi::tcltasks::detail::collection_wrapper_base::decr_ref() const+0x27) [0x72385e9fc7db]
/FYP_Vivado/2025.2/Vivado/lib/lnx64.o/libxv_tcltasks.so(+0x1109c78) [0x72384d509c78]
/FYP_Vivado/2025.2/Vivado/lib/lnx64.o/libxv_tcltasks.so(+0x1104212) [0x72384d504212]
/FYP_Vivado/2025.2/Vivado/lib/lnx64.o/libxv_tcltasks.so(+0x1104261) [0x72384d504261]
/FYP_Vivado/2025.2/Vivado/lib/lnx64.o/libboost_program_options.so.1.72.0(boost::program_options::option_description::~option_description()+0xd1) [0x72385dfccbe1]
/FYP_Vivado/2025.2/Vivado/lib/lnx64.o/libboost_program_options.so.1.72.0(boost::program_options::option_description::~option_description()+0x11) [0x72385dfccc31]
/FYP_Vivado/2025.2/Vivado/lib/lnx64.o/libxv_common.so(boost::detail::sp_counted_impl_p<boost::program_options::option_description>::dispose()+0x13) [0x72385ecf3d3b]
/FYP_Vivado/2025.2/Vivado/lib/lnx64.o/libxv_common.so(+0x42fc24) [0x72385e82fc24]
/FYP_Vivado/2025.2/Vivado/lib/lnx64.o/libxv_common.so(hdi::tcltasks::options_description::~options_description()+0xe1) [0x72385eda9bb3]
/lib/x86_64-linux-gnu/libc.so.6(+0x47a76) [0x723853247a76]
/lib/x86_64-linux-gnu/libc.so.6(+0x47bbe) [0x723853247bbe]
/FYP_Vivado/2025.2/Vivado/lib/lnx64.o/libxv_synth.so(HARTSInfo::periodicalDetect()+0xfb) [0x72384216c8eb]
/FYP_Vivado/2025.2/Vivado/lib/lnx64.o/libxv_common.so(std::thread::_State_impl<std::thread::_Invoker<std::tuple<void (*)()> > >::_M_run()+0x7) [0x72385ec19fbf]
/FYP_Vivado/2025.2/Vivado/lib/lnx64.o/Ubuntu/24/libstdc++.so.6(+0xecdb4) [0x723853aecdb4]
/lib/x86_64-linux-gnu/libc.so.6(+0x9caa4) [0x72385329caa4]
/lib/x86_64-linux-gnu/libc.so.6(+0x129c6c) [0x723853329c6c]
