#
# An unexpected error has occurred (6) Aborted
#
Stack:
/lib/x86_64-linux-gnu/libc.so.6(+0x45330) [0x7a7b23245330]
/lib/x86_64-linux-gnu/libc.so.6(pthread_kill+0x11c) [0x7a7b2329eb2c]
/lib/x86_64-linux-gnu/libc.so.6(gsignal+0x1e) [0x7a7b2324527e]
/lib/x86_64-linux-gnu/libc.so.6(abort+0xdf) [0x7a7b232288ff]
/FYP_Vivado/2025.2/Vivado/lib/lnx64.o/Ubuntu/24/libstdc++.so.6(+0xa5ff5) [0x7a7b23aa5ff5]
/FYP_Vivado/2025.2/Vivado/lib/lnx64.o/Ubuntu/24/libstdc++.so.6(+0xbb0da) [0x7a7b23abb0da]
/FYP_Vivado/2025.2/Vivado/lib/lnx64.o/Ubuntu/24/libstdc++.so.6(_ZSt10unexpectedv+0) [0x7a7b23aa5a55]
/FYP_Vivado/2025.2/Vivado/lib/lnx64.o/libxv_common.so(hdi::tcltasks::detail::collection_wrapper_base::~collection_wrapper_base()+0x27f) [0x7a7b2e9ff6f5]
/FYP_Vivado/2025.2/Vivado/lib/lnx64.o/libxv_common.so(+0x7118d5) [0x7a7b2eb118d5]
/FYP_Vivado/2025.2/Vivado/lib/lnx64.o/libxv_common.so(hdi::tcltasks::detail::collection_wrapper_base::decr_ref() const+0x27) [0x7a7b2e9fc7db]
/FYP_Vivado/2025.2/Vivado/lib/lnx64.o/libxv_tcltasks.so(+0x1109c78) [0x7a7b1d509c78]
/FYP_Vivado/2025.2/Vivado/lib/lnx64.o/libxv_tcltasks.so(+0x1104212) [0x7a7b1d504212]
/FYP_Vivado/2025.2/Vivado/lib/lnx64.o/libxv_tcltasks.so(+0x1104261) [0x7a7b1d504261]
/FYP_Vivado/2025.2/Vivado/lib/lnx64.o/libboost_program_options.so.1.72.0(boost::program_options::option_description::~option_description()+0xd1) [0x7a7b2e337be1]
/FYP_Vivado/2025.2/Vivado/lib/lnx64.o/libboost_program_options.so.1.72.0(boost::program_options::option_description::~option_description()+0x11) [0x7a7b2e337c31]
/FYP_Vivado/2025.2/Vivado/lib/lnx64.o/libxv_common.so(boost::detail::sp_counted_impl_p<boost::program_options::option_description>::dispose()+0x13) [0x7a7b2ecf3d3b]
/FYP_Vivado/2025.2/Vivado/lib/lnx64.o/libxv_common.so(+0x42fc24) [0x7a7b2e82fc24]
/FYP_Vivado/2025.2/Vivado/lib/lnx64.o/libxv_common.so(hdi::tcltasks::options_description::~options_description()+0xe1) [0x7a7b2eda9bb3]
/lib/x86_64-linux-gnu/libc.so.6(+0x47a76) [0x7a7b23247a76]
/lib/x86_64-linux-gnu/libc.so.6(+0x47bbe) [0x7a7b23247bbe]
/FYP_Vivado/2025.2/Vivado/lib/lnx64.o/libxv_synth.so(HARTSInfo::periodicalDetect()+0xfb) [0x7a7b1216c8eb]
/FYP_Vivado/2025.2/Vivado/lib/lnx64.o/libxv_common.so(std::thread::_State_impl<std::thread::_Invoker<std::tuple<void (*)()> > >::_M_run()+0x7) [0x7a7b2ec19fbf]
/FYP_Vivado/2025.2/Vivado/lib/lnx64.o/Ubuntu/24/libstdc++.so.6(+0xecdb4) [0x7a7b23aecdb4]
/lib/x86_64-linux-gnu/libc.so.6(+0x9caa4) [0x7a7b2329caa4]
/lib/x86_64-linux-gnu/libc.so.6(+0x129c6c) [0x7a7b23329c6c]
