
****** Vivado v2025.2 (64-bit)
  **** SW Build 6299465 on Fri Nov 14 12:34:56 MST 2025
  **** IP Build 6300035 on Fri Nov 14 10:48:45 MST 2025
  **** SharedData Build 6298862 on Thu Nov 13 04:50:51 MST 2025
  **** Start of session at: Fri Aug  7 00:47:48 2026
    ** Copyright 1986-2022 Xilinx, Inc. All Rights Reserved.
    ** Copyright 2022-2025 Advanced Micro Devices, Inc. All Rights Reserved.

source probe.tcl
# create_project -in_memory -part xczu7ev-ffvc1156-2-e
# read_verilog -sv ../../../sim_framework/rtl/memory/stamp_based_memory_controller.sv
# synth_design -top stamp_based_memory_controller -part xczu7ev-ffvc1156-2-e -mode out_of_context -no_iobuf
Command: synth_design -top stamp_based_memory_controller -part xczu7ev-ffvc1156-2-e -mode out_of_context -no_iobuf
Starting synth_design
Attempting to get a license for feature 'Synthesis' and/or device 'xczu7ev'
INFO: [Common 17-349] Got license for feature 'Synthesis' and/or device 'xczu7ev'
INFO: [Synth 8-7079] Multithreading enabled for synth_design using a maximum of 7 processes.
INFO: [Synth 8-7078] Launching helper process for spawning children vivado processes
INFO: [Synth 8-7075] Helper process launched with PID 12438
---------------------------------------------------------------------------------
Starting Synthesize : Time (s): cpu = 00:00:04 ; elapsed = 00:00:04 . Memory (MB): peak = 2064.785 ; gain = 435.953 ; free physical = 10720 ; free virtual = 15196
---------------------------------------------------------------------------------
INFO: [Synth 8-6157] synthesizing module 'stamp_based_memory_controller' [/home/lahiruni/Downloads/Quadramind_DNN_Accelerator-fix-chooser-accuracy/Integrated_Simulator_Backup_updated/sim_framework/rtl/memory/stamp_based_memory_controller.sv:3]
INFO: [Synth 8-155] case statement is not full and has no default [/home/lahiruni/Downloads/Quadramind_DNN_Accelerator-fix-chooser-accuracy/Integrated_Simulator_Backup_updated/sim_framework/rtl/memory/stamp_based_memory_controller.sv:140]
INFO: [Synth 8-155] case statement is not full and has no default [/home/lahiruni/Downloads/Quadramind_DNN_Accelerator-fix-chooser-accuracy/Integrated_Simulator_Backup_updated/sim_framework/rtl/memory/stamp_based_memory_controller.sv:323]
INFO: [Synth 8-6155] done synthesizing module 'stamp_based_memory_controller' (0#1) [/home/lahiruni/Downloads/Quadramind_DNN_Accelerator-fix-chooser-accuracy/Integrated_Simulator_Backup_updated/sim_framework/rtl/memory/stamp_based_memory_controller.sv:3]
WARNING: [Synth 8-11357] Potential Runtime issue for 3D-RAM or RAM from Record/Structs for RAM  metadata_ram_reg with 30720 registers
WARNING: [Synth 8-6014] Unused sequential element metadata_ram_reg[0][tile_id] was removed.  [/home/lahiruni/Downloads/Quadramind_DNN_Accelerator-fix-chooser-accuracy/Integrated_Simulator_Backup_updated/sim_framework/rtl/memory/stamp_based_memory_controller.sv:81]
WARNING: [Synth 8-6014] Unused sequential element metadata_ram_reg[1][tile_id] was removed.  [/home/lahiruni/Downloads/Quadramind_DNN_Accelerator-fix-chooser-accuracy/Integrated_Simulator_Backup_updated/sim_framework/rtl/memory/stamp_based_memory_controller.sv:81]
WARNING: [Synth 8-6014] Unused sequential element metadata_ram_reg[2][tile_id] was removed.  [/home/lahiruni/Downloads/Quadramind_DNN_Accelerator-fix-chooser-accuracy/Integrated_Simulator_Backup_updated/sim_framework/rtl/memory/stamp_based_memory_controller.sv:81]
WARNING: [Synth 8-6014] Unused sequential element metadata_ram_reg[3][tile_id] was removed.  [/home/lahiruni/Downloads/Quadramind_DNN_Accelerator-fix-chooser-accuracy/Integrated_Simulator_Backup_updated/sim_framework/rtl/memory/stamp_based_memory_controller.sv:81]
WARNING: [Synth 8-6014] Unused sequential element metadata_ram_reg[4][tile_id] was removed.  [/home/lahiruni/Downloads/Quadramind_DNN_Accelerator-fix-chooser-accuracy/Integrated_Simulator_Backup_updated/sim_framework/rtl/memory/stamp_based_memory_controller.sv:81]
WARNING: [Synth 8-6014] Unused sequential element metadata_ram_reg[5][tile_id] was removed.  [/home/lahiruni/Downloads/Quadramind_DNN_Accelerator-fix-chooser-accuracy/Integrated_Simulator_Backup_updated/sim_framework/rtl/memory/stamp_based_memory_controller.sv:81]
WARNING: [Synth 8-6014] Unused sequential element metadata_ram_reg[6][tile_id] was removed.  [/home/lahiruni/Downloads/Quadramind_DNN_Accelerator-fix-chooser-accuracy/Integrated_Simulator_Backup_updated/sim_framework/rtl/memory/stamp_based_memory_controller.sv:81]
WARNING: [Synth 8-6014] Unused sequential element metadata_ram_reg[7][tile_id] was removed.  [/home/lahiruni/Downloads/Quadramind_DNN_Accelerator-fix-chooser-accuracy/Integrated_Simulator_Backup_updated/sim_framework/rtl/memory/stamp_based_memory_controller.sv:81]
WARNING: [Synth 8-6014] Unused sequential element metadata_ram_reg[8][tile_id] was removed.  [/home/lahiruni/Downloads/Quadramind_DNN_Accelerator-fix-chooser-accuracy/Integrated_Simulator_Backup_updated/sim_framework/rtl/memory/stamp_based_memory_controller.sv:81]
WARNING: [Synth 8-6014] Unused sequential element metadata_ram_reg[9][tile_id] was removed.  [/home/lahiruni/Downloads/Quadramind_DNN_Accelerator-fix-chooser-accuracy/Integrated_Simulator_Backup_updated/sim_framework/rtl/memory/stamp_based_memory_controller.sv:81]
WARNING: [Synth 8-6014] Unused sequential element metadata_ram_reg[10][tile_id] was removed.  [/home/lahiruni/Downloads/Quadramind_DNN_Accelerator-fix-chooser-accuracy/Integrated_Simulator_Backup_updated/sim_framework/rtl/memory/stamp_based_memory_controller.sv:81]
WARNING: [Synth 8-6014] Unused sequential element metadata_ram_reg[11][tile_id] was removed.  [/home/lahiruni/Downloads/Quadramind_DNN_Accelerator-fix-chooser-accuracy/Integrated_Simulator_Backup_updated/sim_framework/rtl/memory/stamp_based_memory_controller.sv:81]
WARNING: [Synth 8-6014] Unused sequential element metadata_ram_reg[12][tile_id] was removed.  [/home/lahiruni/Downloads/Quadramind_DNN_Accelerator-fix-chooser-accuracy/Integrated_Simulator_Backup_updated/sim_framework/rtl/memory/stamp_based_memory_controller.sv:81]
WARNING: [Synth 8-6014] Unused sequential element metadata_ram_reg[13][tile_id] was removed.  [/home/lahiruni/Downloads/Quadramind_DNN_Accelerator-fix-chooser-accuracy/Integrated_Simulator_Backup_updated/sim_framework/rtl/memory/stamp_based_memory_controller.sv:81]
WARNING: [Synth 8-6014] Unused sequential element metadata_ram_reg[14][tile_id] was removed.  [/home/lahiruni/Downloads/Quadramind_DNN_Accelerator-fix-chooser-accuracy/Integrated_Simulator_Backup_updated/sim_framework/rtl/memory/stamp_based_memory_controller.sv:81]
WARNING: [Synth 8-6014] Unused sequential element metadata_ram_reg[15][tile_id] was removed.  [/home/lahiruni/Downloads/Quadramind_DNN_Accelerator-fix-chooser-accuracy/Integrated_Simulator_Backup_updated/sim_framework/rtl/memory/stamp_based_memory_controller.sv:81]
WARNING: [Synth 8-6014] Unused sequential element metadata_ram_reg[16][tile_id] was removed.  [/home/lahiruni/Downloads/Quadramind_DNN_Accelerator-fix-chooser-accuracy/Integrated_Simulator_Backup_updated/sim_framework/rtl/memory/stamp_based_memory_controller.sv:81]
WARNING: [Synth 8-6014] Unused sequential element metadata_ram_reg[17][tile_id] was removed.  [/home/lahiruni/Downloads/Quadramind_DNN_Accelerator-fix-chooser-accuracy/Integrated_Simulator_Backup_updated/sim_framework/rtl/memory/stamp_based_memory_controller.sv:81]
WARNING: [Synth 8-6014] Unused sequential element metadata_ram_reg[18][tile_id] was removed.  [/home/lahiruni/Downloads/Quadramind_DNN_Accelerator-fix-chooser-accuracy/Integrated_Simulator_Backup_updated/sim_framework/rtl/memory/stamp_based_memory_controller.sv:81]
WARNING: [Synth 8-6014] Unused sequential element metadata_ram_reg[19][tile_id] was removed.  [/home/lahiruni/Downloads/Quadramind_DNN_Accelerator-fix-chooser-accuracy/Integrated_Simulator_Backup_updated/sim_framework/rtl/memory/stamp_based_memory_controller.sv:81]
WARNING: [Synth 8-6014] Unused sequential element metadata_ram_reg[20][tile_id] was removed.  [/home/lahiruni/Downloads/Quadramind_DNN_Accelerator-fix-chooser-accuracy/Integrated_Simulator_Backup_updated/sim_framework/rtl/memory/stamp_based_memory_controller.sv:81]
WARNING: [Synth 8-6014] Unused sequential element metadata_ram_reg[21][tile_id] was removed.  [/home/lahiruni/Downloads/Quadramind_DNN_Accelerator-fix-chooser-accuracy/Integrated_Simulator_Backup_updated/sim_framework/rtl/memory/stamp_based_memory_controller.sv:81]
WARNING: [Synth 8-6014] Unused sequential element metadata_ram_reg[22][tile_id] was removed.  [/home/lahiruni/Downloads/Quadramind_DNN_Accelerator-fix-chooser-accuracy/Integrated_Simulator_Backup_updated/sim_framework/rtl/memory/stamp_based_memory_controller.sv:81]
WARNING: [Synth 8-6014] Unused sequential element metadata_ram_reg[23][tile_id] was removed.  [/home/lahiruni/Downloads/Quadramind_DNN_Accelerator-fix-chooser-accuracy/Integrated_Simulator_Backup_updated/sim_framework/rtl/memory/stamp_based_memory_controller.sv:81]
WARNING: [Synth 8-6014] Unused sequential element metadata_ram_reg[24][tile_id] was removed.  [/home/lahiruni/Downloads/Quadramind_DNN_Accelerator-fix-chooser-accuracy/Integrated_Simulator_Backup_updated/sim_framework/rtl/memory/stamp_based_memory_controller.sv:81]
WARNING: [Synth 8-6014] Unused sequential element metadata_ram_reg[25][tile_id] was removed.  [/home/lahiruni/Downloads/Quadramind_DNN_Accelerator-fix-chooser-accuracy/Integrated_Simulator_Backup_updated/sim_framework/rtl/memory/stamp_based_memory_controller.sv:81]
WARNING: [Synth 8-6014] Unused sequential element metadata_ram_reg[26][tile_id] was removed.  [/home/lahiruni/Downloads/Quadramind_DNN_Accelerator-fix-chooser-accuracy/Integrated_Simulator_Backup_updated/sim_framework/rtl/memory/stamp_based_memory_controller.sv:81]
WARNING: [Synth 8-6014] Unused sequential element metadata_ram_reg[27][tile_id] was removed.  [/home/lahiruni/Downloads/Quadramind_DNN_Accelerator-fix-chooser-accuracy/Integrated_Simulator_Backup_updated/sim_framework/rtl/memory/stamp_based_memory_controller.sv:81]
WARNING: [Synth 8-6014] Unused sequential element metadata_ram_reg[28][tile_id] was removed.  [/home/lahiruni/Downloads/Quadramind_DNN_Accelerator-fix-chooser-accuracy/Integrated_Simulator_Backup_updated/sim_framework/rtl/memory/stamp_based_memory_controller.sv:81]
WARNING: [Synth 8-6014] Unused sequential element metadata_ram_reg[29][tile_id] was removed.  [/home/lahiruni/Downloads/Quadramind_DNN_Accelerator-fix-chooser-accuracy/Integrated_Simulator_Backup_updated/sim_framework/rtl/memory/stamp_based_memory_controller.sv:81]
WARNING: [Synth 8-6014] Unused sequential element metadata_ram_reg[30][tile_id] was removed.  [/home/lahiruni/Downloads/Quadramind_DNN_Accelerator-fix-chooser-accuracy/Integrated_Simulator_Backup_updated/sim_framework/rtl/memory/stamp_based_memory_controller.sv:81]
WARNING: [Synth 8-6014] Unused sequential element metadata_ram_reg[31][tile_id] was removed.  [/home/lahiruni/Downloads/Quadramind_DNN_Accelerator-fix-chooser-accuracy/Integrated_Simulator_Backup_updated/sim_framework/rtl/memory/stamp_based_memory_controller.sv:81]
WARNING: [Synth 8-6014] Unused sequential element metadata_ram_reg[32][tile_id] was removed.  [/home/lahiruni/Downloads/Quadramind_DNN_Accelerator-fix-chooser-accuracy/Integrated_Simulator_Backup_updated/sim_framework/rtl/memory/stamp_based_memory_controller.sv:81]
WARNING: [Synth 8-6014] Unused sequential element metadata_ram_reg[33][tile_id] was removed.  [/home/lahiruni/Downloads/Quadramind_DNN_Accelerator-fix-chooser-accuracy/Integrated_Simulator_Backup_updated/sim_framework/rtl/memory/stamp_based_memory_controller.sv:81]
WARNING: [Synth 8-6014] Unused sequential element metadata_ram_reg[34][tile_id] was removed.  [/home/lahiruni/Downloads/Quadramind_DNN_Accelerator-fix-chooser-accuracy/Integrated_Simulator_Backup_updated/sim_framework/rtl/memory/stamp_based_memory_controller.sv:81]
WARNING: [Synth 8-6014] Unused sequential element metadata_ram_reg[35][tile_id] was removed.  [/home/lahiruni/Downloads/Quadramind_DNN_Accelerator-fix-chooser-accuracy/Integrated_Simulator_Backup_updated/sim_framework/rtl/memory/stamp_based_memory_controller.sv:81]
WARNING: [Synth 8-6014] Unused sequential element metadata_ram_reg[36][tile_id] was removed.  [/home/lahiruni/Downloads/Quadramind_DNN_Accelerator-fix-chooser-accuracy/Integrated_Simulator_Backup_updated/sim_framework/rtl/memory/stamp_based_memory_controller.sv:81]
WARNING: [Synth 8-6014] Unused sequential element metadata_ram_reg[37][tile_id] was removed.  [/home/lahiruni/Downloads/Quadramind_DNN_Accelerator-fix-chooser-accuracy/Integrated_Simulator_Backup_updated/sim_framework/rtl/memory/stamp_based_memory_controller.sv:81]
WARNING: [Synth 8-6014] Unused sequential element metadata_ram_reg[38][tile_id] was removed.  [/home/lahiruni/Downloads/Quadramind_DNN_Accelerator-fix-chooser-accuracy/Integrated_Simulator_Backup_updated/sim_framework/rtl/memory/stamp_based_memory_controller.sv:81]
WARNING: [Synth 8-6014] Unused sequential element metadata_ram_reg[39][tile_id] was removed.  [/home/lahiruni/Downloads/Quadramind_DNN_Accelerator-fix-chooser-accuracy/Integrated_Simulator_Backup_updated/sim_framework/rtl/memory/stamp_based_memory_controller.sv:81]
WARNING: [Synth 8-6014] Unused sequential element metadata_ram_reg[40][tile_id] was removed.  [/home/lahiruni/Downloads/Quadramind_DNN_Accelerator-fix-chooser-accuracy/Integrated_Simulator_Backup_updated/sim_framework/rtl/memory/stamp_based_memory_controller.sv:81]
WARNING: [Synth 8-6014] Unused sequential element metadata_ram_reg[41][tile_id] was removed.  [/home/lahiruni/Downloads/Quadramind_DNN_Accelerator-fix-chooser-accuracy/Integrated_Simulator_Backup_updated/sim_framework/rtl/memory/stamp_based_memory_controller.sv:81]
WARNING: [Synth 8-6014] Unused sequential element metadata_ram_reg[42][tile_id] was removed.  [/home/lahiruni/Downloads/Quadramind_DNN_Accelerator-fix-chooser-accuracy/Integrated_Simulator_Backup_updated/sim_framework/rtl/memory/stamp_based_memory_controller.sv:81]
WARNING: [Synth 8-6014] Unused sequential element metadata_ram_reg[43][tile_id] was removed.  [/home/lahiruni/Downloads/Quadramind_DNN_Accelerator-fix-chooser-accuracy/Integrated_Simulator_Backup_updated/sim_framework/rtl/memory/stamp_based_memory_controller.sv:81]
WARNING: [Synth 8-6014] Unused sequential element metadata_ram_reg[44][tile_id] was removed.  [/home/lahiruni/Downloads/Quadramind_DNN_Accelerator-fix-chooser-accuracy/Integrated_Simulator_Backup_updated/sim_framework/rtl/memory/stamp_based_memory_controller.sv:81]
WARNING: [Synth 8-6014] Unused sequential element metadata_ram_reg[45][tile_id] was removed.  [/home/lahiruni/Downloads/Quadramind_DNN_Accelerator-fix-chooser-accuracy/Integrated_Simulator_Backup_updated/sim_framework/rtl/memory/stamp_based_memory_controller.sv:81]
WARNING: [Synth 8-6014] Unused sequential element metadata_ram_reg[46][tile_id] was removed.  [/home/lahiruni/Downloads/Quadramind_DNN_Accelerator-fix-chooser-accuracy/Integrated_Simulator_Backup_updated/sim_framework/rtl/memory/stamp_based_memory_controller.sv:81]
WARNING: [Synth 8-6014] Unused sequential element metadata_ram_reg[47][tile_id] was removed.  [/home/lahiruni/Downloads/Quadramind_DNN_Accelerator-fix-chooser-accuracy/Integrated_Simulator_Backup_updated/sim_framework/rtl/memory/stamp_based_memory_controller.sv:81]
WARNING: [Synth 8-6014] Unused sequential element metadata_ram_reg[48][tile_id] was removed.  [/home/lahiruni/Downloads/Quadramind_DNN_Accelerator-fix-chooser-accuracy/Integrated_Simulator_Backup_updated/sim_framework/rtl/memory/stamp_based_memory_controller.sv:81]
WARNING: [Synth 8-6014] Unused sequential element metadata_ram_reg[49][tile_id] was removed.  [/home/lahiruni/Downloads/Quadramind_DNN_Accelerator-fix-chooser-accuracy/Integrated_Simulator_Backup_updated/sim_framework/rtl/memory/stamp_based_memory_controller.sv:81]
WARNING: [Synth 8-6014] Unused sequential element metadata_ram_reg[50][tile_id] was removed.  [/home/lahiruni/Downloads/Quadramind_DNN_Accelerator-fix-chooser-accuracy/Integrated_Simulator_Backup_updated/sim_framework/rtl/memory/stamp_based_memory_controller.sv:81]
WARNING: [Synth 8-6014] Unused sequential element metadata_ram_reg[51][tile_id] was removed.  [/home/lahiruni/Downloads/Quadramind_DNN_Accelerator-fix-chooser-accuracy/Integrated_Simulator_Backup_updated/sim_framework/rtl/memory/stamp_based_memory_controller.sv:81]
WARNING: [Synth 8-6014] Unused sequential element metadata_ram_reg[52][tile_id] was removed.  [/home/lahiruni/Downloads/Quadramind_DNN_Accelerator-fix-chooser-accuracy/Integrated_Simulator_Backup_updated/sim_framework/rtl/memory/stamp_based_memory_controller.sv:81]
WARNING: [Synth 8-6014] Unused sequential element metadata_ram_reg[53][tile_id] was removed.  [/home/lahiruni/Downloads/Quadramind_DNN_Accelerator-fix-chooser-accuracy/Integrated_Simulator_Backup_updated/sim_framework/rtl/memory/stamp_based_memory_controller.sv:81]
WARNING: [Synth 8-6014] Unused sequential element metadata_ram_reg[54][tile_id] was removed.  [/home/lahiruni/Downloads/Quadramind_DNN_Accelerator-fix-chooser-accuracy/Integrated_Simulator_Backup_updated/sim_framework/rtl/memory/stamp_based_memory_controller.sv:81]
WARNING: [Synth 8-6014] Unused sequential element metadata_ram_reg[55][tile_id] was removed.  [/home/lahiruni/Downloads/Quadramind_DNN_Accelerator-fix-chooser-accuracy/Integrated_Simulator_Backup_updated/sim_framework/rtl/memory/stamp_based_memory_controller.sv:81]
WARNING: [Synth 8-6014] Unused sequential element metadata_ram_reg[56][tile_id] was removed.  [/home/lahiruni/Downloads/Quadramind_DNN_Accelerator-fix-chooser-accuracy/Integrated_Simulator_Backup_updated/sim_framework/rtl/memory/stamp_based_memory_controller.sv:81]
WARNING: [Synth 8-6014] Unused sequential element metadata_ram_reg[57][tile_id] was removed.  [/home/lahiruni/Downloads/Quadramind_DNN_Accelerator-fix-chooser-accuracy/Integrated_Simulator_Backup_updated/sim_framework/rtl/memory/stamp_based_memory_controller.sv:81]
WARNING: [Synth 8-6014] Unused sequential element metadata_ram_reg[58][tile_id] was removed.  [/home/lahiruni/Downloads/Quadramind_DNN_Accelerator-fix-chooser-accuracy/Integrated_Simulator_Backup_updated/sim_framework/rtl/memory/stamp_based_memory_controller.sv:81]
WARNING: [Synth 8-6014] Unused sequential element metadata_ram_reg[59][tile_id] was removed.  [/home/lahiruni/Downloads/Quadramind_DNN_Accelerator-fix-chooser-accuracy/Integrated_Simulator_Backup_updated/sim_framework/rtl/memory/stamp_based_memory_controller.sv:81]
WARNING: [Synth 8-6014] Unused sequential element metadata_ram_reg[60][tile_id] was removed.  [/home/lahiruni/Downloads/Quadramind_DNN_Accelerator-fix-chooser-accuracy/Integrated_Simulator_Backup_updated/sim_framework/rtl/memory/stamp_based_memory_controller.sv:81]
WARNING: [Synth 8-6014] Unused sequential element metadata_ram_reg[61][tile_id] was removed.  [/home/lahiruni/Downloads/Quadramind_DNN_Accelerator-fix-chooser-accuracy/Integrated_Simulator_Backup_updated/sim_framework/rtl/memory/stamp_based_memory_controller.sv:81]
WARNING: [Synth 8-6014] Unused sequential element metadata_ram_reg[62][tile_id] was removed.  [/home/lahiruni/Downloads/Quadramind_DNN_Accelerator-fix-chooser-accuracy/Integrated_Simulator_Backup_updated/sim_framework/rtl/memory/stamp_based_memory_controller.sv:81]
WARNING: [Synth 8-6014] Unused sequential element metadata_ram_reg[63][tile_id] was removed.  [/home/lahiruni/Downloads/Quadramind_DNN_Accelerator-fix-chooser-accuracy/Integrated_Simulator_Backup_updated/sim_framework/rtl/memory/stamp_based_memory_controller.sv:81]
WARNING: [Synth 8-6014] Unused sequential element metadata_ram_reg[64][tile_id] was removed.  [/home/lahiruni/Downloads/Quadramind_DNN_Accelerator-fix-chooser-accuracy/Integrated_Simulator_Backup_updated/sim_framework/rtl/memory/stamp_based_memory_controller.sv:81]
WARNING: [Synth 8-6014] Unused sequential element metadata_ram_reg[65][tile_id] was removed.  [/home/lahiruni/Downloads/Quadramind_DNN_Accelerator-fix-chooser-accuracy/Integrated_Simulator_Backup_updated/sim_framework/rtl/memory/stamp_based_memory_controller.sv:81]
WARNING: [Synth 8-6014] Unused sequential element metadata_ram_reg[66][tile_id] was removed.  [/home/lahiruni/Downloads/Quadramind_DNN_Accelerator-fix-chooser-accuracy/Integrated_Simulator_Backup_updated/sim_framework/rtl/memory/stamp_based_memory_controller.sv:81]
WARNING: [Synth 8-6014] Unused sequential element metadata_ram_reg[67][tile_id] was removed.  [/home/lahiruni/Downloads/Quadramind_DNN_Accelerator-fix-chooser-accuracy/Integrated_Simulator_Backup_updated/sim_framework/rtl/memory/stamp_based_memory_controller.sv:81]
WARNING: [Synth 8-6014] Unused sequential element metadata_ram_reg[68][tile_id] was removed.  [/home/lahiruni/Downloads/Quadramind_DNN_Accelerator-fix-chooser-accuracy/Integrated_Simulator_Backup_updated/sim_framework/rtl/memory/stamp_based_memory_controller.sv:81]
WARNING: [Synth 8-6014] Unused sequential element metadata_ram_reg[69][tile_id] was removed.  [/home/lahiruni/Downloads/Quadramind_DNN_Accelerator-fix-chooser-accuracy/Integrated_Simulator_Backup_updated/sim_framework/rtl/memory/stamp_based_memory_controller.sv:81]
WARNING: [Synth 8-6014] Unused sequential element metadata_ram_reg[70][tile_id] was removed.  [/home/lahiruni/Downloads/Quadramind_DNN_Accelerator-fix-chooser-accuracy/Integrated_Simulator_Backup_updated/sim_framework/rtl/memory/stamp_based_memory_controller.sv:81]
WARNING: [Synth 8-6014] Unused sequential element metadata_ram_reg[71][tile_id] was removed.  [/home/lahiruni/Downloads/Quadramind_DNN_Accelerator-fix-chooser-accuracy/Integrated_Simulator_Backup_updated/sim_framework/rtl/memory/stamp_based_memory_controller.sv:81]
WARNING: [Synth 8-6014] Unused sequential element metadata_ram_reg[72][tile_id] was removed.  [/home/lahiruni/Downloads/Quadramind_DNN_Accelerator-fix-chooser-accuracy/Integrated_Simulator_Backup_updated/sim_framework/rtl/memory/stamp_based_memory_controller.sv:81]
WARNING: [Synth 8-6014] Unused sequential element metadata_ram_reg[73][tile_id] was removed.  [/home/lahiruni/Downloads/Quadramind_DNN_Accelerator-fix-chooser-accuracy/Integrated_Simulator_Backup_updated/sim_framework/rtl/memory/stamp_based_memory_controller.sv:81]
WARNING: [Synth 8-6014] Unused sequential element metadata_ram_reg[74][tile_id] was removed.  [/home/lahiruni/Downloads/Quadramind_DNN_Accelerator-fix-chooser-accuracy/Integrated_Simulator_Backup_updated/sim_framework/rtl/memory/stamp_based_memory_controller.sv:81]
WARNING: [Synth 8-6014] Unused sequential element metadata_ram_reg[75][tile_id] was removed.  [/home/lahiruni/Downloads/Quadramind_DNN_Accelerator-fix-chooser-accuracy/Integrated_Simulator_Backup_updated/sim_framework/rtl/memory/stamp_based_memory_controller.sv:81]
WARNING: [Synth 8-6014] Unused sequential element metadata_ram_reg[76][tile_id] was removed.  [/home/lahiruni/Downloads/Quadramind_DNN_Accelerator-fix-chooser-accuracy/Integrated_Simulator_Backup_updated/sim_framework/rtl/memory/stamp_based_memory_controller.sv:81]
WARNING: [Synth 8-6014] Unused sequential element metadata_ram_reg[77][tile_id] was removed.  [/home/lahiruni/Downloads/Quadramind_DNN_Accelerator-fix-chooser-accuracy/Integrated_Simulator_Backup_updated/sim_framework/rtl/memory/stamp_based_memory_controller.sv:81]
WARNING: [Synth 8-6014] Unused sequential element metadata_ram_reg[78][tile_id] was removed.  [/home/lahiruni/Downloads/Quadramind_DNN_Accelerator-fix-chooser-accuracy/Integrated_Simulator_Backup_updated/sim_framework/rtl/memory/stamp_based_memory_controller.sv:81]
WARNING: [Synth 8-6014] Unused sequential element metadata_ram_reg[79][tile_id] was removed.  [/home/lahiruni/Downloads/Quadramind_DNN_Accelerator-fix-chooser-accuracy/Integrated_Simulator_Backup_updated/sim_framework/rtl/memory/stamp_based_memory_controller.sv:81]
WARNING: [Synth 8-6014] Unused sequential element metadata_ram_reg[80][tile_id] was removed.  [/home/lahiruni/Downloads/Quadramind_DNN_Accelerator-fix-chooser-accuracy/Integrated_Simulator_Backup_updated/sim_framework/rtl/memory/stamp_based_memory_controller.sv:81]
WARNING: [Synth 8-6014] Unused sequential element metadata_ram_reg[81][tile_id] was removed.  [/home/lahiruni/Downloads/Quadramind_DNN_Accelerator-fix-chooser-accuracy/Integrated_Simulator_Backup_updated/sim_framework/rtl/memory/stamp_based_memory_controller.sv:81]
WARNING: [Synth 8-6014] Unused sequential element metadata_ram_reg[82][tile_id] was removed.  [/home/lahiruni/Downloads/Quadramind_DNN_Accelerator-fix-chooser-accuracy/Integrated_Simulator_Backup_updated/sim_framework/rtl/memory/stamp_based_memory_controller.sv:81]
WARNING: [Synth 8-6014] Unused sequential element metadata_ram_reg[83][tile_id] was removed.  [/home/lahiruni/Downloads/Quadramind_DNN_Accelerator-fix-chooser-accuracy/Integrated_Simulator_Backup_updated/sim_framework/rtl/memory/stamp_based_memory_controller.sv:81]
WARNING: [Synth 8-6014] Unused sequential element metadata_ram_reg[84][tile_id] was removed.  [/home/lahiruni/Downloads/Quadramind_DNN_Accelerator-fix-chooser-accuracy/Integrated_Simulator_Backup_updated/sim_framework/rtl/memory/stamp_based_memory_controller.sv:81]
WARNING: [Synth 8-6014] Unused sequential element metadata_ram_reg[85][tile_id] was removed.  [/home/lahiruni/Downloads/Quadramind_DNN_Accelerator-fix-chooser-accuracy/Integrated_Simulator_Backup_updated/sim_framework/rtl/memory/stamp_based_memory_controller.sv:81]
WARNING: [Synth 8-6014] Unused sequential element metadata_ram_reg[86][tile_id] was removed.  [/home/lahiruni/Downloads/Quadramind_DNN_Accelerator-fix-chooser-accuracy/Integrated_Simulator_Backup_updated/sim_framework/rtl/memory/stamp_based_memory_controller.sv:81]
WARNING: [Synth 8-6014] Unused sequential element metadata_ram_reg[87][tile_id] was removed.  [/home/lahiruni/Downloads/Quadramind_DNN_Accelerator-fix-chooser-accuracy/Integrated_Simulator_Backup_updated/sim_framework/rtl/memory/stamp_based_memory_controller.sv:81]
WARNING: [Synth 8-6014] Unused sequential element metadata_ram_reg[88][tile_id] was removed.  [/home/lahiruni/Downloads/Quadramind_DNN_Accelerator-fix-chooser-accuracy/Integrated_Simulator_Backup_updated/sim_framework/rtl/memory/stamp_based_memory_controller.sv:81]
WARNING: [Synth 8-6014] Unused sequential element metadata_ram_reg[89][tile_id] was removed.  [/home/lahiruni/Downloads/Quadramind_DNN_Accelerator-fix-chooser-accuracy/Integrated_Simulator_Backup_updated/sim_framework/rtl/memory/stamp_based_memory_controller.sv:81]
WARNING: [Synth 8-6014] Unused sequential element metadata_ram_reg[90][tile_id] was removed.  [/home/lahiruni/Downloads/Quadramind_DNN_Accelerator-fix-chooser-accuracy/Integrated_Simulator_Backup_updated/sim_framework/rtl/memory/stamp_based_memory_controller.sv:81]
WARNING: [Synth 8-6014] Unused sequential element metadata_ram_reg[91][tile_id] was removed.  [/home/lahiruni/Downloads/Quadramind_DNN_Accelerator-fix-chooser-accuracy/Integrated_Simulator_Backup_updated/sim_framework/rtl/memory/stamp_based_memory_controller.sv:81]
WARNING: [Synth 8-6014] Unused sequential element metadata_ram_reg[92][tile_id] was removed.  [/home/lahiruni/Downloads/Quadramind_DNN_Accelerator-fix-chooser-accuracy/Integrated_Simulator_Backup_updated/sim_framework/rtl/memory/stamp_based_memory_controller.sv:81]
WARNING: [Synth 8-6014] Unused sequential element metadata_ram_reg[93][tile_id] was removed.  [/home/lahiruni/Downloads/Quadramind_DNN_Accelerator-fix-chooser-accuracy/Integrated_Simulator_Backup_updated/sim_framework/rtl/memory/stamp_based_memory_controller.sv:81]
WARNING: [Synth 8-6014] Unused sequential element metadata_ram_reg[94][tile_id] was removed.  [/home/lahiruni/Downloads/Quadramind_DNN_Accelerator-fix-chooser-accuracy/Integrated_Simulator_Backup_updated/sim_framework/rtl/memory/stamp_based_memory_controller.sv:81]
WARNING: [Synth 8-6014] Unused sequential element metadata_ram_reg[95][tile_id] was removed.  [/home/lahiruni/Downloads/Quadramind_DNN_Accelerator-fix-chooser-accuracy/Integrated_Simulator_Backup_updated/sim_framework/rtl/memory/stamp_based_memory_controller.sv:81]
WARNING: [Synth 8-6014] Unused sequential element metadata_ram_reg[96][tile_id] was removed.  [/home/lahiruni/Downloads/Quadramind_DNN_Accelerator-fix-chooser-accuracy/Integrated_Simulator_Backup_updated/sim_framework/rtl/memory/stamp_based_memory_controller.sv:81]
WARNING: [Synth 8-6014] Unused sequential element metadata_ram_reg[97][tile_id] was removed.  [/home/lahiruni/Downloads/Quadramind_DNN_Accelerator-fix-chooser-accuracy/Integrated_Simulator_Backup_updated/sim_framework/rtl/memory/stamp_based_memory_controller.sv:81]
WARNING: [Synth 8-6014] Unused sequential element metadata_ram_reg[98][tile_id] was removed.  [/home/lahiruni/Downloads/Quadramind_DNN_Accelerator-fix-chooser-accuracy/Integrated_Simulator_Backup_updated/sim_framework/rtl/memory/stamp_based_memory_controller.sv:81]
WARNING: [Synth 8-6014] Unused sequential element metadata_ram_reg[99][tile_id] was removed.  [/home/lahiruni/Downloads/Quadramind_DNN_Accelerator-fix-chooser-accuracy/Integrated_Simulator_Backup_updated/sim_framework/rtl/memory/stamp_based_memory_controller.sv:81]
INFO: [Common 17-14] Message 'Synth 8-6014' appears 100 times and further instances of the messages will be disabled. Use the Tcl command set_msg_config to change the current settings.
WARNING: [Synth 8-7129] Port metadata_wr_data[127] in module stamp_based_memory_controller is either unconnected or has no load
WARNING: [Synth 8-7129] Port metadata_wr_data[126] in module stamp_based_memory_controller is either unconnected or has no load
WARNING: [Synth 8-7129] Port metadata_wr_data[125] in module stamp_based_memory_controller is either unconnected or has no load
WARNING: [Synth 8-7129] Port metadata_wr_data[124] in module stamp_based_memory_controller is either unconnected or has no load
WARNING: [Synth 8-7129] Port metadata_wr_data[123] in module stamp_based_memory_controller is either unconnected or has no load
WARNING: [Synth 8-7129] Port metadata_wr_data[122] in module stamp_based_memory_controller is either unconnected or has no load
WARNING: [Synth 8-7129] Port metadata_wr_data[121] in module stamp_based_memory_controller is either unconnected or has no load
WARNING: [Synth 8-7129] Port metadata_wr_data[120] in module stamp_based_memory_controller is either unconnected or has no load
WARNING: [Synth 8-7129] Port metadata_wr_data[111] in module stamp_based_memory_controller is either unconnected or has no load
WARNING: [Synth 8-7129] Port metadata_wr_data[110] in module stamp_based_memory_controller is either unconnected or has no load
WARNING: [Synth 8-7129] Port metadata_wr_data[109] in module stamp_based_memory_controller is either unconnected or has no load
WARNING: [Synth 8-7129] Port metadata_wr_data[108] in module stamp_based_memory_controller is either unconnected or has no load
WARNING: [Synth 8-7129] Port metadata_wr_data[107] in module stamp_based_memory_controller is either unconnected or has no load
WARNING: [Synth 8-7129] Port metadata_wr_data[106] in module stamp_based_memory_controller is either unconnected or has no load
WARNING: [Synth 8-7129] Port metadata_wr_data[105] in module stamp_based_memory_controller is either unconnected or has no load
WARNING: [Synth 8-7129] Port metadata_wr_data[104] in module stamp_based_memory_controller is either unconnected or has no load
WARNING: [Synth 8-7129] Port metadata_wr_data[103] in module stamp_based_memory_controller is either unconnected or has no load
WARNING: [Synth 8-7129] Port metadata_wr_data[102] in module stamp_based_memory_controller is either unconnected or has no load
WARNING: [Synth 8-7129] Port metadata_wr_data[101] in module stamp_based_memory_controller is either unconnected or has no load
WARNING: [Synth 8-7129] Port metadata_wr_data[100] in module stamp_based_memory_controller is either unconnected or has no load
WARNING: [Synth 8-7129] Port metadata_wr_data[99] in module stamp_based_memory_controller is either unconnected or has no load
WARNING: [Synth 8-7129] Port metadata_wr_data[98] in module stamp_based_memory_controller is either unconnected or has no load
WARNING: [Synth 8-7129] Port metadata_wr_data[97] in module stamp_based_memory_controller is either unconnected or has no load
WARNING: [Synth 8-7129] Port metadata_wr_data[96] in module stamp_based_memory_controller is either unconnected or has no load
WARNING: [Synth 8-7129] Port phase_id[15] in module stamp_based_memory_controller is either unconnected or has no load
WARNING: [Synth 8-7129] Port phase_id[14] in module stamp_based_memory_controller is either unconnected or has no load
WARNING: [Synth 8-7129] Port phase_id[13] in module stamp_based_memory_controller is either unconnected or has no load
WARNING: [Synth 8-7129] Port phase_id[12] in module stamp_based_memory_controller is either unconnected or has no load
WARNING: [Synth 8-7129] Port phase_id[11] in module stamp_based_memory_controller is either unconnected or has no load
WARNING: [Synth 8-7129] Port phase_id[10] in module stamp_based_memory_controller is either unconnected or has no load
WARNING: [Synth 8-7129] Port phase_id[9] in module stamp_based_memory_controller is either unconnected or has no load
WARNING: [Synth 8-7129] Port phase_id[8] in module stamp_based_memory_controller is either unconnected or has no load
WARNING: [Synth 8-7129] Port phase_id[7] in module stamp_based_memory_controller is either unconnected or has no load
WARNING: [Synth 8-7129] Port phase_id[6] in module stamp_based_memory_controller is either unconnected or has no load
WARNING: [Synth 8-7129] Port phase_id[5] in module stamp_based_memory_controller is either unconnected or has no load
WARNING: [Synth 8-7129] Port phase_id[4] in module stamp_based_memory_controller is either unconnected or has no load
WARNING: [Synth 8-7129] Port phase_id[3] in module stamp_based_memory_controller is either unconnected or has no load
WARNING: [Synth 8-7129] Port phase_id[2] in module stamp_based_memory_controller is either unconnected or has no load
WARNING: [Synth 8-7129] Port phase_id[1] in module stamp_based_memory_controller is either unconnected or has no load
WARNING: [Synth 8-7129] Port phase_id[0] in module stamp_based_memory_controller is either unconnected or has no load
---------------------------------------------------------------------------------
Finished Synthesize : Time (s): cpu = 00:00:07 ; elapsed = 00:00:07 . Memory (MB): peak = 2219.723 ; gain = 590.891 ; free physical = 10515 ; free virtual = 14992
---------------------------------------------------------------------------------
---------------------------------------------------------------------------------
Finished Constraint Validation : Time (s): cpu = 00:00:08 ; elapsed = 00:00:08 . Memory (MB): peak = 2219.723 ; gain = 590.891 ; free physical = 10551 ; free virtual = 15028
---------------------------------------------------------------------------------
---------------------------------------------------------------------------------
Start Loading Part and Timing Information
---------------------------------------------------------------------------------
Loading part: xczu7ev-ffvc1156-2-e
INFO: [Synth 8-6742] Reading net delay rules and data
INFO: [Device 21-403] Loading part xczu7ev-ffvc1156-2-e
---------------------------------------------------------------------------------
Finished Loading Part and Timing Information : Time (s): cpu = 00:00:08 ; elapsed = 00:00:08 . Memory (MB): peak = 2219.723 ; gain = 590.891 ; free physical = 10551 ; free virtual = 15028
---------------------------------------------------------------------------------
INFO: [Synth 8-802] inferred FSM for state register 'state_reg' in module 'stamp_based_memory_controller'
---------------------------------------------------------------------------------------------------
                   State |                     New Encoding |                Previous Encoding 
---------------------------------------------------------------------------------------------------
                    IDLE |                              001 |                             0000
              FETCH_META |                              011 |                             0001
              PHASE_DONE |                              000 |                             1000
               MOVE_READ |                              111 |                             0011
              MOVE_WRITE |                              110 |                             0100
                LOAD_REQ |                              100 |                             0101
               LOAD_RECV |                              010 |                             0110
              ZERO_WRITE |                              101 |                             0111
---------------------------------------------------------------------------------------------------
INFO: [Synth 8-3354] encoded FSM with state register 'state_reg' using encoding 'sequential' in module 'stamp_based_memory_controller'
---------------------------------------------------------------------------------
Finished RTL Optimization Phase 2 : Time (s): cpu = 00:00:12 ; elapsed = 00:00:10 . Memory (MB): peak = 2437.629 ; gain = 808.797 ; free physical = 10322 ; free virtual = 14801
---------------------------------------------------------------------------------
No constraint files found.
---------------------------------------------------------------------------------
Start RTL Component Statistics 
---------------------------------------------------------------------------------
Detailed RTL Component Info : 
+---Adders : 
	   2 Input   32 Bit       Adders := 2     
	   2 Input   16 Bit       Adders := 4     
+---Registers : 
	               32 Bit    Registers := 770   
	               16 Bit    Registers := 4     
	                8 Bit    Registers := 256   
+---Muxes : 
	   5 Input   32 Bit        Muxes := 1     
	   8 Input   32 Bit        Muxes := 2     
	   2 Input   32 Bit        Muxes := 1     
	   8 Input   16 Bit        Muxes := 3     
	   2 Input   16 Bit        Muxes := 1     
	   5 Input   12 Bit        Muxes := 2     
	   2 Input   12 Bit        Muxes := 1     
	   8 Input    3 Bit        Muxes := 1     
	   2 Input    3 Bit        Muxes := 6     
	   6 Input    3 Bit        Muxes := 1     
	   2 Input    1 Bit        Muxes := 8     
	   6 Input    1 Bit        Muxes := 7     
	   5 Input    1 Bit        Muxes := 2     
	   8 Input    1 Bit        Muxes := 12    
---------------------------------------------------------------------------------
Finished RTL Component Statistics 
---------------------------------------------------------------------------------
---------------------------------------------------------------------------------
Start Part Resource Summary
---------------------------------------------------------------------------------
Part Resources:
DSPs: 1728 (col length:144)
BRAMs: 624 (col length: RAMB18 144 RAMB36 72)
---------------------------------------------------------------------------------
Finished Part Resource Summary
---------------------------------------------------------------------------------
No constraint files found.
---------------------------------------------------------------------------------
Start Cross Boundary and Area Optimization
---------------------------------------------------------------------------------
WARNING: [Synth 8-7129] Port metadata_wr_data[127] in module stamp_based_memory_controller is either unconnected or has no load
WARNING: [Synth 8-7129] Port metadata_wr_data[126] in module stamp_based_memory_controller is either unconnected or has no load
WARNING: [Synth 8-7129] Port metadata_wr_data[125] in module stamp_based_memory_controller is either unconnected or has no load
WARNING: [Synth 8-7129] Port metadata_wr_data[124] in module stamp_based_memory_controller is either unconnected or has no load
WARNING: [Synth 8-7129] Port metadata_wr_data[123] in module stamp_based_memory_controller is either unconnected or has no load
WARNING: [Synth 8-7129] Port metadata_wr_data[122] in module stamp_based_memory_controller is either unconnected or has no load
WARNING: [Synth 8-7129] Port metadata_wr_data[121] in module stamp_based_memory_controller is either unconnected or has no load
WARNING: [Synth 8-7129] Port metadata_wr_data[120] in module stamp_based_memory_controller is either unconnected or has no load
WARNING: [Synth 8-7129] Port metadata_wr_data[111] in module stamp_based_memory_controller is either unconnected or has no load
WARNING: [Synth 8-7129] Port metadata_wr_data[110] in module stamp_based_memory_controller is either unconnected or has no load
WARNING: [Synth 8-7129] Port metadata_wr_data[109] in module stamp_based_memory_controller is either unconnected or has no load
WARNING: [Synth 8-7129] Port metadata_wr_data[108] in module stamp_based_memory_controller is either unconnected or has no load
WARNING: [Synth 8-7129] Port metadata_wr_data[107] in module stamp_based_memory_controller is either unconnected or has no load
WARNING: [Synth 8-7129] Port metadata_wr_data[106] in module stamp_based_memory_controller is either unconnected or has no load
WARNING: [Synth 8-7129] Port metadata_wr_data[105] in module stamp_based_memory_controller is either unconnected or has no load
WARNING: [Synth 8-7129] Port metadata_wr_data[104] in module stamp_based_memory_controller is either unconnected or has no load
WARNING: [Synth 8-7129] Port metadata_wr_data[103] in module stamp_based_memory_controller is either unconnected or has no load
WARNING: [Synth 8-7129] Port metadata_wr_data[102] in module stamp_based_memory_controller is either unconnected or has no load
WARNING: [Synth 8-7129] Port metadata_wr_data[101] in module stamp_based_memory_controller is either unconnected or has no load
WARNING: [Synth 8-7129] Port metadata_wr_data[100] in module stamp_based_memory_controller is either unconnected or has no load
WARNING: [Synth 8-7129] Port metadata_wr_data[99] in module stamp_based_memory_controller is either unconnected or has no load
WARNING: [Synth 8-7129] Port metadata_wr_data[98] in module stamp_based_memory_controller is either unconnected or has no load
WARNING: [Synth 8-7129] Port metadata_wr_data[97] in module stamp_based_memory_controller is either unconnected or has no load
WARNING: [Synth 8-7129] Port metadata_wr_data[96] in module stamp_based_memory_controller is either unconnected or has no load
WARNING: [Synth 8-7129] Port phase_id[15] in module stamp_based_memory_controller is either unconnected or has no load
WARNING: [Synth 8-7129] Port phase_id[14] in module stamp_based_memory_controller is either unconnected or has no load
WARNING: [Synth 8-7129] Port phase_id[13] in module stamp_based_memory_controller is either unconnected or has no load
WARNING: [Synth 8-7129] Port phase_id[12] in module stamp_based_memory_controller is either unconnected or has no load
WARNING: [Synth 8-7129] Port phase_id[11] in module stamp_based_memory_controller is either unconnected or has no load
WARNING: [Synth 8-7129] Port phase_id[10] in module stamp_based_memory_controller is either unconnected or has no load
WARNING: [Synth 8-7129] Port phase_id[9] in module stamp_based_memory_controller is either unconnected or has no load
WARNING: [Synth 8-7129] Port phase_id[8] in module stamp_based_memory_controller is either unconnected or has no load
WARNING: [Synth 8-7129] Port phase_id[7] in module stamp_based_memory_controller is either unconnected or has no load
WARNING: [Synth 8-7129] Port phase_id[6] in module stamp_based_memory_controller is either unconnected or has no load
WARNING: [Synth 8-7129] Port phase_id[5] in module stamp_based_memory_controller is either unconnected or has no load
WARNING: [Synth 8-7129] Port phase_id[4] in module stamp_based_memory_controller is either unconnected or has no load
WARNING: [Synth 8-7129] Port phase_id[3] in module stamp_based_memory_controller is either unconnected or has no load
WARNING: [Synth 8-7129] Port phase_id[2] in module stamp_based_memory_controller is either unconnected or has no load
WARNING: [Synth 8-7129] Port phase_id[1] in module stamp_based_memory_controller is either unconnected or has no load
WARNING: [Synth 8-7129] Port phase_id[0] in module stamp_based_memory_controller is either unconnected or has no load
---------------------------------------------------------------------------------
Finished Cross Boundary and Area Optimization : Time (s): cpu = 00:00:32 ; elapsed = 00:00:30 . Memory (MB): peak = 3187.184 ; gain = 1558.352 ; free physical = 9596 ; free virtual = 14077
---------------------------------------------------------------------------------
No constraint files found.
---------------------------------------------------------------------------------
Start Timing Optimization
---------------------------------------------------------------------------------
---------------------------------------------------------------------------------
Finished Timing Optimization : Time (s): cpu = 00:00:32 ; elapsed = 00:00:30 . Memory (MB): peak = 3187.184 ; gain = 1558.352 ; free physical = 9593 ; free virtual = 14074
---------------------------------------------------------------------------------
---------------------------------------------------------------------------------
Start Technology Mapping
---------------------------------------------------------------------------------
---------------------------------------------------------------------------------
Finished Technology Mapping : Time (s): cpu = 00:00:36 ; elapsed = 00:00:34 . Memory (MB): peak = 3187.184 ; gain = 1558.352 ; free physical = 9598 ; free virtual = 14079
---------------------------------------------------------------------------------
---------------------------------------------------------------------------------
Start IO Insertion
---------------------------------------------------------------------------------
---------------------------------------------------------------------------------
Start Flattening Before IO Insertion
---------------------------------------------------------------------------------
---------------------------------------------------------------------------------
Finished Flattening Before IO Insertion
---------------------------------------------------------------------------------
---------------------------------------------------------------------------------
Start Final Netlist Cleanup
---------------------------------------------------------------------------------
---------------------------------------------------------------------------------
Finished Final Netlist Cleanup
---------------------------------------------------------------------------------
---------------------------------------------------------------------------------
Finished IO Insertion : Time (s): cpu = 00:00:40 ; elapsed = 00:00:38 . Memory (MB): peak = 3213.996 ; gain = 1585.164 ; free physical = 9609 ; free virtual = 14090
---------------------------------------------------------------------------------
---------------------------------------------------------------------------------
Start Renaming Generated Instances
---------------------------------------------------------------------------------
---------------------------------------------------------------------------------
Finished Renaming Generated Instances : Time (s): cpu = 00:00:40 ; elapsed = 00:00:38 . Memory (MB): peak = 3213.996 ; gain = 1585.164 ; free physical = 9605 ; free virtual = 14086
---------------------------------------------------------------------------------
---------------------------------------------------------------------------------
Start Rebuilding User Hierarchy
---------------------------------------------------------------------------------
---------------------------------------------------------------------------------
Finished Rebuilding User Hierarchy : Time (s): cpu = 00:00:40 ; elapsed = 00:00:39 . Memory (MB): peak = 3213.996 ; gain = 1585.164 ; free physical = 9594 ; free virtual = 14074
---------------------------------------------------------------------------------
---------------------------------------------------------------------------------
Start Renaming Generated Ports
---------------------------------------------------------------------------------
---------------------------------------------------------------------------------
Finished Renaming Generated Ports : Time (s): cpu = 00:00:40 ; elapsed = 00:00:39 . Memory (MB): peak = 3213.996 ; gain = 1585.164 ; free physical = 9594 ; free virtual = 14074
---------------------------------------------------------------------------------
---------------------------------------------------------------------------------
Start Handling Custom Attributes
---------------------------------------------------------------------------------
---------------------------------------------------------------------------------
Finished Handling Custom Attributes : Time (s): cpu = 00:00:41 ; elapsed = 00:00:39 . Memory (MB): peak = 3213.996 ; gain = 1585.164 ; free physical = 9600 ; free virtual = 14081
---------------------------------------------------------------------------------
---------------------------------------------------------------------------------
Start Renaming Generated Nets
---------------------------------------------------------------------------------
---------------------------------------------------------------------------------
Finished Renaming Generated Nets : Time (s): cpu = 00:00:41 ; elapsed = 00:00:39 . Memory (MB): peak = 3213.996 ; gain = 1585.164 ; free physical = 9600 ; free virtual = 14081
---------------------------------------------------------------------------------
---------------------------------------------------------------------------------
Start Writing Synthesis Report
---------------------------------------------------------------------------------

Report BlackBoxes: 
+-+--------------+----------+
| |BlackBox name |Instances |
+-+--------------+----------+
+-+--------------+----------+

Report Cell Usage: 
+------+-------+------+
|      |Cell   |Count |
+------+-------+------+
|1     |CARRY8 |    45|
|2     |LUT1   |     9|
|3     |LUT2   |   131|
|4     |LUT3   |    52|
|5     |LUT4   |    83|
|6     |LUT5   |   146|
|7     |LUT6   |  6073|
|8     |MUXF7  |  2877|
|9     |MUXF8  |  1437|
|10    |FDCE   |   437|
|11    |FDPE   |     1|
|12    |FDRE   | 21760|
+------+-------+------+

Report Instance Areas: 
+------+---------+-------+------+
|      |Instance |Module |Cells |
+------+---------+-------+------+
|1     |top      |       | 33051|
+------+---------+-------+------+
---------------------------------------------------------------------------------
Finished Writing Synthesis Report : Time (s): cpu = 00:00:41 ; elapsed = 00:00:39 . Memory (MB): peak = 3213.996 ; gain = 1585.164 ; free physical = 9600 ; free virtual = 14081
---------------------------------------------------------------------------------
Synthesis finished with 0 errors, 0 critical warnings and 342 warnings.
Synthesis Optimization Runtime : Time (s): cpu = 00:00:41 ; elapsed = 00:00:39 . Memory (MB): peak = 3213.996 ; gain = 1585.164 ; free physical = 9600 ; free virtual = 14081
Synthesis Optimization Complete : Time (s): cpu = 00:00:41 ; elapsed = 00:00:39 . Memory (MB): peak = 3214.004 ; gain = 1585.164 ; free physical = 9600 ; free virtual = 14081
INFO: [Project 1-571] Translating synthesized netlist
Netlist sorting complete. Time (s): cpu = 00:00:00.23 ; elapsed = 00:00:00.23 . Memory (MB): peak = 3251.652 ; gain = 0.000 ; free physical = 9736 ; free virtual = 14217
INFO: [Netlist 29-17] Analyzing 4359 Unisim elements for replacement
INFO: [Netlist 29-28] Unisim Transformation completed in 0 CPU seconds
WARNING: [Netlist 29-101] Netlist 'stamp_based_memory_controller' is not ideal for floorplanning, since the cellview 'stamp_based_memory_controller' contains a large number of primitives.  Please consider enabling hierarchy in synthesis if you want to do floorplanning.
INFO: [Project 1-570] Preparing netlist for logic optimization
INFO: [Opt 31-138] Pushed 0 inverter(s) to 0 load pin(s).
Netlist sorting complete. Time (s): cpu = 00:00:00.01 ; elapsed = 00:00:00.01 . Memory (MB): peak = 3386.078 ; gain = 0.000 ; free physical = 9634 ; free virtual = 14115
INFO: [Project 1-111] Unisim Transformation Summary:
No Unisim elements were transformed.

Synth Design complete | Checksum: 1b84e622
INFO: [Common 17-83] Releasing license: Synthesis
20 Infos, 182 Warnings, 0 Critical Warnings and 0 Errors encountered.
synth_design completed successfully
synth_design: Time (s): cpu = 00:00:51 ; elapsed = 00:00:46 . Memory (MB): peak = 3386.113 ; gain = 1757.281 ; free physical = 9633 ; free virtual = 14114
INFO: [Common 17-2834] synth_design peak Physical Memory [PSS] (MB): overall = 2814.744; main = 2797.065; forked = 340.148
INFO: [Common 17-2834] synth_design peak Virtual Memory [VSS] (MB): overall = 4173.750; main = 3386.082; forked = 986.562
# puts "PROBE_TOTAL_CELLS [llength [get_cells -hier]]"
PROBE_TOTAL_CELLS 33054
# set groups [dict create]
# foreach c [get_cells -hier] {
#   set g [get_property -quiet PRIMITIVE_GROUP $c]
#   if {$g eq ""} { set g "<empty>" }
#   dict incr groups $g
# }
# puts "PROBE_GROUPS $groups"
PROBE_GROUPS CLB 10853 REGISTER 22198 OTHERS 3
# puts "PROBE_UTIL_START"
PROBE_UTIL_START
# puts [report_utilization -return_string]
Copyright 1986-2022 Xilinx, Inc. All Rights Reserved. Copyright 2022-2025 Advanced Micro Devices, Inc. All Rights Reserved.
---------------------------------------------------------------------------------------------------------------------------------------------
| Tool Version : Vivado v.2025.2 (lin64) Build 6299465 Fri Nov 14 12:34:56 MST 2025
| Date         : Fri Aug  7 00:48:40 2026
| Host         : Asus-vivobook running 64-bit Ubuntu 24.04.3 LTS
| Command      : report_utilization -return_string
| Design       : stamp_based_memory_controller
| Device       : xczu7ev-ffvc1156-2-e
| Speed File   : -2
| Design State : Synthesized
---------------------------------------------------------------------------------------------------------------------------------------------

Utilization Design Information

Table of Contents
-----------------
1. CLB Logic
1.1 Summary of Registers by Type
2. BLOCKRAM
3. ARITHMETIC
4. I/O
5. CLOCK
6. ADVANCED
7. CONFIGURATION
8. Primitives
9. Black Boxes
10. Instantiated Netlists

1. CLB Logic
------------

+-------------------------+-------+-------+------------+-----------+-------+
|        Site Type        |  Used | Fixed | Prohibited | Available | Util% |
+-------------------------+-------+-------+------------+-----------+-------+
| CLB LUTs*               |  6435 |     0 |          0 |    230400 |  2.79 |
|   LUT as Logic          |  6435 |     0 |          0 |    230400 |  2.79 |
|   LUT as Memory         |     0 |     0 |          0 |    101760 |  0.00 |
| CLB Registers           | 22198 |     0 |          0 |    460800 |  4.82 |
|   Register as Flip Flop | 22198 |     0 |          0 |    460800 |  4.82 |
|   Register as Latch     |     0 |     0 |          0 |    460800 |  0.00 |
| CARRY8                  |    45 |     0 |          0 |     28800 |  0.16 |
| F7 Muxes                |  2877 |     0 |          0 |    115200 |  2.50 |
| F8 Muxes                |  1437 |     0 |          0 |     57600 |  2.49 |
| F9 Muxes                |     0 |     0 |          0 |     28800 |  0.00 |
| Unique Control Sets     |   268 |       |          0 |     57600 |  0.47 |
+-------------------------+-------+-------+------------+-----------+-------+
* Warning! The Final LUT count, after physical optimizations and full implementation, is typically lower. Run opt_design after synthesis, if not already completed, for a more realistic count.
Warning! LUT value is adjusted to account for LUT combining.
Warning! For any ECO changes, please run place_design if there are unplaced instances
** Note: Available Control Sets calculated as Slices * 2, Review the Control Sets Report for more information regarding control sets.


1.1 Summary of Registers by Type
--------------------------------

+-------+--------------+-------------+--------------+
| Total | Clock Enable | Synchronous | Asynchronous |
+-------+--------------+-------------+--------------+
| 0     |            _ |           - |            - |
| 0     |            _ |           - |          Set |
| 0     |            _ |           - |        Reset |
| 0     |            _ |         Set |            - |
| 0     |            _ |       Reset |            - |
| 0     |          Yes |           - |            - |
| 1     |          Yes |           - |          Set |
| 437   |          Yes |           - |        Reset |
| 0     |          Yes |         Set |            - |
| 21760 |          Yes |       Reset |            - |
+-------+--------------+-------------+--------------+


2. BLOCKRAM
-----------

+----------------+------+-------+------------+-----------+-------+
|    Site Type   | Used | Fixed | Prohibited | Available | Util% |
+----------------+------+-------+------------+-----------+-------+
| Block RAM Tile |    0 |     0 |          0 |       312 |  0.00 |
|   RAMB36/FIFO* |    0 |     0 |          0 |       312 |  0.00 |
|   RAMB18       |    0 |     0 |          0 |       624 |  0.00 |
| URAM           |    0 |     0 |          0 |        96 |  0.00 |
+----------------+------+-------+------------+-----------+-------+
* Note: Each Block RAM Tile only has one FIFO logic available and therefore can accommodate only one FIFO36E2 or one FIFO18E2. However, if a FIFO18E2 occupies a Block RAM Tile, that tile can still accommodate a RAMB18E2


3. ARITHMETIC
-------------

+-----------+------+-------+------------+-----------+-------+
| Site Type | Used | Fixed | Prohibited | Available | Util% |
+-----------+------+-------+------------+-----------+-------+
| DSPs      |    0 |     0 |          0 |      1728 |  0.00 |
+-----------+------+-------+------------+-----------+-------+


4. I/O
------

+------------------+------+-------+------------+-----------+-------+
|     Site Type    | Used | Fixed | Prohibited | Available | Util% |
+------------------+------+-------+------------+-----------+-------+
| Bonded IOB       |    0 |     0 |          0 |       360 |  0.00 |
|   HPIOB_M        |    0 |     0 |          0 |       144 |  0.00 |
|   HPIOB_S        |    0 |     0 |          0 |       144 |  0.00 |
|   HDIOB_M        |    0 |     0 |          0 |        24 |  0.00 |
|   HDIOB_S        |    0 |     0 |          0 |        24 |  0.00 |
|   HPIOB_SNGL     |    0 |     0 |          0 |        24 |  0.00 |
| HPIOBDIFFINBUF   |    0 |     0 |          0 |       192 |  0.00 |
| HPIOBDIFFOUTBUF  |    0 |     0 |          0 |       192 |  0.00 |
| HDIOBDIFFINBUF   |    0 |     0 |          0 |        48 |  0.00 |
| BITSLICE_CONTROL |    0 |     0 |          0 |        64 |  0.00 |
| BITSLICE_RX_TX   |    0 |     0 |          0 |      2496 |  0.00 |
| BITSLICE_TX      |    0 |     0 |          0 |        64 |  0.00 |
| RIU_OR           |    0 |     0 |          0 |        32 |  0.00 |
+------------------+------+-------+------------+-----------+-------+


5. CLOCK
--------

+------------+------+-------+------------+-----------+-------+
|  Site Type | Used | Fixed | Prohibited | Available | Util% |
+------------+------+-------+------------+-----------+-------+
| BUFGCE     |    0 |     0 |          0 |       208 |  0.00 |
| BUFGCE_DIV |    0 |     0 |          0 |        32 |  0.00 |
| BUFG_GT    |    0 |     0 |          0 |       144 |  0.00 |
| BUFG_PS    |    0 |     0 |          0 |        96 |  0.00 |
| BUFGCTRL*  |    0 |     0 |          0 |        64 |  0.00 |
| PLL        |    0 |     0 |          0 |        16 |  0.00 |
| MMCM       |    0 |     0 |          0 |         8 |  0.00 |
+------------+------+-------+------------+-----------+-------+
* Note: Each used BUFGCTRL counts as two GLOBAL CLOCK BUFFERs. This table does not include global clocking resources, only buffer cell usage. See the Clock Utilization Report (report_clock_utilization) for detailed accounting of global clocking resource availability.


6. ADVANCED
-----------

+-----------------+------+-------+------------+-----------+-------+
|    Site Type    | Used | Fixed | Prohibited | Available | Util% |
+-----------------+------+-------+------------+-----------+-------+
| GTHE4_CHANNEL   |    0 |     0 |          0 |        20 |  0.00 |
| GTHE4_COMMON    |    0 |     0 |          0 |         5 |  0.00 |
| OBUFDS_GTE4     |    0 |     0 |          0 |        10 |  0.00 |
| OBUFDS_GTE4_ADV |    0 |     0 |          0 |        10 |  0.00 |
| PCIE40E4        |    0 |     0 |          0 |         2 |  0.00 |
| PS8             |    0 |     0 |          0 |         1 |  0.00 |
| SYSMONE4        |    0 |     0 |          0 |         1 |  0.00 |
| VCU             |    0 |     0 |          0 |         1 |  0.00 |
+-----------------+------+-------+------------+-----------+-------+


7. CONFIGURATION
----------------

+-------------+------+-------+------------+-----------+-------+
|  Site Type  | Used | Fixed | Prohibited | Available | Util% |
+-------------+------+-------+------------+-----------+-------+
| BSCANE2     |    0 |     0 |          0 |         4 |  0.00 |
| DNA_PORTE2  |    0 |     0 |          0 |         1 |  0.00 |
| EFUSE_USR   |    0 |     0 |          0 |         1 |  0.00 |
| FRAME_ECCE4 |    0 |     0 |          0 |         1 |  0.00 |
| ICAPE3      |    0 |     0 |          0 |         2 |  0.00 |
| MASTER_JTAG |    0 |     0 |          0 |         1 |  0.00 |
| STARTUPE3   |    0 |     0 |          0 |         1 |  0.00 |
+-------------+------+-------+------------+-----------+-------+


8. Primitives
-------------

+----------+-------+---------------------+
| Ref Name |  Used | Functional Category |
+----------+-------+---------------------+
| FDRE     | 21760 |            Register |
| LUT6     |  6073 |                 CLB |
| MUXF7    |  2877 |                 CLB |
| MUXF8    |  1437 |                 CLB |
| FDCE     |   437 |            Register |
| LUT5     |   146 |                 CLB |
| LUT2     |   131 |                 CLB |
| LUT4     |    83 |                 CLB |
| LUT3     |    52 |                 CLB |
| CARRY8   |    45 |                 CLB |
| LUT1     |     9 |                 CLB |
| FDPE     |     1 |            Register |
+----------+-------+---------------------+


9. Black Boxes
--------------

+----------+------+
| Ref Name | Used |
+----------+------+


10. Instantiated Netlists
-------------------------

+----------+------+
| Ref Name | Used |
+----------+------+



# puts "PROBE_UTIL_END"
PROBE_UTIL_END
INFO: [Common 17-206] Exiting Vivado at Fri Aug  7 00:48:41 2026...
