
****** Vivado v2025.2 (64-bit)
  **** SW Build 6299465 on Fri Nov 14 12:34:56 MST 2025
  **** IP Build 6300035 on Fri Nov 14 10:48:45 MST 2025
  **** SharedData Build 6298862 on Thu Nov 13 04:50:51 MST 2025
  **** Start of session at: Fri Aug  7 01:05:35 2026
    ** Copyright 1986-2022 Xilinx, Inc. All Rights Reserved.
    ** Copyright 2022-2025 Advanced Micro Devices, Inc. All Rights Reserved.

source ../synth_area.tcl
# set rtl_dir [lindex $argv 0]
# set out_dir [lindex $argv 1]
# set part    "xczu7ev-ffvc1156-2-e"   
# set harness_dir [file normalize [file dirname [info script]]]
# file mkdir $out_dir
# set csv_path $out_dir/area_results.csv
# set done_configs {}
# if {[file exists $csv_path]} {
#     set fh [open $csv_path r]
#     foreach line [split [read $fh] "\n"] {
#         set line [string trim $line]
#         if {$line eq "" || [string match "config,*" $line]} { continue }
#         lappend done_configs [lindex [split $line ","] 0]
#     }
#     close $fh
#     set csv [open $csv_path a]
#     puts "Resuming: [llength $done_configs] configuration(s) already done."
# } else {
#     set csv [open $csv_path w]
#     puts $csv "config,scheme,knob,knob_value,luts,ffs,brams,dsps,lutram,wns_ns,fmax_mhz"
# }
Resuming: 3 configuration(s) already done.
# set period 10.0
# proc util_field {rpt label} {
#     foreach line [split $rpt "\n"] {
#         if {![string match "|*" $line]} { continue }
#         set cols [split $line "|"]
#         if {[llength $cols] < 3} { continue }
#         set name [string trim [lindex $cols 1]]
#         set name [string trimright $name "*"]
#         set name [string trim $name]
#         if {$name eq $label} {
#             set v [string trim [lindex $cols 2]]
#             if {[string is integer -strict $v]} { return $v }
#             # Some rows report fractional usage; round to nearest integer.
#             if {[string is double -strict $v]} { return [expr {int($v + 0.5)}] }
#         }
#     }
#     return 0
# }
# proc run_one {csv part period rtl_dir out_dir name scheme knob knob_value top files generics} {
#     global done_configs harness_dir
#     if {[lsearch -exact $done_configs $name] >= 0} {
#         puts "  Skipping $name (already in area_results.csv)"
#         return
#     }
#     puts "\n=========================================================="
#     puts "  Synthesising $name  (top = $top)"
#     puts "=========================================================="
# 
#     create_project -in_memory -part $part
# 
#     foreach f $files {
#         set path [file join $rtl_dir $f]
#         if {![file exists $path]} {
#             # Harness-only sources (e.g. paged_mgmt_wrap.sv) live next to this
#             # script, not in the RTL tree.
#             set path [file join $harness_dir [file tail $f]]
#         }
#         if {[string match "*.v" $f]} {
#             read_verilog $path
#         } else {
#             read_verilog -sv $path
#         }
#     }
# 
#     set gen_args {}
#     foreach {g v} $generics { lappend gen_args "$g=$v" }
# 
#     if {[llength $gen_args] > 0} {
#         synth_design -top $top -part $part -mode out_of_context \
#                      -generic $gen_args -no_iobuf
#     } else {
#         synth_design -top $top -part $part -mode out_of_context -no_iobuf
#     }
# 
#     # Constrain a clock so timing numbers mean something.
#     if {[llength [get_ports -quiet clk]] > 0} {
#         create_clock -name clk -period $period [get_ports clk]
#     }
#     opt_design -quiet
# 
#     # Read the utilization report rather than filtering on PRIMITIVE_GROUP.
#     # On UltraScale+ that property only returns coarse buckets (CLB / REGISTER
#     # / OTHERS), so it cannot separate LUTs from LUTRAM or count BRAM tiles.
#     # report_utilization is the authoritative source.
#     set rpt [report_utilization -return_string]
# 
#     set luts   [util_field $rpt "CLB LUTs"]
#     set ffs    [util_field $rpt "CLB Registers"]
#     set brams  [util_field $rpt "Block RAM Tile"]
#     set dsps   [util_field $rpt "DSPs"]
#     set lutram [util_field $rpt "LUT as Memory"]
# 
#     set wns 0.0
#     set fmax 0.0
#     if {[llength [get_clocks -quiet]] > 0} {
#         set tp [get_property SLACK [get_timing_paths -quiet -max_paths 1 -setup]]
#         if {$tp ne ""} {
#             set wns $tp
#             set achieved [expr {$period - $wns}]
#             if {$achieved > 0} { set fmax [expr {1000.0 / $achieved}] }
#         }
#     }
# 
#     puts $csv [format "%s,%s,%s,%s,%d,%d,%d,%d,%d,%.3f,%.1f" \
#                $name $scheme $knob $knob_value $luts $ffs $brams $dsps $lutram $wns $fmax]
#     flush $csv
# 
#     puts "  -> LUT=$luts  FF=$ffs  BRAM=$brams  LUTRAM=$lutram  WNS=${wns}ns  Fmax=${fmax}MHz"
#     close_project
# }
# foreach md {256 512 1024} {
#     run_one $csv $part $period $rtl_dir $out_dir \
#         "stamp_ctrl_m$md" "STAMP (static)" "metadata_depth" $md \
#         stamp_based_memory_controller {memory/stamp_based_memory_controller.sv} \
#         [list ADDR_WIDTH 32 DATA_WIDTH 32 SPAD_DEPTH 4096 METADATA_DEPTH $md]
# }
  Skipping stamp_ctrl_m256 (already in area_results.csv)
  Skipping stamp_ctrl_m512 (already in area_results.csv)
  Skipping stamp_ctrl_m1024 (already in area_results.csv)
# foreach np {128 256 512} {
#     set vpn [expr {int(ceil(log($np)/log(2)))}]
#     run_one $csv $part $period $rtl_dir $out_dir \
#         "paged_mgmt_p$np" "PAGED (dynamic)" "num_pages" $np \
#         paged_mgmt_wrap {memory/paged_table.v paged_mgmt_wrap.sv} \
#         [list N_PORTS 4 NUM_PAGES $np VPN_WIDTH $vpn PPN_WIDTH 20]
# }

==========================================================
  Synthesising paged_mgmt_p128  (top = paged_mgmt_wrap)
==========================================================
Command: synth_design -top paged_mgmt_wrap -part xczu7ev-ffvc1156-2-e -mode out_of_context -generic {N_PORTS=4 NUM_PAGES=128 VPN_WIDTH=7 PPN_WIDTH=20} -no_iobuf
Starting synth_design
Attempting to get a license for feature 'Synthesis' and/or device 'xczu7ev'
INFO: [Common 17-349] Got license for feature 'Synthesis' and/or device 'xczu7ev'
INFO: [Synth 8-7079] Multithreading enabled for synth_design using a maximum of 7 processes.
INFO: [Synth 8-7078] Launching helper process for spawning children vivado processes
INFO: [Synth 8-7075] Helper process launched with PID 15496
---------------------------------------------------------------------------------
Starting Synthesize : Time (s): cpu = 00:00:04 ; elapsed = 00:00:04 . Memory (MB): peak = 2064.785 ; gain = 435.953 ; free physical = 10187 ; free virtual = 14345
---------------------------------------------------------------------------------
INFO: [Synth 8-6157] synthesizing module 'paged_mgmt_wrap' [/home/lahiruni/Downloads/Quadramind_DNN_Accelerator-fix-chooser-accuracy/Integrated_Simulator_Backup_updated/static_hash_and_tagless_memory/synth/paged_mgmt_wrap.sv:21]
	Parameter N_PORTS bound to: 32'sb00000000000000000000000000000100 
	Parameter NUM_PAGES bound to: 32'sb00000000000000000000000010000000 
	Parameter VPN_WIDTH bound to: 32'sb00000000000000000000000000000111 
	Parameter PPN_WIDTH bound to: 32'sb00000000000000000000000000010100 
INFO: [Synth 8-6157] synthesizing module 'page_table' [/home/lahiruni/Downloads/Quadramind_DNN_Accelerator-fix-chooser-accuracy/Integrated_Simulator_Backup_updated/sim_framework/rtl/memory/paged_table.v:3]
	Parameter VADDR_WIDTH bound to: 32 - type: integer 
	Parameter PADDR_WIDTH bound to: 32 - type: integer 
	Parameter PAGE_SIZE_BITS bound to: 12 - type: integer 
	Parameter NUM_PAGES bound to: 128 - type: integer 
	Parameter VPN_WIDTH bound to: 7 - type: integer 
	Parameter PPN_WIDTH bound to: 20 - type: integer 
INFO: [Synth 8-6155] done synthesizing module 'page_table' (0#1) [/home/lahiruni/Downloads/Quadramind_DNN_Accelerator-fix-chooser-accuracy/Integrated_Simulator_Backup_updated/sim_framework/rtl/memory/paged_table.v:3]
INFO: [Synth 8-6155] done synthesizing module 'paged_mgmt_wrap' (0#1) [/home/lahiruni/Downloads/Quadramind_DNN_Accelerator-fix-chooser-accuracy/Integrated_Simulator_Backup_updated/static_hash_and_tagless_memory/synth/paged_mgmt_wrap.sv:21]
WARNING: [Synth 8-7129] Port vaddr[31] in module page_table is either unconnected or has no load
WARNING: [Synth 8-7129] Port vaddr[30] in module page_table is either unconnected or has no load
WARNING: [Synth 8-7129] Port vaddr[29] in module page_table is either unconnected or has no load
WARNING: [Synth 8-7129] Port vaddr[28] in module page_table is either unconnected or has no load
WARNING: [Synth 8-7129] Port vaddr[27] in module page_table is either unconnected or has no load
WARNING: [Synth 8-7129] Port vaddr[26] in module page_table is either unconnected or has no load
WARNING: [Synth 8-7129] Port vaddr[25] in module page_table is either unconnected or has no load
WARNING: [Synth 8-7129] Port vaddr[24] in module page_table is either unconnected or has no load
WARNING: [Synth 8-7129] Port vaddr[23] in module page_table is either unconnected or has no load
WARNING: [Synth 8-7129] Port vaddr[22] in module page_table is either unconnected or has no load
WARNING: [Synth 8-7129] Port vaddr[21] in module page_table is either unconnected or has no load
WARNING: [Synth 8-7129] Port vaddr[20] in module page_table is either unconnected or has no load
WARNING: [Synth 8-7129] Port vaddr[19] in module page_table is either unconnected or has no load
---------------------------------------------------------------------------------
Finished Synthesize : Time (s): cpu = 00:00:06 ; elapsed = 00:00:06 . Memory (MB): peak = 2163.754 ; gain = 534.922 ; free physical = 10013 ; free virtual = 14171
---------------------------------------------------------------------------------
---------------------------------------------------------------------------------
Finished Constraint Validation : Time (s): cpu = 00:00:06 ; elapsed = 00:00:07 . Memory (MB): peak = 2178.598 ; gain = 549.766 ; free physical = 10019 ; free virtual = 14176
---------------------------------------------------------------------------------
---------------------------------------------------------------------------------
Start Loading Part and Timing Information
---------------------------------------------------------------------------------
Loading part: xczu7ev-ffvc1156-2-e
INFO: [Synth 8-6742] Reading net delay rules and data
INFO: [Device 21-403] Loading part xczu7ev-ffvc1156-2-e
---------------------------------------------------------------------------------
Finished Loading Part and Timing Information : Time (s): cpu = 00:00:06 ; elapsed = 00:00:07 . Memory (MB): peak = 2184.535 ; gain = 555.703 ; free physical = 10019 ; free virtual = 14176
---------------------------------------------------------------------------------
---------------------------------------------------------------------------------
Finished RTL Optimization Phase 2 : Time (s): cpu = 00:00:08 ; elapsed = 00:00:07 . Memory (MB): peak = 2192.543 ; gain = 563.711 ; free physical = 10019 ; free virtual = 14178
---------------------------------------------------------------------------------
No constraint files found.
---------------------------------------------------------------------------------
Start RTL Component Statistics 
---------------------------------------------------------------------------------
Detailed RTL Component Info : 
+---Adders : 
	   2 Input   32 Bit       Adders := 2     
	   4 Input    3 Bit       Adders := 2     
+---Registers : 
	               32 Bit    Registers := 2     
	               20 Bit    Registers := 512   
	                1 Bit    Registers := 512   
+---Muxes : 
	   2 Input   32 Bit        Muxes := 4     
---------------------------------------------------------------------------------
Finished RTL Component Statistics 
---------------------------------------------------------------------------------
---------------------------------------------------------------------------------
Start Part Resource Summary
---------------------------------------------------------------------------------
Part Resources:
DSPs: 1728 (col length:144)
BRAMs: 624 (col length: RAMB18 144 RAMB36 72)
---------------------------------------------------------------------------------
Finished Part Resource Summary
---------------------------------------------------------------------------------
No constraint files found.
---------------------------------------------------------------------------------
Start Cross Boundary and Area Optimization
---------------------------------------------------------------------------------
WARNING: [Synth 8-7129] Port vaddr[31] in module page_table is either unconnected or has no load
WARNING: [Synth 8-7129] Port vaddr[30] in module page_table is either unconnected or has no load
WARNING: [Synth 8-7129] Port vaddr[29] in module page_table is either unconnected or has no load
WARNING: [Synth 8-7129] Port vaddr[28] in module page_table is either unconnected or has no load
WARNING: [Synth 8-7129] Port vaddr[27] in module page_table is either unconnected or has no load
WARNING: [Synth 8-7129] Port vaddr[26] in module page_table is either unconnected or has no load
WARNING: [Synth 8-7129] Port vaddr[25] in module page_table is either unconnected or has no load
WARNING: [Synth 8-7129] Port vaddr[24] in module page_table is either unconnected or has no load
WARNING: [Synth 8-7129] Port vaddr[23] in module page_table is either unconnected or has no load
WARNING: [Synth 8-7129] Port vaddr[22] in module page_table is either unconnected or has no load
WARNING: [Synth 8-7129] Port vaddr[21] in module page_table is either unconnected or has no load
WARNING: [Synth 8-7129] Port vaddr[20] in module page_table is either unconnected or has no load
WARNING: [Synth 8-7129] Port vaddr[19] in module page_table is either unconnected or has no load
---------------------------------------------------------------------------------
Finished Cross Boundary and Area Optimization : Time (s): cpu = 00:00:23 ; elapsed = 00:00:23 . Memory (MB): peak = 3130.801 ; gain = 1501.969 ; free physical = 9250 ; free virtual = 13426
---------------------------------------------------------------------------------
No constraint files found.
---------------------------------------------------------------------------------
Start Timing Optimization
---------------------------------------------------------------------------------
---------------------------------------------------------------------------------
Finished Timing Optimization : Time (s): cpu = 00:00:24 ; elapsed = 00:00:24 . Memory (MB): peak = 3130.801 ; gain = 1501.969 ; free physical = 9245 ; free virtual = 13424
---------------------------------------------------------------------------------
---------------------------------------------------------------------------------
Start Technology Mapping
---------------------------------------------------------------------------------
---------------------------------------------------------------------------------
Finished Technology Mapping : Time (s): cpu = 00:00:26 ; elapsed = 00:00:26 . Memory (MB): peak = 3130.801 ; gain = 1501.969 ; free physical = 9243 ; free virtual = 13414
---------------------------------------------------------------------------------
---------------------------------------------------------------------------------
Start IO Insertion
---------------------------------------------------------------------------------
---------------------------------------------------------------------------------
Start Flattening Before IO Insertion
---------------------------------------------------------------------------------
---------------------------------------------------------------------------------
Finished Flattening Before IO Insertion
---------------------------------------------------------------------------------
---------------------------------------------------------------------------------
Start Final Netlist Cleanup
---------------------------------------------------------------------------------
---------------------------------------------------------------------------------
Finished Final Netlist Cleanup
---------------------------------------------------------------------------------
---------------------------------------------------------------------------------
Finished IO Insertion : Time (s): cpu = 00:00:29 ; elapsed = 00:00:29 . Memory (MB): peak = 3177.613 ; gain = 1548.781 ; free physical = 9215 ; free virtual = 13385
---------------------------------------------------------------------------------
---------------------------------------------------------------------------------
Start Renaming Generated Instances
---------------------------------------------------------------------------------
---------------------------------------------------------------------------------
Finished Renaming Generated Instances : Time (s): cpu = 00:00:29 ; elapsed = 00:00:29 . Memory (MB): peak = 3177.613 ; gain = 1548.781 ; free physical = 9215 ; free virtual = 13383
---------------------------------------------------------------------------------
---------------------------------------------------------------------------------
Start Rebuilding User Hierarchy
---------------------------------------------------------------------------------
---------------------------------------------------------------------------------
Finished Rebuilding User Hierarchy : Time (s): cpu = 00:00:29 ; elapsed = 00:00:30 . Memory (MB): peak = 3177.613 ; gain = 1548.781 ; free physical = 9214 ; free virtual = 13383
---------------------------------------------------------------------------------
---------------------------------------------------------------------------------
Start Renaming Generated Ports
---------------------------------------------------------------------------------
---------------------------------------------------------------------------------
Finished Renaming Generated Ports : Time (s): cpu = 00:00:29 ; elapsed = 00:00:30 . Memory (MB): peak = 3177.613 ; gain = 1548.781 ; free physical = 9214 ; free virtual = 13383
---------------------------------------------------------------------------------
---------------------------------------------------------------------------------
Start Handling Custom Attributes
---------------------------------------------------------------------------------
---------------------------------------------------------------------------------
Finished Handling Custom Attributes : Time (s): cpu = 00:00:29 ; elapsed = 00:00:30 . Memory (MB): peak = 3177.613 ; gain = 1548.781 ; free physical = 9218 ; free virtual = 13387
---------------------------------------------------------------------------------
---------------------------------------------------------------------------------
Start Renaming Generated Nets
---------------------------------------------------------------------------------
---------------------------------------------------------------------------------
Finished Renaming Generated Nets : Time (s): cpu = 00:00:29 ; elapsed = 00:00:30 . Memory (MB): peak = 3177.613 ; gain = 1548.781 ; free physical = 9224 ; free virtual = 13393
---------------------------------------------------------------------------------
---------------------------------------------------------------------------------
Start Writing Synthesis Report
---------------------------------------------------------------------------------

Report BlackBoxes: 
+-+--------------+----------+
| |BlackBox name |Instances |
+-+--------------+----------+
+-+--------------+----------+

Report Cell Usage: 
+------+-------+------+
|      |Cell   |Count |
+------+-------+------+
|1     |CARRY8 |     8|
|2     |LUT1   |     1|
|3     |LUT2   |    48|
|4     |LUT4   |    88|
|5     |LUT5   |   134|
|6     |LUT6   |  2856|
|7     |MUXF7  |  1348|
|8     |MUXF8  |   672|
|9     |FDCE   |  2752|
+------+-------+------+

Report Instance Areas: 
+------+-----------------+-----------+------+
|      |Instance         |Module     |Cells |
+------+-----------------+-----------+------+
|1     |top              |           |  7907|
|2     |  \g_pt[0].u_pt  |page_table |  7843|
+------+-----------------+-----------+------+
---------------------------------------------------------------------------------
Finished Writing Synthesis Report : Time (s): cpu = 00:00:29 ; elapsed = 00:00:30 . Memory (MB): peak = 3177.613 ; gain = 1548.781 ; free physical = 9224 ; free virtual = 13393
---------------------------------------------------------------------------------
Synthesis finished with 0 errors, 0 critical warnings and 26 warnings.
Synthesis Optimization Runtime : Time (s): cpu = 00:00:29 ; elapsed = 00:00:30 . Memory (MB): peak = 3177.613 ; gain = 1548.781 ; free physical = 9224 ; free virtual = 13393
Synthesis Optimization Complete : Time (s): cpu = 00:00:29 ; elapsed = 00:00:30 . Memory (MB): peak = 3177.621 ; gain = 1548.781 ; free physical = 9224 ; free virtual = 13393
INFO: [Project 1-571] Translating synthesized netlist
Netlist sorting complete. Time (s): cpu = 00:00:00.04 ; elapsed = 00:00:00.04 . Memory (MB): peak = 3203.457 ; gain = 0.000 ; free physical = 9349 ; free virtual = 13517
INFO: [Netlist 29-17] Analyzing 2028 Unisim elements for replacement
INFO: [Netlist 29-28] Unisim Transformation completed in 0 CPU seconds
WARNING: [Netlist 29-101] Netlist 'paged_mgmt_wrap' is not ideal for floorplanning, since the cellview 'page_table' contains a large number of primitives.  Please consider enabling hierarchy in synthesis if you want to do floorplanning.
INFO: [Project 1-570] Preparing netlist for logic optimization
INFO: [Opt 31-138] Pushed 0 inverter(s) to 0 load pin(s).
Netlist sorting complete. Time (s): cpu = 00:00:00 ; elapsed = 00:00:00 . Memory (MB): peak = 3325.008 ; gain = 0.000 ; free physical = 9277 ; free virtual = 13446
INFO: [Project 1-111] Unisim Transformation Summary:
No Unisim elements were transformed.

Synth Design complete | Checksum: c47f9e2e
INFO: [Common 17-83] Releasing license: Synthesis
17 Infos, 27 Warnings, 0 Critical Warnings and 0 Errors encountered.
synth_design completed successfully
synth_design: Time (s): cpu = 00:00:37 ; elapsed = 00:00:34 . Memory (MB): peak = 3325.043 ; gain = 1696.211 ; free physical = 9269 ; free virtual = 13444
INFO: [Common 17-2834] synth_design peak Physical Memory [PSS] (MB): overall = 2728.978; main = 2719.928; forked = 335.585
INFO: [Common 17-2834] synth_design peak Virtual Memory [VSS] (MB): overall = 4117.367; main = 3325.012; forked = 986.562
create_clock: Time (s): cpu = 00:00:05 ; elapsed = 00:00:05 . Memory (MB): peak = 3325.043 ; gain = 0.000 ; free physical = 9311 ; free virtual = 13488
  -> LUT=3074  FF=2752  BRAM=0  LUTRAM=0  WNS=8.361ns  Fmax=610.1281269066507MHz

==========================================================
  Synthesising paged_mgmt_p256  (top = paged_mgmt_wrap)
==========================================================
Command: synth_design -top paged_mgmt_wrap -part xczu7ev-ffvc1156-2-e -mode out_of_context -generic {N_PORTS=4 NUM_PAGES=256 VPN_WIDTH=8 PPN_WIDTH=20} -no_iobuf
Starting synth_design
Attempting to get a license for feature 'Synthesis' and/or device 'xczu7ev'
INFO: [Common 17-349] Got license for feature 'Synthesis' and/or device 'xczu7ev'
INFO: [Synth 8-7079] Multithreading enabled for synth_design using a maximum of 7 processes.
---------------------------------------------------------------------------------
Starting Synthesize : Time (s): cpu = 00:00:04 ; elapsed = 00:00:04 . Memory (MB): peak = 4507.492 ; gain = 0.000 ; free physical = 8157 ; free virtual = 12318
---------------------------------------------------------------------------------
INFO: [Synth 8-6157] synthesizing module 'paged_mgmt_wrap' [/home/lahiruni/Downloads/Quadramind_DNN_Accelerator-fix-chooser-accuracy/Integrated_Simulator_Backup_updated/static_hash_and_tagless_memory/synth/paged_mgmt_wrap.sv:21]
	Parameter N_PORTS bound to: 32'sb00000000000000000000000000000100 
	Parameter NUM_PAGES bound to: 32'sb00000000000000000000000100000000 
	Parameter VPN_WIDTH bound to: 32'sb00000000000000000000000000001000 
	Parameter PPN_WIDTH bound to: 32'sb00000000000000000000000000010100 
INFO: [Synth 8-6157] synthesizing module 'page_table' [/home/lahiruni/Downloads/Quadramind_DNN_Accelerator-fix-chooser-accuracy/Integrated_Simulator_Backup_updated/sim_framework/rtl/memory/paged_table.v:3]
	Parameter VADDR_WIDTH bound to: 32 - type: integer 
	Parameter PADDR_WIDTH bound to: 32 - type: integer 
	Parameter PAGE_SIZE_BITS bound to: 12 - type: integer 
	Parameter NUM_PAGES bound to: 256 - type: integer 
	Parameter VPN_WIDTH bound to: 8 - type: integer 
	Parameter PPN_WIDTH bound to: 20 - type: integer 
INFO: [Synth 8-6155] done synthesizing module 'page_table' (0#1) [/home/lahiruni/Downloads/Quadramind_DNN_Accelerator-fix-chooser-accuracy/Integrated_Simulator_Backup_updated/sim_framework/rtl/memory/paged_table.v:3]
INFO: [Synth 8-6155] done synthesizing module 'paged_mgmt_wrap' (0#1) [/home/lahiruni/Downloads/Quadramind_DNN_Accelerator-fix-chooser-accuracy/Integrated_Simulator_Backup_updated/static_hash_and_tagless_memory/synth/paged_mgmt_wrap.sv:21]
WARNING: [Synth 8-7129] Port vaddr[31] in module page_table is either unconnected or has no load
WARNING: [Synth 8-7129] Port vaddr[30] in module page_table is either unconnected or has no load
WARNING: [Synth 8-7129] Port vaddr[29] in module page_table is either unconnected or has no load
WARNING: [Synth 8-7129] Port vaddr[28] in module page_table is either unconnected or has no load
WARNING: [Synth 8-7129] Port vaddr[27] in module page_table is either unconnected or has no load
WARNING: [Synth 8-7129] Port vaddr[26] in module page_table is either unconnected or has no load
WARNING: [Synth 8-7129] Port vaddr[25] in module page_table is either unconnected or has no load
WARNING: [Synth 8-7129] Port vaddr[24] in module page_table is either unconnected or has no load
WARNING: [Synth 8-7129] Port vaddr[23] in module page_table is either unconnected or has no load
WARNING: [Synth 8-7129] Port vaddr[22] in module page_table is either unconnected or has no load
WARNING: [Synth 8-7129] Port vaddr[21] in module page_table is either unconnected or has no load
WARNING: [Synth 8-7129] Port vaddr[20] in module page_table is either unconnected or has no load
---------------------------------------------------------------------------------
Finished Synthesize : Time (s): cpu = 00:00:06 ; elapsed = 00:00:06 . Memory (MB): peak = 4507.492 ; gain = 0.000 ; free physical = 8136 ; free virtual = 12309
---------------------------------------------------------------------------------
---------------------------------------------------------------------------------
Finished Constraint Validation : Time (s): cpu = 00:00:06 ; elapsed = 00:00:06 . Memory (MB): peak = 4507.492 ; gain = 0.000 ; free physical = 8163 ; free virtual = 12336
---------------------------------------------------------------------------------
---------------------------------------------------------------------------------
Start Loading Part and Timing Information
---------------------------------------------------------------------------------
Loading part: xczu7ev-ffvc1156-2-e
INFO: [Synth 8-6742] Reading net delay rules and data
---------------------------------------------------------------------------------
Finished Loading Part and Timing Information : Time (s): cpu = 00:00:06 ; elapsed = 00:00:06 . Memory (MB): peak = 4507.492 ; gain = 0.000 ; free physical = 8163 ; free virtual = 12336
---------------------------------------------------------------------------------
---------------------------------------------------------------------------------
Finished RTL Optimization Phase 2 : Time (s): cpu = 00:00:07 ; elapsed = 00:00:07 . Memory (MB): peak = 4507.492 ; gain = 0.000 ; free physical = 8148 ; free virtual = 12328
---------------------------------------------------------------------------------
No constraint files found.
---------------------------------------------------------------------------------
Start RTL Component Statistics 
---------------------------------------------------------------------------------
Detailed RTL Component Info : 
+---Adders : 
	   2 Input   32 Bit       Adders := 2     
	   4 Input    3 Bit       Adders := 2     
+---Registers : 
	               32 Bit    Registers := 2     
	               20 Bit    Registers := 1024  
	                1 Bit    Registers := 1024  
+---Muxes : 
	   2 Input   32 Bit        Muxes := 4     
---------------------------------------------------------------------------------
Finished RTL Component Statistics 
---------------------------------------------------------------------------------
---------------------------------------------------------------------------------
Start Part Resource Summary
---------------------------------------------------------------------------------
Part Resources:
DSPs: 1728 (col length:144)
BRAMs: 624 (col length: RAMB18 144 RAMB36 72)
---------------------------------------------------------------------------------
Finished Part Resource Summary
---------------------------------------------------------------------------------
No constraint files found.
---------------------------------------------------------------------------------
Start Cross Boundary and Area Optimization
---------------------------------------------------------------------------------
---------------------------------------------------------------------------------
Finished Cross Boundary and Area Optimization : Time (s): cpu = 00:00:14 ; elapsed = 00:00:14 . Memory (MB): peak = 4507.492 ; gain = 0.000 ; free physical = 8226 ; free virtual = 12396
---------------------------------------------------------------------------------
No constraint files found.
---------------------------------------------------------------------------------
Start Timing Optimization
---------------------------------------------------------------------------------
---------------------------------------------------------------------------------
Finished Timing Optimization : Time (s): cpu = 00:00:14 ; elapsed = 00:00:14 . Memory (MB): peak = 4507.492 ; gain = 0.000 ; free physical = 8226 ; free virtual = 12395
---------------------------------------------------------------------------------
---------------------------------------------------------------------------------
Start Technology Mapping
---------------------------------------------------------------------------------
---------------------------------------------------------------------------------
Finished Technology Mapping : Time (s): cpu = 00:00:15 ; elapsed = 00:00:16 . Memory (MB): peak = 4507.492 ; gain = 0.000 ; free physical = 8234 ; free virtual = 12404
---------------------------------------------------------------------------------
---------------------------------------------------------------------------------
Start IO Insertion
---------------------------------------------------------------------------------
---------------------------------------------------------------------------------
Start Flattening Before IO Insertion
---------------------------------------------------------------------------------
---------------------------------------------------------------------------------
Finished Flattening Before IO Insertion
---------------------------------------------------------------------------------
---------------------------------------------------------------------------------
Start Final Netlist Cleanup
---------------------------------------------------------------------------------
---------------------------------------------------------------------------------
Finished Final Netlist Cleanup
---------------------------------------------------------------------------------
---------------------------------------------------------------------------------
Finished IO Insertion : Time (s): cpu = 00:00:19 ; elapsed = 00:00:20 . Memory (MB): peak = 4507.492 ; gain = 0.000 ; free physical = 8260 ; free virtual = 12430
---------------------------------------------------------------------------------
---------------------------------------------------------------------------------
Start Renaming Generated Instances
---------------------------------------------------------------------------------
---------------------------------------------------------------------------------
Finished Renaming Generated Instances : Time (s): cpu = 00:00:19 ; elapsed = 00:00:20 . Memory (MB): peak = 4507.492 ; gain = 0.000 ; free physical = 8260 ; free virtual = 12430
---------------------------------------------------------------------------------
---------------------------------------------------------------------------------
Start Rebuilding User Hierarchy
---------------------------------------------------------------------------------
---------------------------------------------------------------------------------
Finished Rebuilding User Hierarchy : Time (s): cpu = 00:00:19 ; elapsed = 00:00:20 . Memory (MB): peak = 4507.492 ; gain = 0.000 ; free physical = 8261 ; free virtual = 12430
---------------------------------------------------------------------------------
---------------------------------------------------------------------------------
Start Renaming Generated Ports
---------------------------------------------------------------------------------
---------------------------------------------------------------------------------
Finished Renaming Generated Ports : Time (s): cpu = 00:00:19 ; elapsed = 00:00:20 . Memory (MB): peak = 4507.492 ; gain = 0.000 ; free physical = 8261 ; free virtual = 12430
---------------------------------------------------------------------------------
---------------------------------------------------------------------------------
Start Handling Custom Attributes
---------------------------------------------------------------------------------
---------------------------------------------------------------------------------
Finished Handling Custom Attributes : Time (s): cpu = 00:00:19 ; elapsed = 00:00:20 . Memory (MB): peak = 4507.492 ; gain = 0.000 ; free physical = 8261 ; free virtual = 12430
---------------------------------------------------------------------------------
---------------------------------------------------------------------------------
Start Renaming Generated Nets
---------------------------------------------------------------------------------
---------------------------------------------------------------------------------
Finished Renaming Generated Nets : Time (s): cpu = 00:00:19 ; elapsed = 00:00:20 . Memory (MB): peak = 4507.492 ; gain = 0.000 ; free physical = 8261 ; free virtual = 12430
---------------------------------------------------------------------------------
---------------------------------------------------------------------------------
Start Writing Synthesis Report
---------------------------------------------------------------------------------

Report BlackBoxes: 
+-+--------------+----------+
| |BlackBox name |Instances |
+-+--------------+----------+
+-+--------------+----------+

Report Cell Usage: 
+------+-------+------+
|      |Cell   |Count |
+------+-------+------+
|1     |CARRY8 |     8|
|2     |LUT1   |     1|
|3     |LUT5   |   358|
|4     |LUT6   |  5760|
|5     |MUXF7  |  2856|
|6     |MUXF8  |  1348|
|7     |FDCE   |  5440|
+------+-------+------+
---------------------------------------------------------------------------------
Finished Writing Synthesis Report : Time (s): cpu = 00:00:19 ; elapsed = 00:00:20 . Memory (MB): peak = 4507.492 ; gain = 0.000 ; free physical = 8261 ; free virtual = 12430
---------------------------------------------------------------------------------
Synthesis finished with 0 errors, 0 critical warnings and 12 warnings.
Synthesis Optimization Runtime : Time (s): cpu = 00:00:19 ; elapsed = 00:00:20 . Memory (MB): peak = 4507.492 ; gain = 0.000 ; free physical = 8261 ; free virtual = 12430
Synthesis Optimization Complete : Time (s): cpu = 00:00:19 ; elapsed = 00:00:20 . Memory (MB): peak = 4507.492 ; gain = 0.000 ; free physical = 8261 ; free virtual = 12430
INFO: [Project 1-571] Translating synthesized netlist
Netlist sorting complete. Time (s): cpu = 00:00:00.1 ; elapsed = 00:00:00.09 . Memory (MB): peak = 4507.492 ; gain = 0.000 ; free physical = 8428 ; free virtual = 12598
INFO: [Netlist 29-17] Analyzing 4212 Unisim elements for replacement
INFO: [Netlist 29-28] Unisim Transformation completed in 0 CPU seconds
WARNING: [Netlist 29-101] Netlist 'paged_mgmt_wrap' is not ideal for floorplanning, since the cellview 'page_table' contains a large number of primitives.  Please consider enabling hierarchy in synthesis if you want to do floorplanning.
INFO: [Project 1-570] Preparing netlist for logic optimization
INFO: [Opt 31-138] Pushed 0 inverter(s) to 0 load pin(s).
Netlist sorting complete. Time (s): cpu = 00:00:00 ; elapsed = 00:00:00 . Memory (MB): peak = 4507.492 ; gain = 0.000 ; free physical = 8440 ; free virtual = 12610
INFO: [Project 1-111] Unisim Transformation Summary:
No Unisim elements were transformed.

Synth Design complete | Checksum: 2b79ea6f
INFO: [Common 17-83] Releasing license: Synthesis
14 Infos, 13 Warnings, 0 Critical Warnings and 0 Errors encountered.
synth_design completed successfully
synth_design: Time (s): cpu = 00:00:27 ; elapsed = 00:00:24 . Memory (MB): peak = 4507.492 ; gain = 0.000 ; free physical = 8440 ; free virtual = 12610
INFO: [Common 17-2834] synth_design peak Physical Memory [PSS] (MB): overall = 3779.426; main = 3613.693; forked = 335.205
INFO: [Common 17-2834] synth_design peak Virtual Memory [VSS] (MB): overall = 5420.371; main = 4433.809; forked = 986.562
create_clock: Time (s): cpu = 00:00:05 ; elapsed = 00:00:05 . Memory (MB): peak = 4507.492 ; gain = 0.000 ; free physical = 8457 ; free virtual = 12627
  -> LUT=6110  FF=5440  BRAM=0  LUTRAM=0  WNS=8.317ns  Fmax=594.1770647653001MHz

==========================================================
  Synthesising paged_mgmt_p512  (top = paged_mgmt_wrap)
==========================================================
Command: synth_design -top paged_mgmt_wrap -part xczu7ev-ffvc1156-2-e -mode out_of_context -generic {N_PORTS=4 NUM_PAGES=512 VPN_WIDTH=9 PPN_WIDTH=20} -no_iobuf
Starting synth_design
Attempting to get a license for feature 'Synthesis' and/or device 'xczu7ev'
INFO: [Common 17-349] Got license for feature 'Synthesis' and/or device 'xczu7ev'
INFO: [Synth 8-7079] Multithreading enabled for synth_design using a maximum of 7 processes.
---------------------------------------------------------------------------------
Starting Synthesize : Time (s): cpu = 00:00:04 ; elapsed = 00:00:04 . Memory (MB): peak = 4515.496 ; gain = 0.000 ; free physical = 8029 ; free virtual = 12201
---------------------------------------------------------------------------------
INFO: [Synth 8-6157] synthesizing module 'paged_mgmt_wrap' [/home/lahiruni/Downloads/Quadramind_DNN_Accelerator-fix-chooser-accuracy/Integrated_Simulator_Backup_updated/static_hash_and_tagless_memory/synth/paged_mgmt_wrap.sv:21]
	Parameter N_PORTS bound to: 32'sb00000000000000000000000000000100 
	Parameter NUM_PAGES bound to: 32'sb00000000000000000000001000000000 
	Parameter VPN_WIDTH bound to: 32'sb00000000000000000000000000001001 
	Parameter PPN_WIDTH bound to: 32'sb00000000000000000000000000010100 
INFO: [Synth 8-6157] synthesizing module 'page_table' [/home/lahiruni/Downloads/Quadramind_DNN_Accelerator-fix-chooser-accuracy/Integrated_Simulator_Backup_updated/sim_framework/rtl/memory/paged_table.v:3]
	Parameter VADDR_WIDTH bound to: 32 - type: integer 
	Parameter PADDR_WIDTH bound to: 32 - type: integer 
	Parameter PAGE_SIZE_BITS bound to: 12 - type: integer 
	Parameter NUM_PAGES bound to: 512 - type: integer 
	Parameter VPN_WIDTH bound to: 9 - type: integer 
	Parameter PPN_WIDTH bound to: 20 - type: integer 
INFO: [Synth 8-6155] done synthesizing module 'page_table' (0#1) [/home/lahiruni/Downloads/Quadramind_DNN_Accelerator-fix-chooser-accuracy/Integrated_Simulator_Backup_updated/sim_framework/rtl/memory/paged_table.v:3]
INFO: [Synth 8-6155] done synthesizing module 'paged_mgmt_wrap' (0#1) [/home/lahiruni/Downloads/Quadramind_DNN_Accelerator-fix-chooser-accuracy/Integrated_Simulator_Backup_updated/static_hash_and_tagless_memory/synth/paged_mgmt_wrap.sv:21]
WARNING: [Synth 8-7129] Port vaddr[31] in module page_table is either unconnected or has no load
WARNING: [Synth 8-7129] Port vaddr[30] in module page_table is either unconnected or has no load
WARNING: [Synth 8-7129] Port vaddr[29] in module page_table is either unconnected or has no load
WARNING: [Synth 8-7129] Port vaddr[28] in module page_table is either unconnected or has no load
WARNING: [Synth 8-7129] Port vaddr[27] in module page_table is either unconnected or has no load
WARNING: [Synth 8-7129] Port vaddr[26] in module page_table is either unconnected or has no load
WARNING: [Synth 8-7129] Port vaddr[25] in module page_table is either unconnected or has no load
WARNING: [Synth 8-7129] Port vaddr[24] in module page_table is either unconnected or has no load
WARNING: [Synth 8-7129] Port vaddr[23] in module page_table is either unconnected or has no load
WARNING: [Synth 8-7129] Port vaddr[22] in module page_table is either unconnected or has no load
WARNING: [Synth 8-7129] Port vaddr[21] in module page_table is either unconnected or has no load
---------------------------------------------------------------------------------
Finished Synthesize : Time (s): cpu = 00:00:06 ; elapsed = 00:00:06 . Memory (MB): peak = 4515.496 ; gain = 0.000 ; free physical = 8054 ; free virtual = 12225
---------------------------------------------------------------------------------
---------------------------------------------------------------------------------
Finished Constraint Validation : Time (s): cpu = 00:00:06 ; elapsed = 00:00:07 . Memory (MB): peak = 4515.496 ; gain = 0.000 ; free physical = 8076 ; free virtual = 12247
---------------------------------------------------------------------------------
---------------------------------------------------------------------------------
Start Loading Part and Timing Information
---------------------------------------------------------------------------------
Loading part: xczu7ev-ffvc1156-2-e
INFO: [Synth 8-6742] Reading net delay rules and data
---------------------------------------------------------------------------------
Finished Loading Part and Timing Information : Time (s): cpu = 00:00:06 ; elapsed = 00:00:07 . Memory (MB): peak = 4515.496 ; gain = 0.000 ; free physical = 8076 ; free virtual = 12247
---------------------------------------------------------------------------------
---------------------------------------------------------------------------------
Finished RTL Optimization Phase 2 : Time (s): cpu = 00:00:09 ; elapsed = 00:00:09 . Memory (MB): peak = 4515.496 ; gain = 0.000 ; free physical = 8075 ; free virtual = 12248
---------------------------------------------------------------------------------
No constraint files found.
---------------------------------------------------------------------------------
Start RTL Component Statistics 
---------------------------------------------------------------------------------
Detailed RTL Component Info : 
+---Adders : 
	   2 Input   32 Bit       Adders := 2     
	   4 Input    3 Bit       Adders := 2     
+---Registers : 
	               32 Bit    Registers := 2     
	               20 Bit    Registers := 2048  
	                1 Bit    Registers := 2048  
+---Muxes : 
	   2 Input   32 Bit        Muxes := 4     
---------------------------------------------------------------------------------
Finished RTL Component Statistics 
---------------------------------------------------------------------------------
---------------------------------------------------------------------------------
Start Part Resource Summary
---------------------------------------------------------------------------------
Part Resources:
DSPs: 1728 (col length:144)
BRAMs: 624 (col length: RAMB18 144 RAMB36 72)
---------------------------------------------------------------------------------
Finished Part Resource Summary
---------------------------------------------------------------------------------
No constraint files found.
---------------------------------------------------------------------------------
Start Cross Boundary and Area Optimization
---------------------------------------------------------------------------------
---------------------------------------------------------------------------------
Finished Cross Boundary and Area Optimization : Time (s): cpu = 00:00:18 ; elapsed = 00:00:18 . Memory (MB): peak = 4515.496 ; gain = 0.000 ; free physical = 8170 ; free virtual = 12347
---------------------------------------------------------------------------------
No constraint files found.
---------------------------------------------------------------------------------
Start Timing Optimization
---------------------------------------------------------------------------------
---------------------------------------------------------------------------------
Finished Timing Optimization : Time (s): cpu = 00:00:18 ; elapsed = 00:00:18 . Memory (MB): peak = 4515.496 ; gain = 0.000 ; free physical = 8170 ; free virtual = 12347
---------------------------------------------------------------------------------
---------------------------------------------------------------------------------
Start Technology Mapping
---------------------------------------------------------------------------------
---------------------------------------------------------------------------------
Finished Technology Mapping : Time (s): cpu = 00:00:22 ; elapsed = 00:00:22 . Memory (MB): peak = 4515.496 ; gain = 0.000 ; free physical = 8194 ; free virtual = 12368
---------------------------------------------------------------------------------
---------------------------------------------------------------------------------
Start IO Insertion
---------------------------------------------------------------------------------
---------------------------------------------------------------------------------
Start Flattening Before IO Insertion
---------------------------------------------------------------------------------
---------------------------------------------------------------------------------
Finished Flattening Before IO Insertion
---------------------------------------------------------------------------------
---------------------------------------------------------------------------------
Start Final Netlist Cleanup
---------------------------------------------------------------------------------
---------------------------------------------------------------------------------
Finished Final Netlist Cleanup
---------------------------------------------------------------------------------
---------------------------------------------------------------------------------
Finished IO Insertion : Time (s): cpu = 00:00:26 ; elapsed = 00:00:27 . Memory (MB): peak = 4515.496 ; gain = 0.000 ; free physical = 8190 ; free virtual = 12365
---------------------------------------------------------------------------------
---------------------------------------------------------------------------------
Start Renaming Generated Instances
---------------------------------------------------------------------------------
---------------------------------------------------------------------------------
Finished Renaming Generated Instances : Time (s): cpu = 00:00:26 ; elapsed = 00:00:27 . Memory (MB): peak = 4515.496 ; gain = 0.000 ; free physical = 8191 ; free virtual = 12366
---------------------------------------------------------------------------------
---------------------------------------------------------------------------------
Start Rebuilding User Hierarchy
---------------------------------------------------------------------------------
---------------------------------------------------------------------------------
Finished Rebuilding User Hierarchy : Time (s): cpu = 00:00:26 ; elapsed = 00:00:27 . Memory (MB): peak = 4515.496 ; gain = 0.000 ; free physical = 8190 ; free virtual = 12365
---------------------------------------------------------------------------------
---------------------------------------------------------------------------------
Start Renaming Generated Ports
---------------------------------------------------------------------------------
---------------------------------------------------------------------------------
Finished Renaming Generated Ports : Time (s): cpu = 00:00:26 ; elapsed = 00:00:27 . Memory (MB): peak = 4515.496 ; gain = 0.000 ; free physical = 8190 ; free virtual = 12365
---------------------------------------------------------------------------------
---------------------------------------------------------------------------------
Start Handling Custom Attributes
---------------------------------------------------------------------------------
---------------------------------------------------------------------------------
Finished Handling Custom Attributes : Time (s): cpu = 00:00:26 ; elapsed = 00:00:27 . Memory (MB): peak = 4515.496 ; gain = 0.000 ; free physical = 8190 ; free virtual = 12365
---------------------------------------------------------------------------------
---------------------------------------------------------------------------------
Start Renaming Generated Nets
---------------------------------------------------------------------------------
---------------------------------------------------------------------------------
Finished Renaming Generated Nets : Time (s): cpu = 00:00:27 ; elapsed = 00:00:27 . Memory (MB): peak = 4515.496 ; gain = 0.000 ; free physical = 8189 ; free virtual = 12364
---------------------------------------------------------------------------------
---------------------------------------------------------------------------------
Start Writing Synthesis Report
---------------------------------------------------------------------------------

Report BlackBoxes: 
+-+--------------+----------+
| |BlackBox name |Instances |
+-+--------------+----------+
+-+--------------+----------+

Report Cell Usage: 
+------+-------+------+
|      |Cell   |Count |
+------+-------+------+
|1     |CARRY8 |     8|
|2     |LUT1   |     1|
|3     |LUT5   |   598|
|4     |LUT6   | 11508|
|5     |MUXF7  |  5712|
|6     |MUXF8  |  2856|
|7     |FDCE   | 10816|
+------+-------+------+
---------------------------------------------------------------------------------
Finished Writing Synthesis Report : Time (s): cpu = 00:00:27 ; elapsed = 00:00:27 . Memory (MB): peak = 4515.496 ; gain = 0.000 ; free physical = 8189 ; free virtual = 12364
---------------------------------------------------------------------------------
Synthesis finished with 0 errors, 0 critical warnings and 11 warnings.
Synthesis Optimization Runtime : Time (s): cpu = 00:00:27 ; elapsed = 00:00:27 . Memory (MB): peak = 4515.496 ; gain = 0.000 ; free physical = 8189 ; free virtual = 12364
Synthesis Optimization Complete : Time (s): cpu = 00:00:27 ; elapsed = 00:00:27 . Memory (MB): peak = 4515.496 ; gain = 0.000 ; free physical = 8189 ; free virtual = 12364
INFO: [Project 1-571] Translating synthesized netlist
Netlist sorting complete. Time (s): cpu = 00:00:00.2 ; elapsed = 00:00:00.2 . Memory (MB): peak = 4515.496 ; gain = 0.000 ; free physical = 8365 ; free virtual = 12540
INFO: [Netlist 29-17] Analyzing 8576 Unisim elements for replacement
INFO: [Netlist 29-28] Unisim Transformation completed in 0 CPU seconds
WARNING: [Netlist 29-101] Netlist 'paged_mgmt_wrap' is not ideal for floorplanning, since the cellview 'page_table' contains a large number of primitives.  Please consider enabling hierarchy in synthesis if you want to do floorplanning.
INFO: [Project 1-570] Preparing netlist for logic optimization
INFO: [Opt 31-138] Pushed 0 inverter(s) to 0 load pin(s).
Netlist sorting complete. Time (s): cpu = 00:00:00.01 ; elapsed = 00:00:00.01 . Memory (MB): peak = 4515.496 ; gain = 0.000 ; free physical = 8367 ; free virtual = 12541
INFO: [Project 1-111] Unisim Transformation Summary:
No Unisim elements were transformed.

Synth Design complete | Checksum: fc6e0708
INFO: [Common 17-83] Releasing license: Synthesis
14 Infos, 12 Warnings, 0 Critical Warnings and 0 Errors encountered.
synth_design completed successfully
synth_design: Time (s): cpu = 00:00:36 ; elapsed = 00:00:34 . Memory (MB): peak = 4515.496 ; gain = 0.000 ; free physical = 8368 ; free virtual = 12541
INFO: [Common 17-2834] synth_design peak Physical Memory [PSS] (MB): overall = 3870.140; main = 3706.912; forked = 335.491
INFO: [Common 17-2834] synth_design peak Virtual Memory [VSS] (MB): overall = 5428.375; main = 4441.812; forked = 986.562
create_clock: Time (s): cpu = 00:00:05 ; elapsed = 00:00:05 . Memory (MB): peak = 4515.496 ; gain = 0.000 ; free physical = 8372 ; free virtual = 12545
  -> LUT=12106  FF=10816  BRAM=0  LUTRAM=0  WNS=8.121ns  Fmax=532.1979776476851MHz
# -----------------------------------------------------------------------------
invalid command name "-----------------------------------------------------------------------------"
    while executing
"-----------------------------------------------------------------------------"
    (file "../synth_area.tcl" line 169)
INFO: [Common 17-206] Exiting Vivado at Fri Aug  7 01:08:44 2026...
